rm -rf scripts/compile_vsim.tcl
rm -rf modelsim.ini
rm -rf transcript
rm -rf work*
mkdir -p scripts
echo 'set ROOT [file normalize [file dirname [info script]]/..]' > scripts/compile_vsim.tcl
bender script vsim --vlog-arg="-suppress vlog-2583 -suppress vlog-13314 -suppress vlog-13233 -timescale \"1 ns / 1 ps\" -work work" -t rtl -t test -t floo_test -t axi_mesh -t snitch_cluster -t idma_test  | grep -v "set ROOT" >> scripts/compile_vsim.tcl
echo >> scripts/compile_vsim.tcl
vsim -64 -c -do "source scripts/compile_vsim.tcl; quit"
Reading pref.tcl

# 10.7b_1

# source scripts/compile_vsim.tcl
# QuestaSim-64 vlog 10.7b_1 Compiler 2018.07 Jul 26 2018
# Start time: 13:00:22 on Jun 15,2026
# vlog -incr -sv -suppress vlog-2583 -suppress vlog-13314 -suppress vlog-13233 -timescale 1 ns / 1 ps -work work "+define+TARGET_AXI_MESH" "+define+TARGET_FLOO_TEST" "+define+TARGET_IDMA_TEST" "+define+TARGET_RTL" "+define+TARGET_SIMULATION" "+define+TARGET_SNITCH_CLUSTER" "+define+TARGET_TEST" "+define+TARGET_VSIM" /home/socmipo2/workspace_soc_daml/FlooNoC/.bender/git/checkouts/common_verification-917493fa67ec10f9/src/clk_rst_gen.sv /home/socmipo2/workspace_soc_daml/FlooNoC/.bender/git/checkouts/common_verification-917493fa67ec10f9/src/sim_timeout.sv /home/socmipo2/workspace_soc_daml/FlooNoC/.bender/git/checkouts/common_verification-917493fa67ec10f9/src/stream_watchdog.sv /home/socmipo2/workspace_soc_daml/FlooNoC/.bender/git/checkouts/common_verification-917493fa67ec10f9/src/signal_highlighter.sv 
# -- Compiling module clk_rst_gen
# -- Compiling module sim_timeout
# -- Compiling module stream_watchdog
# -- Compiling module signal_highlighter
# 
# Top level modules:
# 	clk_rst_gen
# 	sim_timeout
# 	stream_watchdog
# 	signal_highlighter
# End time: 13:00:22 on Jun 15,2026, Elapsed time: 0:00:00
# Errors: 0, Warnings: 0
# QuestaSim-64 vlog 10.7b_1 Compiler 2018.07 Jul 26 2018
# Start time: 13:00:22 on Jun 15,2026
# vlog -incr -sv -suppress vlog-2583 -suppress vlog-13314 -suppress vlog-13233 -timescale 1 ns / 1 ps -work work "+define+TARGET_AXI_MESH" "+define+TARGET_FLOO_TEST" "+define+TARGET_IDMA_TEST" "+define+TARGET_RTL" "+define+TARGET_SIMULATION" "+define+TARGET_SNITCH_CLUSTER" "+define+TARGET_TEST" "+define+TARGET_VSIM" /home/socmipo2/workspace_soc_daml/FlooNoC/.bender/git/checkouts/common_verification-917493fa67ec10f9/src/rand_id_queue.sv /home/socmipo2/workspace_soc_daml/FlooNoC/.bender/git/checkouts/common_verification-917493fa67ec10f9/src/rand_stream_mst.sv /home/socmipo2/workspace_soc_daml/FlooNoC/.bender/git/checkouts/common_verification-917493fa67ec10f9/src/rand_synch_holdable_driver.sv /home/socmipo2/workspace_soc_daml/FlooNoC/.bender/git/checkouts/common_verification-917493fa67ec10f9/src/rand_verif_pkg.sv /home/socmipo2/workspace_soc_daml/FlooNoC/.bender/git/checkouts/common_verification-917493fa67ec10f9/src/rand_synch_driver.sv /home/socmipo2/workspace_soc_daml/FlooNoC/.bender/git/checkouts/common_verification-917493fa67ec10f9/src/rand_stream_slv.sv 
# -- Compiling package rand_id_queue_pkg
# -- Compiling module rand_stream_mst
# -- Compiling module rand_synch_holdable_driver
# -- Compiling package rand_verif_pkg
# -- Compiling module rand_synch_driver
# -- Compiling module rand_stream_slv
# 
# Top level modules:
# 	rand_stream_mst
# 	rand_stream_slv
# End time: 13:00:22 on Jun 15,2026, Elapsed time: 0:00:00
# Errors: 0, Warnings: 0
# QuestaSim-64 vlog 10.7b_1 Compiler 2018.07 Jul 26 2018
# Start time: 13:00:22 on Jun 15,2026
# vlog -incr -sv -suppress vlog-2583 -suppress vlog-13314 -suppress vlog-13233 -timescale 1 ns / 1 ps -work work "+define+TARGET_AXI_MESH" "+define+TARGET_FLOO_TEST" "+define+TARGET_IDMA_TEST" "+define+TARGET_RTL" "+define+TARGET_SIMULATION" "+define+TARGET_SNITCH_CLUSTER" "+define+TARGET_TEST" "+define+TARGET_VSIM" /home/socmipo2/workspace_soc_daml/FlooNoC/.bender/git/checkouts/common_verification-917493fa67ec10f9/test/tb_clk_rst_gen.sv 
# -- Compiling module tb_clk_rst_gen
# 
# Top level modules:
# 	tb_clk_rst_gen
# End time: 13:00:22 on Jun 15,2026, Elapsed time: 0:00:00
# Errors: 0, Warnings: 0
# QuestaSim-64 vlog 10.7b_1 Compiler 2018.07 Jul 26 2018
# Start time: 13:00:22 on Jun 15,2026
# vlog -incr -sv -suppress vlog-2583 -suppress vlog-13314 -suppress vlog-13233 -timescale 1 ns / 1 ps -work work "+define+TARGET_AXI_MESH" "+define+TARGET_FLOO_TEST" "+define+TARGET_IDMA_TEST" "+define+TARGET_RTL" "+define+TARGET_SIMULATION" "+define+TARGET_SNITCH_CLUSTER" "+define+TARGET_TEST" "+define+TARGET_VSIM" /home/socmipo2/workspace_soc_daml/FlooNoC/.bender/git/checkouts/tech_cells_generic-b0f716d46ad601f4/src/rtl/tc_sram.sv /home/socmipo2/workspace_soc_daml/FlooNoC/.bender/git/checkouts/tech_cells_generic-b0f716d46ad601f4/src/rtl/tc_sram_impl.sv 
# -- Compiling module tc_sram
# -- Compiling module tc_sram_impl
# 
# Top level modules:
# 	tc_sram_impl
# End time: 13:00:22 on Jun 15,2026, Elapsed time: 0:00:00
# Errors: 0, Warnings: 0, Suppressed Warnings: 7
# QuestaSim-64 vlog 10.7b_1 Compiler 2018.07 Jul 26 2018
# Start time: 13:00:22 on Jun 15,2026
# vlog -incr -sv -suppress vlog-2583 -suppress vlog-13314 -suppress vlog-13233 -timescale 1 ns / 1 ps -work work "+define+TARGET_AXI_MESH" "+define+TARGET_FLOO_TEST" "+define+TARGET_IDMA_TEST" "+define+TARGET_RTL" "+define+TARGET_SIMULATION" "+define+TARGET_SNITCH_CLUSTER" "+define+TARGET_TEST" "+define+TARGET_VSIM" /home/socmipo2/workspace_soc_daml/FlooNoC/.bender/git/checkouts/tech_cells_generic-b0f716d46ad601f4/src/rtl/tc_clk.sv 
# -- Compiling module tc_clk_and2
# -- Compiling module tc_clk_buffer
# -- Compiling module tc_clk_gating
# -- Compiling module tc_clk_inverter
# -- Compiling module tc_clk_mux2
# -- Compiling module tc_clk_xor2
# -- Compiling module tc_clk_or2
# -- Compiling module tc_clk_delay
# 
# Top level modules:
# 	tc_clk_and2
# 	tc_clk_buffer
# 	tc_clk_gating
# 	tc_clk_inverter
# 	tc_clk_mux2
# 	tc_clk_xor2
# 	tc_clk_or2
# 	tc_clk_delay
# End time: 13:00:22 on Jun 15,2026, Elapsed time: 0:00:00
# Errors: 0, Warnings: 0
# QuestaSim-64 vlog 10.7b_1 Compiler 2018.07 Jul 26 2018
# Start time: 13:00:22 on Jun 15,2026
# vlog -incr -sv -suppress vlog-2583 -suppress vlog-13314 -suppress vlog-13233 -timescale 1 ns / 1 ps -work work "+define+TARGET_AXI_MESH" "+define+TARGET_FLOO_TEST" "+define+TARGET_IDMA_TEST" "+define+TARGET_RTL" "+define+TARGET_SIMULATION" "+define+TARGET_SNITCH_CLUSTER" "+define+TARGET_TEST" "+define+TARGET_VSIM" /home/socmipo2/workspace_soc_daml/FlooNoC/.bender/git/checkouts/tech_cells_generic-b0f716d46ad601f4/src/deprecated/cluster_pwr_cells.sv /home/socmipo2/workspace_soc_daml/FlooNoC/.bender/git/checkouts/tech_cells_generic-b0f716d46ad601f4/src/deprecated/generic_memory.sv /home/socmipo2/workspace_soc_daml/FlooNoC/.bender/git/checkouts/tech_cells_generic-b0f716d46ad601f4/src/deprecated/generic_rom.sv /home/socmipo2/workspace_soc_daml/FlooNoC/.bender/git/checkouts/tech_cells_generic-b0f716d46ad601f4/src/deprecated/pad_functional.sv /home/socmipo2/workspace_soc_daml/FlooNoC/.bender/git/checkouts/tech_cells_generic-b0f716d46ad601f4/src/deprecated/pulp_buffer.sv /home/socmipo2/workspace_soc_daml/FlooNoC/.bender/git/checkouts/tech_cells_generic-b0f716d46ad601f4/src/deprecated/pulp_pwr_cells.sv 
# -- Compiling module cluster_level_shifter_in
# -- Compiling module cluster_level_shifter_in_clamp
# -- Compiling module cluster_level_shifter_inout
# -- Compiling module cluster_level_shifter_out
# -- Compiling module cluster_level_shifter_out_clamp
# -- Compiling module generic_memory
# -- Compiling module generic_rom
# -- Compiling module pad_functional_pd
# -- Compiling module pad_functional_pu
# -- Compiling module pulp_buffer
# -- Compiling module pulp_level_shifter_in
# -- Compiling module pulp_level_shifter_in_clamp
# -- Compiling module pulp_level_shifter_inout
# -- Compiling module pulp_level_shifter_out
# -- Compiling module pulp_level_shifter_out_clamp
# -- Compiling module pulp_power_gating
# -- Compiling module pulp_isolation_0
# -- Compiling module pulp_isolation_1
# 
# Top level modules:
# 	cluster_level_shifter_in
# 	cluster_level_shifter_in_clamp
# 	cluster_level_shifter_inout
# 	cluster_level_shifter_out
# 	cluster_level_shifter_out_clamp
# 	generic_memory
# 	generic_rom
# 	pad_functional_pd
# 	pad_functional_pu
# 	pulp_buffer
# 	pulp_level_shifter_in
# 	pulp_level_shifter_in_clamp
# 	pulp_level_shifter_inout
# 	pulp_level_shifter_out
# 	pulp_level_shifter_out_clamp
# 	pulp_power_gating
# 	pulp_isolation_0
# 	pulp_isolation_1
# End time: 13:00:22 on Jun 15,2026, Elapsed time: 0:00:00
# Errors: 0, Warnings: 0
# QuestaSim-64 vlog 10.7b_1 Compiler 2018.07 Jul 26 2018
# Start time: 13:00:22 on Jun 15,2026
# vlog -incr -sv -suppress vlog-2583 -suppress vlog-13314 -suppress vlog-13233 -timescale 1 ns / 1 ps -work work "+define+TARGET_AXI_MESH" "+define+TARGET_FLOO_TEST" "+define+TARGET_IDMA_TEST" "+define+TARGET_RTL" "+define+TARGET_SIMULATION" "+define+TARGET_SNITCH_CLUSTER" "+define+TARGET_TEST" "+define+TARGET_VSIM" /home/socmipo2/workspace_soc_daml/FlooNoC/.bender/git/checkouts/tech_cells_generic-b0f716d46ad601f4/src/tc_pwr.sv 
# -- Compiling module tc_pwr_level_shifter_in
# -- Compiling module tc_pwr_level_shifter_in_clamp_lo
# -- Compiling module tc_pwr_level_shifter_in_clamp_hi
# -- Compiling module tc_pwr_level_shifter_out
# -- Compiling module tc_pwr_level_shifter_out_clamp_lo
# -- Compiling module tc_pwr_level_shifter_out_clamp_hi
# -- Compiling module tc_pwr_power_gating
# -- Compiling module tc_pwr_isolation_lo
# -- Compiling module tc_pwr_isolation_hi
# 
# Top level modules:
# 	tc_pwr_level_shifter_in
# 	tc_pwr_level_shifter_in_clamp_lo
# 	tc_pwr_level_shifter_in_clamp_hi
# 	tc_pwr_level_shifter_out
# 	tc_pwr_level_shifter_out_clamp_lo
# 	tc_pwr_level_shifter_out_clamp_hi
# 	tc_pwr_power_gating
# 	tc_pwr_isolation_lo
# 	tc_pwr_isolation_hi
# End time: 13:00:22 on Jun 15,2026, Elapsed time: 0:00:00
# Errors: 0, Warnings: 0
# QuestaSim-64 vlog 10.7b_1 Compiler 2018.07 Jul 26 2018
# Start time: 13:00:22 on Jun 15,2026
# vlog -incr -sv -suppress vlog-2583 -suppress vlog-13314 -suppress vlog-13233 -timescale 1 ns / 1 ps -work work "+define+TARGET_AXI_MESH" "+define+TARGET_FLOO_TEST" "+define+TARGET_IDMA_TEST" "+define+TARGET_RTL" "+define+TARGET_SIMULATION" "+define+TARGET_SNITCH_CLUSTER" "+define+TARGET_TEST" "+define+TARGET_VSIM" /home/socmipo2/workspace_soc_daml/FlooNoC/.bender/git/checkouts/tech_cells_generic-b0f716d46ad601f4/test/tb_tc_sram.sv 
# -- Compiling module tb_tc_sram
# 
# Top level modules:
# 	tb_tc_sram
# End time: 13:00:22 on Jun 15,2026, Elapsed time: 0:00:00
# Errors: 0, Warnings: 0
# QuestaSim-64 vlog 10.7b_1 Compiler 2018.07 Jul 26 2018
# Start time: 13:00:22 on Jun 15,2026
# vlog -incr -sv -suppress vlog-2583 -suppress vlog-13314 -suppress vlog-13233 -timescale 1 ns / 1 ps -work work "+define+TARGET_AXI_MESH" "+define+TARGET_FLOO_TEST" "+define+TARGET_IDMA_TEST" "+define+TARGET_RTL" "+define+TARGET_SIMULATION" "+define+TARGET_SNITCH_CLUSTER" "+define+TARGET_TEST" "+define+TARGET_VSIM" /home/socmipo2/workspace_soc_daml/FlooNoC/.bender/git/checkouts/tech_cells_generic-b0f716d46ad601f4/src/deprecated/pulp_clock_gating_async.sv /home/socmipo2/workspace_soc_daml/FlooNoC/.bender/git/checkouts/tech_cells_generic-b0f716d46ad601f4/src/deprecated/cluster_clk_cells.sv /home/socmipo2/workspace_soc_daml/FlooNoC/.bender/git/checkouts/tech_cells_generic-b0f716d46ad601f4/src/deprecated/pulp_clk_cells.sv 
# -- Compiling module pulp_clock_gating_async
# -- Compiling module cluster_clock_and2
# -- Compiling module cluster_clock_buffer
# -- Compiling module cluster_clock_gating
# -- Compiling module cluster_clock_inverter
# -- Compiling module cluster_clock_mux2
# -- Compiling module cluster_clock_xor2
# -- Compiling module pulp_clock_and2
# -- Compiling module pulp_clock_buffer
# -- Compiling module pulp_clock_gating
# -- Compiling module pulp_clock_inverter
# -- Compiling module pulp_clock_mux2
# -- Compiling module pulp_clock_xor2
# -- Compiling module pulp_clock_delay
# 
# Top level modules:
# 	pulp_clock_gating_async
# 	cluster_clock_and2
# 	cluster_clock_buffer
# 	cluster_clock_gating
# 	cluster_clock_inverter
# 	cluster_clock_mux2
# 	cluster_clock_xor2
# 	pulp_clock_and2
# 	pulp_clock_buffer
# 	pulp_clock_inverter
# 	pulp_clock_mux2
# 	pulp_clock_xor2
# 	pulp_clock_delay
# End time: 13:00:22 on Jun 15,2026, Elapsed time: 0:00:00
# Errors: 0, Warnings: 0
# QuestaSim-64 vlog 10.7b_1 Compiler 2018.07 Jul 26 2018
# Start time: 13:00:22 on Jun 15,2026
# vlog -incr -sv -suppress vlog-2583 -suppress vlog-13314 -suppress vlog-13233 -timescale 1 ns / 1 ps -work work "+define+TARGET_AXI_MESH" "+define+TARGET_FLOO_TEST" "+define+TARGET_IDMA_TEST" "+define+TARGET_RTL" "+define+TARGET_SIMULATION" "+define+TARGET_SNITCH_CLUSTER" "+define+TARGET_TEST" "+define+TARGET_VSIM" "+incdir+/home/socmipo2/workspace_soc_daml/FlooNoC/.bender/git/checkouts/common_cells-ef73fb619e9c374f/include" /home/socmipo2/workspace_soc_daml/FlooNoC/.bender/git/checkouts/common_cells-ef73fb619e9c374f/src/binary_to_gray.sv 
# -- Compiling module binary_to_gray
# 
# Top level modules:
# 	binary_to_gray
# End time: 13:00:22 on Jun 15,2026, Elapsed time: 0:00:00
# Errors: 0, Warnings: 0
# QuestaSim-64 vlog 10.7b_1 Compiler 2018.07 Jul 26 2018
# Start time: 13:00:22 on Jun 15,2026
# vlog -incr -sv -suppress vlog-2583 -suppress vlog-13314 -suppress vlog-13233 -timescale 1 ns / 1 ps -work work "+define+TARGET_AXI_MESH" "+define+TARGET_FLOO_TEST" "+define+TARGET_IDMA_TEST" "+define+TARGET_RTL" "+define+TARGET_SIMULATION" "+define+TARGET_SNITCH_CLUSTER" "+define+TARGET_TEST" "+define+TARGET_VSIM" "+incdir+/home/socmipo2/workspace_soc_daml/FlooNoC/.bender/git/checkouts/common_cells-ef73fb619e9c374f/include" /home/socmipo2/workspace_soc_daml/FlooNoC/.bender/git/checkouts/common_cells-ef73fb619e9c374f/src/cb_filter_pkg.sv /home/socmipo2/workspace_soc_daml/FlooNoC/.bender/git/checkouts/common_cells-ef73fb619e9c374f/src/cc_onehot.sv /home/socmipo2/workspace_soc_daml/FlooNoC/.bender/git/checkouts/common_cells-ef73fb619e9c374f/src/cdc_reset_ctrlr_pkg.sv /home/socmipo2/workspace_soc_daml/FlooNoC/.bender/git/checkouts/common_cells-ef73fb619e9c374f/src/cf_math_pkg.sv /home/socmipo2/workspace_soc_daml/FlooNoC/.bender/git/checkouts/common_cells-ef73fb619e9c374f/src/clk_int_div.sv /home/socmipo2/workspace_soc_daml/FlooNoC/.bender/git/checkouts/common_cells-ef73fb619e9c374f/src/credit_counter.sv /home/socmipo2/workspace_soc_daml/FlooNoC/.bender/git/checkouts/common_cells-ef73fb619e9c374f/src/delta_counter.sv /home/socmipo2/workspace_soc_daml/FlooNoC/.bender/git/checkouts/common_cells-ef73fb619e9c374f/src/ecc_pkg.sv /home/socmipo2/workspace_soc_daml/FlooNoC/.bender/git/checkouts/common_cells-ef73fb619e9c374f/src/edge_propagator_tx.sv /home/socmipo2/workspace_soc_daml/FlooNoC/.bender/git/checkouts/common_cells-ef73fb619e9c374f/src/exp_backoff.sv /home/socmipo2/workspace_soc_daml/FlooNoC/.bender/git/checkouts/common_cells-ef73fb619e9c374f/src/fifo_v3.sv /home/socmipo2/workspace_soc_daml/FlooNoC/.bender/git/checkouts/common_cells-ef73fb619e9c374f/src/gray_to_binary.sv /home/socmipo2/workspace_soc_daml/FlooNoC/.bender/git/checkouts/common_cells-ef73fb619e9c374f/src/heaviside.sv /home/socmipo2/workspace_soc_daml/FlooNoC/.bender/git/checkouts/common_cells-ef73fb619e9c374f/src/isochronous_4phase_handshake.sv /home/socmipo2/workspace_soc_daml/FlooNoC/.bender/git/checkouts/common_cells-ef73fb619e9c374f/src/isochronous_spill_register.sv /home/socmipo2/workspace_soc_daml/FlooNoC/.bender/git/checkouts/common_cells-ef73fb619e9c374f/src/lfsr.sv /home/socmipo2/workspace_soc_daml/FlooNoC/.bender/git/checkouts/common_cells-ef73fb619e9c374f/src/lfsr_16bit.sv /home/socmipo2/workspace_soc_daml/FlooNoC/.bender/git/checkouts/common_cells-ef73fb619e9c374f/src/lfsr_8bit.sv /home/socmipo2/workspace_soc_daml/FlooNoC/.bender/git/checkouts/common_cells-ef73fb619e9c374f/src/lossy_valid_to_stream.sv /home/socmipo2/workspace_soc_daml/FlooNoC/.bender/git/checkouts/common_cells-ef73fb619e9c374f/src/mv_filter.sv /home/socmipo2/workspace_soc_daml/FlooNoC/.bender/git/checkouts/common_cells-ef73fb619e9c374f/src/onehot_to_bin.sv /home/socmipo2/workspace_soc_daml/FlooNoC/.bender/git/checkouts/common_cells-ef73fb619e9c374f/src/plru_tree.sv /home/socmipo2/workspace_soc_daml/FlooNoC/.bender/git/checkouts/common_cells-ef73fb619e9c374f/src/passthrough_stream_fifo.sv /home/socmipo2/workspace_soc_daml/FlooNoC/.bender/git/checkouts/common_cells-ef73fb619e9c374f/src/popcount.sv /home/socmipo2/workspace_soc_daml/FlooNoC/.bender/git/checkouts/common_cells-ef73fb619e9c374f/src/ring_buffer.sv /home/socmipo2/workspace_soc_daml/FlooNoC/.bender/git/checkouts/common_cells-ef73fb619e9c374f/src/rr_arb_tree.sv /home/socmipo2/workspace_soc_daml/FlooNoC/.bender/git/checkouts/common_cells-ef73fb619e9c374f/src/rstgen_bypass.sv /home/socmipo2/workspace_soc_daml/FlooNoC/.bender/git/checkouts/common_cells-ef73fb619e9c374f/src/serial_deglitch.sv /home/socmipo2/workspace_soc_daml/FlooNoC/.bender/git/checkouts/common_cells-ef73fb619e9c374f/src/shift_reg.sv /home/socmipo2/workspace_soc_daml/FlooNoC/.bender/git/checkouts/common_cells-ef73fb619e9c374f/src/shift_reg_gated.sv /home/socmipo2/workspace_soc_daml/FlooNoC/.bender/git/checkouts/common_cells-ef73fb619e9c374f/src/spill_register_flushable.sv /home/socmipo2/workspace_soc_daml/FlooNoC/.bender/git/checkouts/common_cells-ef73fb619e9c374f/src/stream_demux.sv /home/socmipo2/workspace_soc_daml/FlooNoC/.bender/git/checkouts/common_cells-ef73fb619e9c374f/src/stream_filter.sv /home/socmipo2/workspace_soc_daml/FlooNoC/.bender/git/checkouts/common_cells-ef73fb619e9c374f/src/stream_fork.sv /home/socmipo2/workspace_soc_daml/FlooNoC/.bender/git/checkouts/common_cells-ef73fb619e9c374f/src/stream_intf.sv /home/socmipo2/workspace_soc_daml/FlooNoC/.bender/git/checkouts/common_cells-ef73fb619e9c374f/src/stream_join_dynamic.sv /home/socmipo2/workspace_soc_daml/FlooNoC/.bender/git/checkouts/common_cells-ef73fb619e9c374f/src/stream_mux.sv /home/socmipo2/workspace_soc_daml/FlooNoC/.bender/git/checkouts/common_cells-ef73fb619e9c374f/src/stream_throttle.sv /home/socmipo2/workspace_soc_daml/FlooNoC/.bender/git/checkouts/common_cells-ef73fb619e9c374f/src/sub_per_hash.sv /home/socmipo2/workspace_soc_daml/FlooNoC/.bender/git/checkouts/common_cells-ef73fb619e9c374f/src/sync.sv /home/socmipo2/workspace_soc_daml/FlooNoC/.bender/git/checkouts/common_cells-ef73fb619e9c374f/src/sync_wedge.sv /home/socmipo2/workspace_soc_daml/FlooNoC/.bender/git/checkouts/common_cells-ef73fb619e9c374f/src/unread.sv /home/socmipo2/workspace_soc_daml/FlooNoC/.bender/git/checkouts/common_cells-ef73fb619e9c374f/src/read.sv /home/socmipo2/workspace_soc_daml/FlooNoC/.bender/git/checkouts/common_cells-ef73fb619e9c374f/src/addr_decode_dync.sv /home/socmipo2/workspace_soc_daml/FlooNoC/.bender/git/checkouts/common_cells-ef73fb619e9c374f/src/boxcar.sv /home/socmipo2/workspace_soc_daml/FlooNoC/.bender/git/checkouts/common_cells-ef73fb619e9c374f/src/cdc_2phase.sv /home/socmipo2/workspace_soc_daml/FlooNoC/.bender/git/checkouts/common_cells-ef73fb619e9c374f/src/cdc_4phase.sv /home/socmipo2/workspace_soc_daml/FlooNoC/.bender/git/checkouts/common_cells-ef73fb619e9c374f/src/clk_int_div_static.sv /home/socmipo2/workspace_soc_daml/FlooNoC/.bender/git/checkouts/common_cells-ef73fb619e9c374f/src/trip_counter.sv /home/socmipo2/workspace_soc_daml/FlooNoC/.bender/git/checkouts/common_cells-ef73fb619e9c374f/src/addr_decode.sv /home/socmipo2/workspace_soc_daml/FlooNoC/.bender/git/checkouts/common_cells-ef73fb619e9c374f/src/addr_decode_napot.sv /home/socmipo2/workspace_soc_daml/FlooNoC/.bender/git/checkouts/common_cells-ef73fb619e9c374f/src/multiaddr_decode.sv 
# -- Compiling package cb_filter_pkg
# -- Compiling module cc_onehot
# -- Compiling package cdc_reset_ctrlr_pkg
# -- Compiling package cf_math_pkg
# -- Compiling module clk_int_div
# -- Compiling module credit_counter
# -- Compiling module delta_counter
# -- Compiling package ecc_pkg
# -- Compiling module edge_propagator_tx
# -- Compiling module exp_backoff
# -- Compiling module fifo_v3
# -- Compiling module gray_to_binary
# -- Compiling module heaviside
# -- Compiling module isochronous_4phase_handshake
# -- Compiling module isochronous_spill_register
# -- Compiling module lfsr
# -- Compiling module lfsr_16bit
# -- Compiling module lfsr_8bit
# -- Compiling module lossy_valid_to_stream
# -- Compiling module mv_filter
# -- Compiling module onehot_to_bin
# -- Compiling module plru_tree
# -- Compiling module passthrough_stream_fifo
# -- Compiling module popcount
# -- Compiling module ring_buffer
# -- Compiling module rr_arb_tree
# -- Compiling module rstgen_bypass
# -- Compiling module serial_deglitch
# -- Compiling module shift_reg
# -- Compiling module shift_reg_gated
# -- Compiling module spill_register_flushable
# -- Compiling module stream_demux
# -- Compiling module stream_filter
# -- Compiling module stream_fork
# -- Compiling interface STREAM_DV
# -- Compiling module stream_join_dynamic
# -- Compiling module stream_mux
# -- Compiling module stream_throttle
# -- Compiling module sub_per_hash
# -- Compiling module sync
# -- Compiling module sync_wedge
# -- Compiling module unread
# -- Compiling module read
# -- Compiling module addr_decode_dync
# -- Compiling module boxcar
# -- Compiling module cdc_2phase
# -- Compiling module cdc_2phase_src
# -- Compiling module cdc_2phase_dst
# -- Compiling module cdc_4phase
# -- Compiling module cdc_4phase_src
# -- Compiling module cdc_4phase_dst
# -- Compiling module clk_int_div_static
# -- Compiling module trip_counter
# -- Compiling module addr_decode
# -- Compiling module addr_decode_napot
# -- Compiling module multiaddr_decode
# 
# Top level modules:
# 	cc_onehot
# 	credit_counter
# 	edge_propagator_tx
# 	exp_backoff
# 	fifo_v3
# 	gray_to_binary
# 	isochronous_4phase_handshake
# 	isochronous_spill_register
# 	lfsr
# 	lfsr_16bit
# 	lfsr_8bit
# 	lossy_valid_to_stream
# 	mv_filter
# 	onehot_to_bin
# 	plru_tree
# 	passthrough_stream_fifo
# 	popcount
# 	ring_buffer
# 	rr_arb_tree
# 	rstgen_bypass
# 	serial_deglitch
# 	shift_reg
# 	spill_register_flushable
# 	stream_demux
# 	stream_filter
# 	stream_fork
# 	stream_join_dynamic
# 	stream_mux
# 	stream_throttle
# 	sub_per_hash
# 	sync_wedge
# 	unread
# 	read
# 	boxcar
# 	cdc_2phase
# 	cdc_4phase
# 	clk_int_div_static
# 	trip_counter
# 	addr_decode
# 	addr_decode_napot
# 	multiaddr_decode
# End time: 13:00:22 on Jun 15,2026, Elapsed time: 0:00:00
# Errors: 0, Warnings: 0, Suppressed Warnings: 25
# QuestaSim-64 vlog 10.7b_1 Compiler 2018.07 Jul 26 2018
# Start time: 13:00:22 on Jun 15,2026
# vlog -incr -sv -suppress vlog-2583 -suppress vlog-13314 -suppress vlog-13233 -timescale 1 ns / 1 ps -work work "+define+TARGET_AXI_MESH" "+define+TARGET_FLOO_TEST" "+define+TARGET_IDMA_TEST" "+define+TARGET_RTL" "+define+TARGET_SIMULATION" "+define+TARGET_SNITCH_CLUSTER" "+define+TARGET_TEST" "+define+TARGET_VSIM" "+incdir+/home/socmipo2/workspace_soc_daml/FlooNoC/.bender/git/checkouts/common_cells-ef73fb619e9c374f/include" /home/socmipo2/workspace_soc_daml/FlooNoC/.bender/git/checkouts/common_cells-ef73fb619e9c374f/src/cb_filter.sv /home/socmipo2/workspace_soc_daml/FlooNoC/.bender/git/checkouts/common_cells-ef73fb619e9c374f/src/cdc_fifo_2phase.sv /home/socmipo2/workspace_soc_daml/FlooNoC/.bender/git/checkouts/common_cells-ef73fb619e9c374f/src/clk_mux_glitch_free.sv /home/socmipo2/workspace_soc_daml/FlooNoC/.bender/git/checkouts/common_cells-ef73fb619e9c374f/src/counter.sv /home/socmipo2/workspace_soc_daml/FlooNoC/.bender/git/checkouts/common_cells-ef73fb619e9c374f/src/ecc_decode.sv /home/socmipo2/workspace_soc_daml/FlooNoC/.bender/git/checkouts/common_cells-ef73fb619e9c374f/src/ecc_encode.sv /home/socmipo2/workspace_soc_daml/FlooNoC/.bender/git/checkouts/common_cells-ef73fb619e9c374f/src/edge_detect.sv /home/socmipo2/workspace_soc_daml/FlooNoC/.bender/git/checkouts/common_cells-ef73fb619e9c374f/src/lzc.sv /home/socmipo2/workspace_soc_daml/FlooNoC/.bender/git/checkouts/common_cells-ef73fb619e9c374f/src/max_counter.sv /home/socmipo2/workspace_soc_daml/FlooNoC/.bender/git/checkouts/common_cells-ef73fb619e9c374f/src/rstgen.sv /home/socmipo2/workspace_soc_daml/FlooNoC/.bender/git/checkouts/common_cells-ef73fb619e9c374f/src/spill_register.sv /home/socmipo2/workspace_soc_daml/FlooNoC/.bender/git/checkouts/common_cells-ef73fb619e9c374f/src/stream_delay.sv /home/socmipo2/workspace_soc_daml/FlooNoC/.bender/git/checkouts/common_cells-ef73fb619e9c374f/src/stream_fifo.sv /home/socmipo2/workspace_soc_daml/FlooNoC/.bender/git/checkouts/common_cells-ef73fb619e9c374f/src/stream_fork_dynamic.sv /home/socmipo2/workspace_soc_daml/FlooNoC/.bender/git/checkouts/common_cells-ef73fb619e9c374f/src/stream_join.sv /home/socmipo2/workspace_soc_daml/FlooNoC/.bender/git/checkouts/common_cells-ef73fb619e9c374f/src/cdc_reset_ctrlr.sv /home/socmipo2/workspace_soc_daml/FlooNoC/.bender/git/checkouts/common_cells-ef73fb619e9c374f/src/cdc_fifo_gray.sv /home/socmipo2/workspace_soc_daml/FlooNoC/.bender/git/checkouts/common_cells-ef73fb619e9c374f/src/fall_through_register.sv /home/socmipo2/workspace_soc_daml/FlooNoC/.bender/git/checkouts/common_cells-ef73fb619e9c374f/src/id_queue.sv /home/socmipo2/workspace_soc_daml/FlooNoC/.bender/git/checkouts/common_cells-ef73fb619e9c374f/src/stream_to_mem.sv /home/socmipo2/workspace_soc_daml/FlooNoC/.bender/git/checkouts/common_cells-ef73fb619e9c374f/src/stream_arbiter_flushable.sv /home/socmipo2/workspace_soc_daml/FlooNoC/.bender/git/checkouts/common_cells-ef73fb619e9c374f/src/stream_fifo_optimal_wrap.sv /home/socmipo2/workspace_soc_daml/FlooNoC/.bender/git/checkouts/common_cells-ef73fb619e9c374f/src/stream_register.sv /home/socmipo2/workspace_soc_daml/FlooNoC/.bender/git/checkouts/common_cells-ef73fb619e9c374f/src/stream_xbar.sv /home/socmipo2/workspace_soc_daml/FlooNoC/.bender/git/checkouts/common_cells-ef73fb619e9c374f/src/cdc_fifo_gray_clearable.sv /home/socmipo2/workspace_soc_daml/FlooNoC/.bender/git/checkouts/common_cells-ef73fb619e9c374f/src/cdc_2phase_clearable.sv /home/socmipo2/workspace_soc_daml/FlooNoC/.bender/git/checkouts/common_cells-ef73fb619e9c374f/src/mem_to_banks_detailed.sv /home/socmipo2/workspace_soc_daml/FlooNoC/.bender/git/checkouts/common_cells-ef73fb619e9c374f/src/stream_arbiter.sv /home/socmipo2/workspace_soc_daml/FlooNoC/.bender/git/checkouts/common_cells-ef73fb619e9c374f/src/stream_omega_net.sv /home/socmipo2/workspace_soc_daml/FlooNoC/.bender/git/checkouts/common_cells-ef73fb619e9c374f/src/mem_to_banks.sv 
# -- Compiling module cb_filter
# -- Compiling module hash_block
# -- Compiling module cdc_fifo_2phase
# -- Compiling module clk_mux_glitch_free
# -- Compiling module clk_or_tree
# -- Compiling module counter
# -- Compiling module ecc_decode
# -- Compiling module ecc_encode
# -- Compiling module edge_detect
# -- Compiling module lzc
# -- Compiling module max_counter
# -- Compiling module rstgen
# -- Compiling module spill_register
# -- Compiling module stream_delay
# -- Compiling module stream_fifo
# -- Compiling module stream_fork_dynamic
# -- Compiling module stream_join
# -- Compiling module cdc_reset_ctrlr
# -- Compiling module cdc_reset_ctrlr_half
# -- Compiling module cdc_fifo_gray
# -- Compiling module cdc_fifo_gray_src
# -- Compiling module cdc_fifo_gray_dst
# -- Compiling module fall_through_register
# -- Compiling module id_queue
# -- Compiling module stream_to_mem
# -- Compiling module stream_arbiter_flushable
# -- Compiling module stream_fifo_optimal_wrap
# -- Compiling module stream_register
# -- Compiling module stream_xbar
# -- Compiling module cdc_fifo_gray_clearable
# -- Compiling module cdc_fifo_gray_src_clearable
# -- Compiling module cdc_fifo_gray_dst_clearable
# -- Compiling module cdc_2phase_clearable
# -- Compiling module cdc_2phase_src_clearable
# -- Compiling module cdc_2phase_dst_clearable
# -- Compiling module mem_to_banks_detailed
# -- Compiling module stream_arbiter
# -- Compiling module stream_omega_net
# -- Compiling module mem_to_banks
# 
# Top level modules:
# 	cb_filter
# 	cdc_fifo_2phase
# 	clk_mux_glitch_free
# 	ecc_decode
# 	ecc_encode
# 	edge_detect
# 	max_counter
# 	stream_delay
# 	stream_fork_dynamic
# 	stream_join
# 	cdc_fifo_gray
# 	fall_through_register
# 	id_queue
# 	stream_to_mem
# 	stream_fifo_optimal_wrap
# 	stream_register
# 	cdc_fifo_gray_clearable
# 	cdc_2phase_clearable
# 	stream_arbiter
# 	stream_omega_net
# 	mem_to_banks
# End time: 13:00:22 on Jun 15,2026, Elapsed time: 0:00:00
# Errors: 0, Warnings: 0, Suppressed Warnings: 52
# QuestaSim-64 vlog 10.7b_1 Compiler 2018.07 Jul 26 2018
# Start time: 13:00:22 on Jun 15,2026
# vlog -incr -sv -suppress vlog-2583 -suppress vlog-13314 -suppress vlog-13233 -timescale 1 ns / 1 ps -work work "+define+TARGET_AXI_MESH" "+define+TARGET_FLOO_TEST" "+define+TARGET_IDMA_TEST" "+define+TARGET_RTL" "+define+TARGET_SIMULATION" "+define+TARGET_SNITCH_CLUSTER" "+define+TARGET_TEST" "+define+TARGET_VSIM" "+incdir+/home/socmipo2/workspace_soc_daml/FlooNoC/.bender/git/checkouts/common_cells-ef73fb619e9c374f/include" /home/socmipo2/workspace_soc_daml/FlooNoC/.bender/git/checkouts/common_cells-ef73fb619e9c374f/src/deprecated/sram.sv 
# -- Compiling module sram
# 
# Top level modules:
# 	sram
# End time: 13:00:22 on Jun 15,2026, Elapsed time: 0:00:00
# Errors: 0, Warnings: 0
# QuestaSim-64 vlog 10.7b_1 Compiler 2018.07 Jul 26 2018
# Start time: 13:00:22 on Jun 15,2026
# vlog -incr -sv -suppress vlog-2583 -suppress vlog-13314 -suppress vlog-13233 -timescale 1 ns / 1 ps -work work "+define+TARGET_AXI_MESH" "+define+TARGET_FLOO_TEST" "+define+TARGET_IDMA_TEST" "+define+TARGET_RTL" "+define+TARGET_SIMULATION" "+define+TARGET_SNITCH_CLUSTER" "+define+TARGET_TEST" "+define+TARGET_VSIM" "+incdir+/home/socmipo2/workspace_soc_daml/FlooNoC/.bender/git/checkouts/common_cells-ef73fb619e9c374f/include" /home/socmipo2/workspace_soc_daml/FlooNoC/.bender/git/checkouts/common_cells-ef73fb619e9c374f/test/addr_decode_tb.sv /home/socmipo2/workspace_soc_daml/FlooNoC/.bender/git/checkouts/common_cells-ef73fb619e9c374f/test/cb_filter_tb.sv /home/socmipo2/workspace_soc_daml/FlooNoC/.bender/git/checkouts/common_cells-ef73fb619e9c374f/test/cdc_2phase_tb.sv /home/socmipo2/workspace_soc_daml/FlooNoC/.bender/git/checkouts/common_cells-ef73fb619e9c374f/test/cdc_2phase_clearable_tb.sv /home/socmipo2/workspace_soc_daml/FlooNoC/.bender/git/checkouts/common_cells-ef73fb619e9c374f/test/cdc_fifo_tb.sv /home/socmipo2/workspace_soc_daml/FlooNoC/.bender/git/checkouts/common_cells-ef73fb619e9c374f/test/cdc_fifo_clearable_tb.sv /home/socmipo2/workspace_soc_daml/FlooNoC/.bender/git/checkouts/common_cells-ef73fb619e9c374f/test/fifo_tb.sv /home/socmipo2/workspace_soc_daml/FlooNoC/.bender/git/checkouts/common_cells-ef73fb619e9c374f/test/graycode_tb.sv /home/socmipo2/workspace_soc_daml/FlooNoC/.bender/git/checkouts/common_cells-ef73fb619e9c374f/test/id_queue_tb.sv /home/socmipo2/workspace_soc_daml/FlooNoC/.bender/git/checkouts/common_cells-ef73fb619e9c374f/test/passthrough_stream_fifo_tb.sv /home/socmipo2/workspace_soc_daml/FlooNoC/.bender/git/checkouts/common_cells-ef73fb619e9c374f/test/popcount_tb.sv /home/socmipo2/workspace_soc_daml/FlooNoC/.bender/git/checkouts/common_cells-ef73fb619e9c374f/test/rr_arb_tree_tb.sv /home/socmipo2/workspace_soc_daml/FlooNoC/.bender/git/checkouts/common_cells-ef73fb619e9c374f/test/stream_test.sv /home/socmipo2/workspace_soc_daml/FlooNoC/.bender/git/checkouts/common_cells-ef73fb619e9c374f/test/stream_register_tb.sv /home/socmipo2/workspace_soc_daml/FlooNoC/.bender/git/checkouts/common_cells-ef73fb619e9c374f/test/stream_to_mem_tb.sv /home/socmipo2/workspace_soc_daml/FlooNoC/.bender/git/checkouts/common_cells-ef73fb619e9c374f/test/sub_per_hash_tb.sv /home/socmipo2/workspace_soc_daml/FlooNoC/.bender/git/checkouts/common_cells-ef73fb619e9c374f/test/isochronous_crossing_tb.sv /home/socmipo2/workspace_soc_daml/FlooNoC/.bender/git/checkouts/common_cells-ef73fb619e9c374f/test/stream_omega_net_tb.sv /home/socmipo2/workspace_soc_daml/FlooNoC/.bender/git/checkouts/common_cells-ef73fb619e9c374f/test/stream_xbar_tb.sv /home/socmipo2/workspace_soc_daml/FlooNoC/.bender/git/checkouts/common_cells-ef73fb619e9c374f/test/clk_int_div_tb.sv /home/socmipo2/workspace_soc_daml/FlooNoC/.bender/git/checkouts/common_cells-ef73fb619e9c374f/test/clk_int_div_static_tb.sv /home/socmipo2/workspace_soc_daml/FlooNoC/.bender/git/checkouts/common_cells-ef73fb619e9c374f/test/clk_mux_glitch_free_tb.sv /home/socmipo2/workspace_soc_daml/FlooNoC/.bender/git/checkouts/common_cells-ef73fb619e9c374f/test/lossy_valid_to_stream_tb.sv 
# -- Compiling module addr_decode_tb
# -- Compiling module cb_filter_tb
# -- Compiling module cdc_2phase_tb
# -- Compiling module cdc_2phase_tb_delay_injector
# -- Compiling module cdc_2phase_clearable_tb
# -- Compiling module cdc_2phase_clearable_tb_delay_injector
# -- Compiling module cdc_fifo_tb
# -- Compiling module cdc_fifo_clearable_tb
# -- Compiling module fifo_inst_tb
# -- Compiling module fifo_tb
# -- Compiling module graycode_tb
# -- Compiling module id_queue_tb
# -- Compiling module passthrough_stream_fifo_tb
# -- Compiling module popcount_tb
# -- Compiling module rr_arb_tree_tb
# -- Compiling package stream_test
# -- Compiling module stream_register_tb
# -- Compiling module stream_to_mem_tb
# -- Compiling module sub_per_hash_tb
# -- Compiling module isochronous_crossing_tb
# -- Compiling module stream_omega_net_tb
# -- Compiling module stream_xbar_tb
# -- Compiling module clk_int_div_tb
# -- Compiling module clk_int_div_static_tb
# -- Compiling module clk_mux_glitch_free_tb
# -- Compiling module lossy_valid_to_stream_tb
# 
# Top level modules:
# 	addr_decode_tb
# 	cb_filter_tb
# 	cdc_2phase_tb
# 	cdc_2phase_clearable_tb
# 	cdc_fifo_tb
# 	cdc_fifo_clearable_tb
# 	fifo_tb
# 	graycode_tb
# 	id_queue_tb
# 	passthrough_stream_fifo_tb
# 	popcount_tb
# 	rr_arb_tree_tb
# 	stream_register_tb
# 	stream_to_mem_tb
# 	sub_per_hash_tb
# 	isochronous_crossing_tb
# 	stream_omega_net_tb
# 	stream_xbar_tb
# 	clk_int_div_tb
# 	clk_int_div_static_tb
# 	clk_mux_glitch_free_tb
# 	lossy_valid_to_stream_tb
# End time: 13:00:22 on Jun 15,2026, Elapsed time: 0:00:00
# Errors: 0, Warnings: 0
# QuestaSim-64 vlog 10.7b_1 Compiler 2018.07 Jul 26 2018
# Start time: 13:00:22 on Jun 15,2026
# vlog -incr -sv -suppress vlog-2583 -suppress vlog-13314 -suppress vlog-13233 -timescale 1 ns / 1 ps -work work "+define+TARGET_AXI_MESH" "+define+TARGET_FLOO_TEST" "+define+TARGET_IDMA_TEST" "+define+TARGET_RTL" "+define+TARGET_SIMULATION" "+define+TARGET_SNITCH_CLUSTER" "+define+TARGET_TEST" "+define+TARGET_VSIM" "+incdir+/home/socmipo2/workspace_soc_daml/FlooNoC/.bender/git/checkouts/common_cells-ef73fb619e9c374f/include" /home/socmipo2/workspace_soc_daml/FlooNoC/.bender/git/checkouts/common_cells-ef73fb619e9c374f/src/deprecated/clock_divider_counter.sv /home/socmipo2/workspace_soc_daml/FlooNoC/.bender/git/checkouts/common_cells-ef73fb619e9c374f/src/deprecated/clk_div.sv /home/socmipo2/workspace_soc_daml/FlooNoC/.bender/git/checkouts/common_cells-ef73fb619e9c374f/src/deprecated/find_first_one.sv /home/socmipo2/workspace_soc_daml/FlooNoC/.bender/git/checkouts/common_cells-ef73fb619e9c374f/src/deprecated/generic_LFSR_8bit.sv /home/socmipo2/workspace_soc_daml/FlooNoC/.bender/git/checkouts/common_cells-ef73fb619e9c374f/src/deprecated/generic_fifo.sv /home/socmipo2/workspace_soc_daml/FlooNoC/.bender/git/checkouts/common_cells-ef73fb619e9c374f/src/deprecated/prioarbiter.sv /home/socmipo2/workspace_soc_daml/FlooNoC/.bender/git/checkouts/common_cells-ef73fb619e9c374f/src/deprecated/pulp_sync.sv /home/socmipo2/workspace_soc_daml/FlooNoC/.bender/git/checkouts/common_cells-ef73fb619e9c374f/src/deprecated/pulp_sync_wedge.sv /home/socmipo2/workspace_soc_daml/FlooNoC/.bender/git/checkouts/common_cells-ef73fb619e9c374f/src/deprecated/rrarbiter.sv /home/socmipo2/workspace_soc_daml/FlooNoC/.bender/git/checkouts/common_cells-ef73fb619e9c374f/src/deprecated/clock_divider.sv /home/socmipo2/workspace_soc_daml/FlooNoC/.bender/git/checkouts/common_cells-ef73fb619e9c374f/src/deprecated/fifo_v2.sv /home/socmipo2/workspace_soc_daml/FlooNoC/.bender/git/checkouts/common_cells-ef73fb619e9c374f/src/deprecated/fifo_v1.sv /home/socmipo2/workspace_soc_daml/FlooNoC/.bender/git/checkouts/common_cells-ef73fb619e9c374f/src/edge_propagator_ack.sv /home/socmipo2/workspace_soc_daml/FlooNoC/.bender/git/checkouts/common_cells-ef73fb619e9c374f/src/edge_propagator.sv /home/socmipo2/workspace_soc_daml/FlooNoC/.bender/git/checkouts/common_cells-ef73fb619e9c374f/src/edge_propagator_rx.sv 
# -- Compiling module clock_divider_counter
# -- Compiling module clk_div
# -- Compiling module find_first_one
# -- Compiling module generic_LFSR_8bit
# -- Compiling module generic_fifo
# -- Compiling module prioarbiter
# -- Compiling module pulp_sync
# -- Compiling module pulp_sync_wedge
# -- Compiling module rrarbiter
# -- Compiling module clock_divider
# -- Compiling module fifo_v2
# -- Compiling module fifo
# -- Compiling module edge_propagator_ack
# -- Compiling module edge_propagator
# -- Compiling module edge_propagator_rx
# 
# Top level modules:
# 	clk_div
# 	find_first_one
# 	generic_LFSR_8bit
# 	generic_fifo
# 	prioarbiter
# 	rrarbiter
# 	clock_divider
# 	fifo
# 	edge_propagator
# 	edge_propagator_rx
# End time: 13:00:23 on Jun 15,2026, Elapsed time: 0:00:01
# Errors: 0, Warnings: 0
# QuestaSim-64 vlog 10.7b_1 Compiler 2018.07 Jul 26 2018
# Start time: 13:00:23 on Jun 15,2026
# vlog -incr -sv -suppress vlog-2583 -suppress vlog-13314 -suppress vlog-13233 -timescale 1 ns / 1 ps -work work "+define+TARGET_AXI_MESH" "+define+TARGET_FLOO_TEST" "+define+TARGET_IDMA_TEST" "+define+TARGET_RTL" "+define+TARGET_SIMULATION" "+define+TARGET_SNITCH_CLUSTER" "+define+TARGET_TEST" "+define+TARGET_VSIM" "+incdir+/home/socmipo2/workspace_soc_daml/FlooNoC/.bender/git/checkouts/apb-5224435a7135763a/include" "+incdir+/home/socmipo2/workspace_soc_daml/FlooNoC/.bender/git/checkouts/common_cells-ef73fb619e9c374f/include" /home/socmipo2/workspace_soc_daml/FlooNoC/.bender/git/checkouts/apb-5224435a7135763a/src/apb_pkg.sv /home/socmipo2/workspace_soc_daml/FlooNoC/.bender/git/checkouts/apb-5224435a7135763a/src/apb_intf.sv /home/socmipo2/workspace_soc_daml/FlooNoC/.bender/git/checkouts/apb-5224435a7135763a/src/apb_err_slv.sv /home/socmipo2/workspace_soc_daml/FlooNoC/.bender/git/checkouts/apb-5224435a7135763a/src/apb_regs.sv /home/socmipo2/workspace_soc_daml/FlooNoC/.bender/git/checkouts/apb-5224435a7135763a/src/apb_cdc.sv /home/socmipo2/workspace_soc_daml/FlooNoC/.bender/git/checkouts/apb-5224435a7135763a/src/apb_demux.sv 
# -- Compiling package apb_pkg
# -- Compiling interface APB
# -- Compiling interface APB_DV
# -- Compiling module apb_err_slv
# -- Compiling module apb_err_slv_intf
# -- Compiling module apb_regs
# -- Compiling module apb_regs_intf
# -- Compiling module apb_cdc
# -- Compiling module apb_cdc_intf
# -- Compiling module apb_demux
# -- Compiling module apb_demux_intf
# 
# Top level modules:
# 	apb_err_slv_intf
# 	apb_regs_intf
# 	apb_cdc_intf
# 	apb_demux_intf
# End time: 13:00:23 on Jun 15,2026, Elapsed time: 0:00:00
# Errors: 0, Warnings: 0, Suppressed Warnings: 6
# QuestaSim-64 vlog 10.7b_1 Compiler 2018.07 Jul 26 2018
# Start time: 13:00:23 on Jun 15,2026
# vlog -incr -sv -suppress vlog-2583 -suppress vlog-13314 -suppress vlog-13233 -timescale 1 ns / 1 ps -work work "+define+TARGET_AXI_MESH" "+define+TARGET_FLOO_TEST" "+define+TARGET_IDMA_TEST" "+define+TARGET_RTL" "+define+TARGET_SIMULATION" "+define+TARGET_SNITCH_CLUSTER" "+define+TARGET_TEST" "+define+TARGET_VSIM" "+incdir+/home/socmipo2/workspace_soc_daml/FlooNoC/.bender/git/checkouts/apb-5224435a7135763a/include" "+incdir+/home/socmipo2/workspace_soc_daml/FlooNoC/.bender/git/checkouts/common_cells-ef73fb619e9c374f/include" /home/socmipo2/workspace_soc_daml/FlooNoC/.bender/git/checkouts/apb-5224435a7135763a/src/apb_test.sv 
# -- Compiling package apb_test
# ** Warning: /home/socmipo2/workspace_soc_daml/FlooNoC/.bender/git/checkouts/apb-5224435a7135763a/src/apb_test.sv(216): (vlog-2240) Treating stand-alone use of function 'reset' as an implicit VOID cast.
# ** Warning: /home/socmipo2/workspace_soc_daml/FlooNoC/.bender/git/checkouts/apb-5224435a7135763a/src/apb_test.sv(297): (vlog-2240) Treating stand-alone use of function 'reset' as an implicit VOID cast.
# 
# Top level modules:
# 	--none--
# End time: 13:00:23 on Jun 15,2026, Elapsed time: 0:00:00
# Errors: 0, Warnings: 2
# QuestaSim-64 vlog 10.7b_1 Compiler 2018.07 Jul 26 2018
# Start time: 13:00:23 on Jun 15,2026
# vlog -incr -sv -suppress vlog-2583 -suppress vlog-13314 -suppress vlog-13233 -timescale 1 ns / 1 ps -work work "+define+TARGET_AXI_MESH" "+define+TARGET_FLOO_TEST" "+define+TARGET_IDMA_TEST" "+define+TARGET_RTL" "+define+TARGET_SIMULATION" "+define+TARGET_SNITCH_CLUSTER" "+define+TARGET_TEST" "+define+TARGET_VSIM" "+incdir+/home/socmipo2/workspace_soc_daml/FlooNoC/.bender/git/checkouts/apb-5224435a7135763a/include" "+incdir+/home/socmipo2/workspace_soc_daml/FlooNoC/.bender/git/checkouts/common_cells-ef73fb619e9c374f/include" /home/socmipo2/workspace_soc_daml/FlooNoC/.bender/git/checkouts/apb-5224435a7135763a/test/tb_apb_regs.sv /home/socmipo2/workspace_soc_daml/FlooNoC/.bender/git/checkouts/apb-5224435a7135763a/test/tb_apb_cdc.sv /home/socmipo2/workspace_soc_daml/FlooNoC/.bender/git/checkouts/apb-5224435a7135763a/test/tb_apb_demux.sv 
# -- Compiling module tb_apb_regs
# -- Compiling module tb_apb_cdc
# -- Compiling module tb_apb_demux
# 
# Top level modules:
# 	tb_apb_regs
# 	tb_apb_cdc
# 	tb_apb_demux
# End time: 13:00:23 on Jun 15,2026, Elapsed time: 0:00:00
# Errors: 0, Warnings: 0
# QuestaSim-64 vlog 10.7b_1 Compiler 2018.07 Jul 26 2018
# Start time: 13:00:23 on Jun 15,2026
# vlog -incr -sv -suppress vlog-2583 -suppress vlog-13314 -suppress vlog-13233 -timescale 1 ns / 1 ps -work work "+define+TARGET_AXI_MESH" "+define+TARGET_FLOO_TEST" "+define+TARGET_IDMA_TEST" "+define+TARGET_RTL" "+define+TARGET_SIMULATION" "+define+TARGET_SNITCH_CLUSTER" "+define+TARGET_TEST" "+define+TARGET_VSIM" "+incdir+/home/socmipo2/workspace_soc_daml/FlooNoC/.bender/git/checkouts/axi-a612f580cfee89bc/include" "+incdir+/home/socmipo2/workspace_soc_daml/FlooNoC/.bender/git/checkouts/common_cells-ef73fb619e9c374f/include" /home/socmipo2/workspace_soc_daml/FlooNoC/.bender/git/checkouts/axi-a612f580cfee89bc/src/axi_pkg.sv /home/socmipo2/workspace_soc_daml/FlooNoC/.bender/git/checkouts/axi-a612f580cfee89bc/src/axi_intf.sv /home/socmipo2/workspace_soc_daml/FlooNoC/.bender/git/checkouts/axi-a612f580cfee89bc/src/axi_atop_filter.sv /home/socmipo2/workspace_soc_daml/FlooNoC/.bender/git/checkouts/axi-a612f580cfee89bc/src/axi_burst_splitter_gran.sv /home/socmipo2/workspace_soc_daml/FlooNoC/.bender/git/checkouts/axi-a612f580cfee89bc/src/axi_burst_unwrap.sv /home/socmipo2/workspace_soc_daml/FlooNoC/.bender/git/checkouts/axi-a612f580cfee89bc/src/axi_bus_compare.sv /home/socmipo2/workspace_soc_daml/FlooNoC/.bender/git/checkouts/axi-a612f580cfee89bc/src/axi_cdc_dst.sv /home/socmipo2/workspace_soc_daml/FlooNoC/.bender/git/checkouts/axi-a612f580cfee89bc/src/axi_cdc_src.sv /home/socmipo2/workspace_soc_daml/FlooNoC/.bender/git/checkouts/axi-a612f580cfee89bc/src/axi_cut.sv /home/socmipo2/workspace_soc_daml/FlooNoC/.bender/git/checkouts/axi-a612f580cfee89bc/src/axi_delayer.sv /home/socmipo2/workspace_soc_daml/FlooNoC/.bender/git/checkouts/axi-a612f580cfee89bc/src/axi_demux_simple.sv /home/socmipo2/workspace_soc_daml/FlooNoC/.bender/git/checkouts/axi-a612f580cfee89bc/src/axi_dw_downsizer.sv /home/socmipo2/workspace_soc_daml/FlooNoC/.bender/git/checkouts/axi-a612f580cfee89bc/src/axi_dw_upsizer.sv /home/socmipo2/workspace_soc_daml/FlooNoC/.bender/git/checkouts/axi-a612f580cfee89bc/src/axi_fifo.sv /home/socmipo2/workspace_soc_daml/FlooNoC/.bender/git/checkouts/axi-a612f580cfee89bc/src/axi_fifo_delay_dyn.sv /home/socmipo2/workspace_soc_daml/FlooNoC/.bender/git/checkouts/axi-a612f580cfee89bc/src/axi_id_remap.sv /home/socmipo2/workspace_soc_daml/FlooNoC/.bender/git/checkouts/axi-a612f580cfee89bc/src/axi_id_prepend.sv /home/socmipo2/workspace_soc_daml/FlooNoC/.bender/git/checkouts/axi-a612f580cfee89bc/src/axi_inval_filter.sv /home/socmipo2/workspace_soc_daml/FlooNoC/.bender/git/checkouts/axi-a612f580cfee89bc/src/axi_isolate.sv /home/socmipo2/workspace_soc_daml/FlooNoC/.bender/git/checkouts/axi-a612f580cfee89bc/src/axi_join.sv /home/socmipo2/workspace_soc_daml/FlooNoC/.bender/git/checkouts/axi-a612f580cfee89bc/src/axi_lite_demux.sv /home/socmipo2/workspace_soc_daml/FlooNoC/.bender/git/checkouts/axi-a612f580cfee89bc/src/axi_lite_dw_converter.sv /home/socmipo2/workspace_soc_daml/FlooNoC/.bender/git/checkouts/axi-a612f580cfee89bc/src/axi_lite_from_mem.sv /home/socmipo2/workspace_soc_daml/FlooNoC/.bender/git/checkouts/axi-a612f580cfee89bc/src/axi_lite_join.sv /home/socmipo2/workspace_soc_daml/FlooNoC/.bender/git/checkouts/axi-a612f580cfee89bc/src/axi_lite_lfsr.sv /home/socmipo2/workspace_soc_daml/FlooNoC/.bender/git/checkouts/axi-a612f580cfee89bc/src/axi_lite_mailbox.sv /home/socmipo2/workspace_soc_daml/FlooNoC/.bender/git/checkouts/axi-a612f580cfee89bc/src/axi_lite_mux.sv /home/socmipo2/workspace_soc_daml/FlooNoC/.bender/git/checkouts/axi-a612f580cfee89bc/src/axi_lite_regs.sv /home/socmipo2/workspace_soc_daml/FlooNoC/.bender/git/checkouts/axi-a612f580cfee89bc/src/axi_lite_to_apb.sv /home/socmipo2/workspace_soc_daml/FlooNoC/.bender/git/checkouts/axi-a612f580cfee89bc/src/axi_lite_to_axi.sv /home/socmipo2/workspace_soc_daml/FlooNoC/.bender/git/checkouts/axi-a612f580cfee89bc/src/axi_modify_address.sv /home/socmipo2/workspace_soc_daml/FlooNoC/.bender/git/checkouts/axi-a612f580cfee89bc/src/axi_mux.sv /home/socmipo2/workspace_soc_daml/FlooNoC/.bender/git/checkouts/axi-a612f580cfee89bc/src/axi_rw_join.sv /home/socmipo2/workspace_soc_daml/FlooNoC/.bender/git/checkouts/axi-a612f580cfee89bc/src/axi_rw_split.sv /home/socmipo2/workspace_soc_daml/FlooNoC/.bender/git/checkouts/axi-a612f580cfee89bc/src/axi_serializer.sv /home/socmipo2/workspace_soc_daml/FlooNoC/.bender/git/checkouts/axi-a612f580cfee89bc/src/axi_slave_compare.sv /home/socmipo2/workspace_soc_daml/FlooNoC/.bender/git/checkouts/axi-a612f580cfee89bc/src/axi_throttle.sv /home/socmipo2/workspace_soc_daml/FlooNoC/.bender/git/checkouts/axi-a612f580cfee89bc/src/axi_to_detailed_mem.sv /home/socmipo2/workspace_soc_daml/FlooNoC/.bender/git/checkouts/axi-a612f580cfee89bc/src/axi_burst_splitter.sv /home/socmipo2/workspace_soc_daml/FlooNoC/.bender/git/checkouts/axi-a612f580cfee89bc/src/axi_cdc.sv /home/socmipo2/workspace_soc_daml/FlooNoC/.bender/git/checkouts/axi-a612f580cfee89bc/src/axi_demux.sv /home/socmipo2/workspace_soc_daml/FlooNoC/.bender/git/checkouts/axi-a612f580cfee89bc/src/axi_err_slv.sv /home/socmipo2/workspace_soc_daml/FlooNoC/.bender/git/checkouts/axi-a612f580cfee89bc/src/axi_dw_converter.sv /home/socmipo2/workspace_soc_daml/FlooNoC/.bender/git/checkouts/axi-a612f580cfee89bc/src/axi_from_mem.sv /home/socmipo2/workspace_soc_daml/FlooNoC/.bender/git/checkouts/axi-a612f580cfee89bc/src/axi_id_serialize.sv /home/socmipo2/workspace_soc_daml/FlooNoC/.bender/git/checkouts/axi-a612f580cfee89bc/src/axi_lfsr.sv /home/socmipo2/workspace_soc_daml/FlooNoC/.bender/git/checkouts/axi-a612f580cfee89bc/src/axi_multicut.sv /home/socmipo2/workspace_soc_daml/FlooNoC/.bender/git/checkouts/axi-a612f580cfee89bc/src/axi_to_axi_lite.sv /home/socmipo2/workspace_soc_daml/FlooNoC/.bender/git/checkouts/axi-a612f580cfee89bc/src/axi_to_mem.sv /home/socmipo2/workspace_soc_daml/FlooNoC/.bender/git/checkouts/axi-a612f580cfee89bc/src/axi_zero_mem.sv /home/socmipo2/workspace_soc_daml/FlooNoC/.bender/git/checkouts/axi-a612f580cfee89bc/src/axi_interleaved_xbar.sv /home/socmipo2/workspace_soc_daml/FlooNoC/.bender/git/checkouts/axi-a612f580cfee89bc/src/axi_iw_converter.sv /home/socmipo2/workspace_soc_daml/FlooNoC/.bender/git/checkouts/axi-a612f580cfee89bc/src/axi_lite_xbar.sv /home/socmipo2/workspace_soc_daml/FlooNoC/.bender/git/checkouts/axi-a612f580cfee89bc/src/axi_xbar_unmuxed.sv /home/socmipo2/workspace_soc_daml/FlooNoC/.bender/git/checkouts/axi-a612f580cfee89bc/src/axi_to_mem_banked.sv /home/socmipo2/workspace_soc_daml/FlooNoC/.bender/git/checkouts/axi-a612f580cfee89bc/src/axi_to_mem_interleaved.sv /home/socmipo2/workspace_soc_daml/FlooNoC/.bender/git/checkouts/axi-a612f580cfee89bc/src/axi_to_mem_split.sv /home/socmipo2/workspace_soc_daml/FlooNoC/.bender/git/checkouts/axi-a612f580cfee89bc/src/axi_xbar.sv /home/socmipo2/workspace_soc_daml/FlooNoC/.bender/git/checkouts/axi-a612f580cfee89bc/src/axi_xp.sv 
# -- Compiling package axi_pkg
# -- Compiling interface AXI_BUS
# -- Compiling interface AXI_BUS_DV
# -- Compiling interface AXI_BUS_ASYNC
# -- Compiling interface AXI_BUS_ASYNC_GRAY
# -- Compiling interface AXI_LITE
# -- Compiling interface AXI_LITE_DV
# -- Compiling interface AXI_LITE_ASYNC_GRAY
# -- Compiling module axi_atop_filter
# -- Compiling module axi_atop_filter_intf
# -- Compiling module axi_burst_splitter_gran
# -- Compiling module axi_burst_splitter_gran_ax_chan
# -- Compiling module axi_burst_splitter_gran_counters
# -- Compiling module axi_burst_unwrap
# -- Compiling module axi_burst_unwrap_ax_chan
# -- Compiling module axi_burst_counters
# -- Compiling module axi_bus_compare
# -- Compiling module axi_cdc_dst
# -- Compiling module axi_cdc_dst_intf
# -- Compiling module axi_lite_cdc_dst_intf
# -- Compiling module axi_cdc_src
# -- Compiling module axi_cdc_src_intf
# -- Compiling module axi_lite_cdc_src_intf
# -- Compiling module axi_cut
# -- Compiling module axi_cut_intf
# -- Compiling module axi_lite_cut_intf
# -- Compiling module axi_delayer
# -- Compiling module axi_delayer_intf
# -- Compiling module axi_demux_simple
# -- Compiling module axi_demux_id_counters
# -- Compiling module axi_dw_downsizer
# -- Compiling module axi_dw_upsizer
# -- Compiling module axi_fifo
# -- Compiling module axi_fifo_intf
# -- Compiling module axi_fifo_delay_dyn
# -- Compiling module axi_fifo_delay_dyn_intf
# -- Compiling module stream_fifo_delay_dyn
# -- Compiling module axi_id_remap
# -- Compiling module axi_id_remap_table
# -- Compiling module axi_id_remap_intf
# -- Compiling module axi_id_prepend
# -- Compiling module axi_inval_filter
# -- Compiling module axi_isolate
# -- Compiling module axi_isolate_inner
# -- Compiling module axi_isolate_intf
# -- Compiling module axi_join_intf
# -- Compiling module axi_lite_demux
# -- Compiling module axi_lite_demux_intf
# -- Compiling module axi_lite_dw_converter
# -- Compiling module axi_lite_dw_converter_intf
# -- Compiling module axi_lite_from_mem
# -- Compiling module axi_lite_join_intf
# -- Compiling module axi_lite_lfsr
# -- Compiling module axi_opt_lfsr
# -- Compiling module axi_lite_mailbox
# -- Compiling module axi_lite_mailbox_slave
# -- Compiling module axi_lite_mailbox_intf
# -- Compiling module axi_lite_mux
# -- Compiling module axi_lite_mux_intf
# -- Compiling module axi_lite_regs
# -- Compiling module axi_lite_regs_intf
# -- Compiling module axi_lite_to_apb
# -- Compiling module axi_lite_to_apb_intf
# -- Compiling module axi_lite_to_axi
# -- Compiling module axi_lite_to_axi_intf
# -- Compiling module axi_modify_address
# -- Compiling module axi_modify_address_intf
# -- Compiling module axi_mux
# -- Compiling module axi_mux_intf
# -- Compiling module axi_rw_join
# -- Compiling module axi_rw_split
# -- Compiling module axi_serializer
# -- Compiling module axi_serializer_intf
# -- Compiling module axi_slave_compare
# -- Compiling module axi_throttle
# -- Compiling module axi_to_detailed_mem
# -- Compiling module axi_to_detailed_mem_intf
# -- Compiling module mem_stream_to_banks_detailed
# -- Compiling module axi_burst_splitter
# -- Compiling module axi_cdc
# -- Compiling module axi_cdc_intf
# -- Compiling module axi_lite_cdc_intf
# -- Compiling module axi_demux
# -- Compiling module axi_demux_intf
# -- Compiling module axi_err_slv
# -- Compiling module axi_dw_converter
# -- Compiling module axi_dw_converter_intf
# -- Compiling module axi_from_mem
# -- Compiling module axi_id_serialize
# -- Compiling module axi_id_serialize_intf
# -- Compiling module axi_lfsr
# -- Compiling module axi_multicut
# -- Compiling module axi_multicut_intf
# -- Compiling module axi_lite_multicut_intf
# -- Compiling module axi_to_axi_lite
# -- Compiling module axi_to_axi_lite_id_reflect
# -- Compiling module axi_to_axi_lite_intf
# -- Compiling module axi_to_mem
# -- Compiling module axi_to_mem_intf
# -- Compiling module axi_zero_mem
# -- Compiling module axi_interleaved_xbar
# -- Compiling module axi_interleaved_xbar_intf
# -- Compiling module axi_iw_converter
# -- Compiling module axi_iw_converter_intf
# -- Compiling module axi_lite_xbar
# -- Compiling module axi_lite_xbar_intf
# -- Compiling module axi_xbar_unmuxed
# -- Compiling module axi_xbar_unmuxed_intf
# -- Compiling module axi_to_mem_banked
# -- Compiling module axi_to_mem_banked_intf
# -- Compiling module axi_to_mem_interleaved
# -- Compiling module axi_to_mem_interleaved_intf
# -- Compiling module axi_to_mem_split
# -- Compiling module axi_to_mem_split_intf
# -- Compiling module axi_xbar
# -- Compiling module axi_xbar_intf
# -- Compiling module axi_xp
# -- Compiling module axi_xp_intf
# 
# Top level modules:
# 	axi_atop_filter_intf
# 	axi_burst_unwrap
# 	axi_cdc_dst_intf
# 	axi_lite_cdc_dst_intf
# 	axi_cdc_src_intf
# 	axi_lite_cdc_src_intf
# 	axi_cut_intf
# 	axi_lite_cut_intf
# 	axi_delayer_intf
# 	axi_fifo_intf
# 	axi_fifo_delay_dyn_intf
# 	axi_id_remap_intf
# 	axi_inval_filter
# 	axi_isolate_intf
# 	axi_join_intf
# 	axi_lite_demux_intf
# 	axi_lite_dw_converter_intf
# 	axi_lite_join_intf
# 	axi_lite_mailbox_intf
# 	axi_lite_mux_intf
# 	axi_lite_regs_intf
# 	axi_lite_to_apb_intf
# 	axi_lite_to_axi_intf
# 	axi_modify_address_intf
# 	axi_mux_intf
# 	axi_rw_join
# 	axi_rw_split
# 	axi_serializer_intf
# 	axi_slave_compare
# 	axi_throttle
# 	axi_to_detailed_mem_intf
# 	axi_cdc_intf
# 	axi_lite_cdc_intf
# 	axi_demux_intf
# 	axi_dw_converter_intf
# 	axi_from_mem
# 	axi_id_serialize_intf
# 	axi_lfsr
# 	axi_multicut_intf
# 	axi_lite_multicut_intf
# 	axi_to_axi_lite_intf
# 	axi_to_mem_intf
# 	axi_zero_mem
# 	axi_interleaved_xbar_intf
# 	axi_iw_converter_intf
# 	axi_lite_xbar_intf
# 	axi_xbar_unmuxed_intf
# 	axi_to_mem_banked_intf
# 	axi_to_mem_interleaved_intf
# 	axi_to_mem_split_intf
# 	axi_xbar_intf
# 	axi_xp_intf
# End time: 13:00:23 on Jun 15,2026, Elapsed time: 0:00:00
# Errors: 0, Warnings: 0, Suppressed Warnings: 584
# QuestaSim-64 vlog 10.7b_1 Compiler 2018.07 Jul 26 2018
# Start time: 13:00:23 on Jun 15,2026
# vlog -incr -sv -suppress vlog-2583 -suppress vlog-13314 -suppress vlog-13233 -timescale 1 ns / 1 ps -work work "+define+TARGET_AXI_MESH" "+define+TARGET_FLOO_TEST" "+define+TARGET_IDMA_TEST" "+define+TARGET_RTL" "+define+TARGET_SIMULATION" "+define+TARGET_SNITCH_CLUSTER" "+define+TARGET_TEST" "+define+TARGET_VSIM" "+incdir+/home/socmipo2/workspace_soc_daml/FlooNoC/.bender/git/checkouts/axi-a612f580cfee89bc/include" "+incdir+/home/socmipo2/workspace_soc_daml/FlooNoC/.bender/git/checkouts/common_cells-ef73fb619e9c374f/include" /home/socmipo2/workspace_soc_daml/FlooNoC/.bender/git/checkouts/axi-a612f580cfee89bc/src/axi_chan_compare.sv /home/socmipo2/workspace_soc_daml/FlooNoC/.bender/git/checkouts/axi-a612f580cfee89bc/src/axi_dumper.sv /home/socmipo2/workspace_soc_daml/FlooNoC/.bender/git/checkouts/axi-a612f580cfee89bc/src/axi_sim_mem.sv /home/socmipo2/workspace_soc_daml/FlooNoC/.bender/git/checkouts/axi-a612f580cfee89bc/src/axi_test.sv 
# -- Compiling module axi_chan_compare
# -- Compiling module axi_dumper
# -- Compiling module axi_dumper_intf
# -- Compiling module axi_sim_mem
# -- Compiling module axi_sim_mem_intf
# -- Compiling module axi_sim_mem_multiport_intf
# -- Compiling package axi_test
# -- Compiling module axi_chan_logger
# 
# Top level modules:
# 	axi_chan_compare
# 	axi_dumper_intf
# 	axi_sim_mem_intf
# 	axi_sim_mem_multiport_intf
# 	axi_chan_logger
# End time: 13:00:23 on Jun 15,2026, Elapsed time: 0:00:00
# Errors: 0, Warnings: 0
# QuestaSim-64 vlog 10.7b_1 Compiler 2018.07 Jul 26 2018
# Start time: 13:00:23 on Jun 15,2026
# vlog -incr -sv -suppress vlog-2583 -suppress vlog-13314 -suppress vlog-13233 -timescale 1 ns / 1 ps -work work "+define+TARGET_AXI_MESH" "+define+TARGET_FLOO_TEST" "+define+TARGET_IDMA_TEST" "+define+TARGET_RTL" "+define+TARGET_SIMULATION" "+define+TARGET_SNITCH_CLUSTER" "+define+TARGET_TEST" "+define+TARGET_VSIM" "+incdir+/home/socmipo2/workspace_soc_daml/FlooNoC/.bender/git/checkouts/axi-a612f580cfee89bc/include" "+incdir+/home/socmipo2/workspace_soc_daml/FlooNoC/.bender/git/checkouts/common_cells-ef73fb619e9c374f/include" /home/socmipo2/workspace_soc_daml/FlooNoC/.bender/git/checkouts/axi-a612f580cfee89bc/test/tb_axi_dw_pkg.sv /home/socmipo2/workspace_soc_daml/FlooNoC/.bender/git/checkouts/axi-a612f580cfee89bc/test/tb_axi_xbar_pkg.sv /home/socmipo2/workspace_soc_daml/FlooNoC/.bender/git/checkouts/axi-a612f580cfee89bc/test/tb_axi_addr_test.sv /home/socmipo2/workspace_soc_daml/FlooNoC/.bender/git/checkouts/axi-a612f580cfee89bc/test/tb_axi_atop_filter.sv /home/socmipo2/workspace_soc_daml/FlooNoC/.bender/git/checkouts/axi-a612f580cfee89bc/test/tb_axi_bus_compare.sv /home/socmipo2/workspace_soc_daml/FlooNoC/.bender/git/checkouts/axi-a612f580cfee89bc/test/tb_axi_cdc.sv /home/socmipo2/workspace_soc_daml/FlooNoC/.bender/git/checkouts/axi-a612f580cfee89bc/test/tb_axi_delayer.sv /home/socmipo2/workspace_soc_daml/FlooNoC/.bender/git/checkouts/axi-a612f580cfee89bc/test/tb_axi_dw_downsizer.sv /home/socmipo2/workspace_soc_daml/FlooNoC/.bender/git/checkouts/axi-a612f580cfee89bc/test/tb_axi_dw_upsizer.sv /home/socmipo2/workspace_soc_daml/FlooNoC/.bender/git/checkouts/axi-a612f580cfee89bc/test/tb_axi_fifo.sv /home/socmipo2/workspace_soc_daml/FlooNoC/.bender/git/checkouts/axi-a612f580cfee89bc/test/tb_axi_isolate.sv /home/socmipo2/workspace_soc_daml/FlooNoC/.bender/git/checkouts/axi-a612f580cfee89bc/test/tb_axi_lite_dw_converter.sv /home/socmipo2/workspace_soc_daml/FlooNoC/.bender/git/checkouts/axi-a612f580cfee89bc/test/tb_axi_lite_mailbox.sv /home/socmipo2/workspace_soc_daml/FlooNoC/.bender/git/checkouts/axi-a612f580cfee89bc/test/tb_axi_lite_regs.sv /home/socmipo2/workspace_soc_daml/FlooNoC/.bender/git/checkouts/axi-a612f580cfee89bc/test/tb_axi_iw_converter.sv /home/socmipo2/workspace_soc_daml/FlooNoC/.bender/git/checkouts/axi-a612f580cfee89bc/test/tb_axi_lite_to_apb.sv /home/socmipo2/workspace_soc_daml/FlooNoC/.bender/git/checkouts/axi-a612f580cfee89bc/test/tb_axi_lite_to_axi.sv /home/socmipo2/workspace_soc_daml/FlooNoC/.bender/git/checkouts/axi-a612f580cfee89bc/test/tb_axi_lite_xbar.sv /home/socmipo2/workspace_soc_daml/FlooNoC/.bender/git/checkouts/axi-a612f580cfee89bc/test/tb_axi_modify_address.sv /home/socmipo2/workspace_soc_daml/FlooNoC/.bender/git/checkouts/axi-a612f580cfee89bc/test/tb_axi_serializer.sv /home/socmipo2/workspace_soc_daml/FlooNoC/.bender/git/checkouts/axi-a612f580cfee89bc/test/tb_axi_sim_mem.sv /home/socmipo2/workspace_soc_daml/FlooNoC/.bender/git/checkouts/axi-a612f580cfee89bc/test/tb_axi_slave_compare.sv /home/socmipo2/workspace_soc_daml/FlooNoC/.bender/git/checkouts/axi-a612f580cfee89bc/test/tb_axi_to_axi_lite.sv /home/socmipo2/workspace_soc_daml/FlooNoC/.bender/git/checkouts/axi-a612f580cfee89bc/test/tb_axi_to_mem_banked.sv /home/socmipo2/workspace_soc_daml/FlooNoC/.bender/git/checkouts/axi-a612f580cfee89bc/test/tb_axi_xbar.sv 
# -- Compiling package tb_axi_dw_pkg
# -- Compiling package tb_axi_xbar_pkg
# -- Compiling module tb_axi_addr_test
# -- Compiling module tb_axi_atop_filter
# -- Compiling module tb_axi_bus_compare
# -- Compiling module tb_axi_cdc
# -- Compiling module tb_axi_delayer
# -- Compiling module tb_axi_dw_downsizer
# -- Compiling module tb_axi_dw_upsizer
# -- Compiling module tb_axi_fifo
# -- Compiling module tb_axi_isolate
# -- Compiling module tb_axi_lite_dw_converter
# -- Compiling module tb_axi_lite_mailbox
# -- Compiling module tb_axi_lite_regs
# -- Compiling package tb_axi_iw_converter_sv_unit
# -- Compiling module tb_axi_iw_converter
# -- Compiling module tb_axi_lite_to_apb
# -- Compiling module tb_axi_lite_to_axi
# -- Compiling module tb_axi_lite_xbar
# -- Compiling module tb_axi_modify_address
# -- Compiling module tb_axi_serializer
# -- Compiling module tb_axi_sim_mem
# -- Compiling module tb_axi_slave_compare
# -- Compiling module tb_axi_to_axi_lite
# -- Compiling module tb_axi_to_mem_banked
# -- Compiling module tb_axi_xbar
# 
# Top level modules:
# 	tb_axi_addr_test
# 	tb_axi_atop_filter
# 	tb_axi_bus_compare
# 	tb_axi_cdc
# 	tb_axi_delayer
# 	tb_axi_dw_downsizer
# 	tb_axi_dw_upsizer
# 	tb_axi_fifo
# 	tb_axi_isolate
# 	tb_axi_lite_dw_converter
# 	tb_axi_lite_mailbox
# 	tb_axi_lite_regs
# 	tb_axi_iw_converter
# 	tb_axi_lite_to_apb
# 	tb_axi_lite_to_axi
# 	tb_axi_lite_xbar
# 	tb_axi_modify_address
# 	tb_axi_serializer
# 	tb_axi_sim_mem
# 	tb_axi_slave_compare
# 	tb_axi_to_axi_lite
# 	tb_axi_to_mem_banked
# 	tb_axi_xbar
# End time: 13:00:23 on Jun 15,2026, Elapsed time: 0:00:00
# Errors: 0, Warnings: 0
# QuestaSim-64 vlog 10.7b_1 Compiler 2018.07 Jul 26 2018
# Start time: 13:00:23 on Jun 15,2026
# vlog -incr -sv -suppress vlog-2583 -suppress vlog-13314 -suppress vlog-13233 -timescale 1 ns / 1 ps -work work "+define+TARGET_AXI_MESH" "+define+TARGET_FLOO_TEST" "+define+TARGET_IDMA_TEST" "+define+TARGET_RTL" "+define+TARGET_SIMULATION" "+define+TARGET_SNITCH_CLUSTER" "+define+TARGET_TEST" "+define+TARGET_VSIM" "+incdir+/home/socmipo2/workspace_soc_daml/FlooNoC/.bender/git/checkouts/axi_stream-a8bcbe2822c64d9e/include" "+incdir+/home/socmipo2/workspace_soc_daml/FlooNoC/.bender/git/checkouts/common_cells-ef73fb619e9c374f/include" /home/socmipo2/workspace_soc_daml/FlooNoC/.bender/git/checkouts/axi_stream-a8bcbe2822c64d9e/src/axi_stream_intf.sv /home/socmipo2/workspace_soc_daml/FlooNoC/.bender/git/checkouts/axi_stream-a8bcbe2822c64d9e/src/axi_stream_cut.sv /home/socmipo2/workspace_soc_daml/FlooNoC/.bender/git/checkouts/axi_stream-a8bcbe2822c64d9e/src/axi_stream_dw_downsizer.sv /home/socmipo2/workspace_soc_daml/FlooNoC/.bender/git/checkouts/axi_stream-a8bcbe2822c64d9e/src/axi_stream_dw_upsizer.sv /home/socmipo2/workspace_soc_daml/FlooNoC/.bender/git/checkouts/axi_stream-a8bcbe2822c64d9e/src/axi_stream_multicut.sv 
# -- Compiling interface AXI_STREAM_BUS
# -- Compiling interface AXI_STREAM_BUS_DV
# -- Compiling module axi_stream_cut
# -- Compiling module axi_stream_cut_intf
# -- Compiling module axi_stream_dw_downsizer
# -- Compiling module axi_stream_dw_downsizer_intf
# -- Compiling module axi_stream_dw_upsizer
# -- Compiling module axi_stream_dw_upsizer_intf
# -- Compiling module axi_stream_multicut
# -- Compiling module axi_stream_multicut_intf
# 
# Top level modules:
# 	axi_stream_cut_intf
# 	axi_stream_dw_downsizer_intf
# 	axi_stream_dw_upsizer_intf
# 	axi_stream_multicut_intf
# End time: 13:00:23 on Jun 15,2026, Elapsed time: 0:00:00
# Errors: 0, Warnings: 0
# QuestaSim-64 vlog 10.7b_1 Compiler 2018.07 Jul 26 2018
# Start time: 13:00:23 on Jun 15,2026
# vlog -incr -sv -suppress vlog-2583 -suppress vlog-13314 -suppress vlog-13233 -timescale 1 ns / 1 ps -work work "+define+TARGET_AXI_MESH" "+define+TARGET_FLOO_TEST" "+define+TARGET_IDMA_TEST" "+define+TARGET_RTL" "+define+TARGET_SIMULATION" "+define+TARGET_SNITCH_CLUSTER" "+define+TARGET_TEST" "+define+TARGET_VSIM" "+incdir+/home/socmipo2/workspace_soc_daml/FlooNoC/.bender/git/checkouts/axi_stream-a8bcbe2822c64d9e/include" "+incdir+/home/socmipo2/workspace_soc_daml/FlooNoC/.bender/git/checkouts/common_cells-ef73fb619e9c374f/include" /home/socmipo2/workspace_soc_daml/FlooNoC/.bender/git/checkouts/axi_stream-a8bcbe2822c64d9e/test/axi_stream_test.sv /home/socmipo2/workspace_soc_daml/FlooNoC/.bender/git/checkouts/axi_stream-a8bcbe2822c64d9e/test/tb_axi_stream_dw_downsizer.sv /home/socmipo2/workspace_soc_daml/FlooNoC/.bender/git/checkouts/axi_stream-a8bcbe2822c64d9e/test/tb_axi_stream_dw_upsizer.sv 
# -- Compiling package axi_stream_test
# -- Compiling module tb_axi_stream_dw_downsizer
# -- Compiling module tb_axi_stream_dw_upsizer
# 
# Top level modules:
# 	tb_axi_stream_dw_downsizer
# 	tb_axi_stream_dw_upsizer
# End time: 13:00:23 on Jun 15,2026, Elapsed time: 0:00:00
# Errors: 0, Warnings: 0
# QuestaSim-64 vlog 10.7b_1 Compiler 2018.07 Jul 26 2018
# Start time: 13:00:23 on Jun 15,2026
# vlog -incr -sv -suppress vlog-2583 -suppress vlog-13314 -suppress vlog-13233 -timescale 1 ns / 1 ps -work work "+define+TARGET_AXI_MESH" "+define+TARGET_FLOO_TEST" "+define+TARGET_IDMA_TEST" "+define+TARGET_RTL" "+define+TARGET_SIMULATION" "+define+TARGET_SNITCH_CLUSTER" "+define+TARGET_TEST" "+define+TARGET_VSIM" "+incdir+/home/socmipo2/workspace_soc_daml/FlooNoC/.bender/git/checkouts/common_cells-ef73fb619e9c374f/include" /home/socmipo2/workspace_soc_daml/FlooNoC/.bender/git/checkouts/fpu_div_sqrt_mvp-86a9a85082ad26a0/hdl/defs_div_sqrt_mvp.sv /home/socmipo2/workspace_soc_daml/FlooNoC/.bender/git/checkouts/fpu_div_sqrt_mvp-86a9a85082ad26a0/hdl/iteration_div_sqrt_mvp.sv /home/socmipo2/workspace_soc_daml/FlooNoC/.bender/git/checkouts/fpu_div_sqrt_mvp-86a9a85082ad26a0/hdl/control_mvp.sv /home/socmipo2/workspace_soc_daml/FlooNoC/.bender/git/checkouts/fpu_div_sqrt_mvp-86a9a85082ad26a0/hdl/norm_div_sqrt_mvp.sv /home/socmipo2/workspace_soc_daml/FlooNoC/.bender/git/checkouts/fpu_div_sqrt_mvp-86a9a85082ad26a0/hdl/preprocess_mvp.sv /home/socmipo2/workspace_soc_daml/FlooNoC/.bender/git/checkouts/fpu_div_sqrt_mvp-86a9a85082ad26a0/hdl/nrbd_nrsc_mvp.sv /home/socmipo2/workspace_soc_daml/FlooNoC/.bender/git/checkouts/fpu_div_sqrt_mvp-86a9a85082ad26a0/hdl/div_sqrt_top_mvp.sv /home/socmipo2/workspace_soc_daml/FlooNoC/.bender/git/checkouts/fpu_div_sqrt_mvp-86a9a85082ad26a0/hdl/div_sqrt_mvp_wrapper.sv 
# -- Compiling package defs_div_sqrt_mvp
# -- Compiling module iteration_div_sqrt_mvp
# -- Compiling package control_mvp_sv_unit
# -- Compiling module control_mvp
# -- Compiling package norm_div_sqrt_mvp_sv_unit
# -- Compiling module norm_div_sqrt_mvp
# -- Compiling package preprocess_mvp_sv_unit
# -- Compiling module preprocess_mvp
# -- Compiling package nrbd_nrsc_mvp_sv_unit
# -- Compiling module nrbd_nrsc_mvp
# -- Compiling package div_sqrt_top_mvp_sv_unit
# -- Compiling module div_sqrt_top_mvp
# -- Compiling package div_sqrt_mvp_wrapper_sv_unit
# -- Compiling module div_sqrt_mvp_wrapper
# 
# Top level modules:
# 	div_sqrt_mvp_wrapper
# End time: 13:00:23 on Jun 15,2026, Elapsed time: 0:00:00
# Errors: 0, Warnings: 0, Suppressed Warnings: 33
# QuestaSim-64 vlog 10.7b_1 Compiler 2018.07 Jul 26 2018
# Start time: 13:00:23 on Jun 15,2026
# vlog -incr -sv -suppress vlog-2583 -suppress vlog-13314 -suppress vlog-13233 -timescale 1 ns / 1 ps -work work "+define+TARGET_AXI_MESH" "+define+TARGET_FLOO_TEST" "+define+TARGET_IDMA_TEST" "+define+TARGET_RTL" "+define+TARGET_SIMULATION" "+define+TARGET_SNITCH_CLUSTER" "+define+TARGET_TEST" "+define+TARGET_VSIM" "+incdir+/home/socmipo2/workspace_soc_daml/FlooNoC/.bender/git/checkouts/common_cells-ef73fb619e9c374f/include" "+incdir+/home/socmipo2/workspace_soc_daml/FlooNoC/.bender/git/checkouts/obi-9643fc82000491ff/include" /home/socmipo2/workspace_soc_daml/FlooNoC/.bender/git/checkouts/obi-9643fc82000491ff/src/obi_pkg.sv /home/socmipo2/workspace_soc_daml/FlooNoC/.bender/git/checkouts/obi-9643fc82000491ff/src/obi_intf.sv /home/socmipo2/workspace_soc_daml/FlooNoC/.bender/git/checkouts/obi-9643fc82000491ff/src/obi_rready_converter.sv /home/socmipo2/workspace_soc_daml/FlooNoC/.bender/git/checkouts/obi-9643fc82000491ff/src/apb_to_obi.sv /home/socmipo2/workspace_soc_daml/FlooNoC/.bender/git/checkouts/obi-9643fc82000491ff/src/obi_atop_resolver.sv /home/socmipo2/workspace_soc_daml/FlooNoC/.bender/git/checkouts/obi-9643fc82000491ff/src/obi_cut.sv /home/socmipo2/workspace_soc_daml/FlooNoC/.bender/git/checkouts/obi-9643fc82000491ff/src/obi_demux.sv /home/socmipo2/workspace_soc_daml/FlooNoC/.bender/git/checkouts/obi-9643fc82000491ff/src/obi_err_sbr.sv /home/socmipo2/workspace_soc_daml/FlooNoC/.bender/git/checkouts/obi-9643fc82000491ff/src/obi_mux.sv /home/socmipo2/workspace_soc_daml/FlooNoC/.bender/git/checkouts/obi-9643fc82000491ff/src/obi_sram_shim.sv /home/socmipo2/workspace_soc_daml/FlooNoC/.bender/git/checkouts/obi-9643fc82000491ff/src/obi_xbar.sv 
# -- Compiling package obi_pkg
# -- Compiling interface OBI_BUS
# -- Compiling interface OBI_BUS_DV
# -- Compiling module obi_rready_converter
# -- Compiling module apb_to_obi
# -- Compiling module obi_atop_resolver
# -- Compiling module obi_atop_resolver_intf
# -- Compiling module obi_cut
# -- Compiling module obi_demux
# -- Compiling module obi_demux_intf
# -- Compiling module obi_err_sbr
# -- Compiling module obi_err_sbr_intf
# -- Compiling module obi_mux
# -- Compiling module obi_mux_intf
# -- Compiling module obi_sram_shim
# -- Compiling module obi_xbar
# -- Compiling module obi_xbar_intf
# 
# Top level modules:
# 	obi_rready_converter
# 	apb_to_obi
# 	obi_atop_resolver_intf
# 	obi_cut
# 	obi_demux_intf
# 	obi_err_sbr_intf
# 	obi_mux_intf
# 	obi_sram_shim
# 	obi_xbar_intf
# End time: 13:00:24 on Jun 15,2026, Elapsed time: 0:00:01
# Errors: 0, Warnings: 0, Suppressed Warnings: 35
# QuestaSim-64 vlog 10.7b_1 Compiler 2018.07 Jul 26 2018
# Start time: 13:00:24 on Jun 15,2026
# vlog -incr -sv -suppress vlog-2583 -suppress vlog-13314 -suppress vlog-13233 -timescale 1 ns / 1 ps -work work "+define+TARGET_AXI_MESH" "+define+TARGET_FLOO_TEST" "+define+TARGET_IDMA_TEST" "+define+TARGET_RTL" "+define+TARGET_SIMULATION" "+define+TARGET_SNITCH_CLUSTER" "+define+TARGET_TEST" "+define+TARGET_VSIM" "+incdir+/home/socmipo2/workspace_soc_daml/FlooNoC/.bender/git/checkouts/common_cells-ef73fb619e9c374f/include" "+incdir+/home/socmipo2/workspace_soc_daml/FlooNoC/.bender/git/checkouts/obi-9643fc82000491ff/include" /home/socmipo2/workspace_soc_daml/FlooNoC/.bender/git/checkouts/obi-9643fc82000491ff/src/test/obi_asserter.sv /home/socmipo2/workspace_soc_daml/FlooNoC/.bender/git/checkouts/obi-9643fc82000491ff/src/test/obi_test.sv /home/socmipo2/workspace_soc_daml/FlooNoC/.bender/git/checkouts/obi-9643fc82000491ff/src/test/obi_sim_mem.sv /home/socmipo2/workspace_soc_daml/FlooNoC/.bender/git/checkouts/obi-9643fc82000491ff/src/test/tb_obi_xbar.sv /home/socmipo2/workspace_soc_daml/FlooNoC/.bender/git/checkouts/obi-9643fc82000491ff/src/test/atop_golden_mem_pkg.sv /home/socmipo2/workspace_soc_daml/FlooNoC/.bender/git/checkouts/obi-9643fc82000491ff/src/test/tb_obi_atop_resolver.sv 
# -- Compiling module obi_asserter
# -- Compiling package obi_test
# -- Compiling module obi_sim_mem
# -- Compiling module obi_sim_mem_intf
# -- Compiling module tb_obi_xbar
# -- Compiling interface OBI_ATOP_MONITOR_BUS
# -- Compiling package atop_golden_mem_pkg
# -- Compiling module tb_obi_atop_resolver
# 
# Top level modules:
# 	obi_asserter
# 	tb_obi_xbar
# 	tb_obi_atop_resolver
# End time: 13:00:24 on Jun 15,2026, Elapsed time: 0:00:00
# Errors: 0, Warnings: 0
# QuestaSim-64 vlog 10.7b_1 Compiler 2018.07 Jul 26 2018
# Start time: 13:00:24 on Jun 15,2026
# vlog -incr -sv -suppress vlog-2583 -suppress vlog-13314 -suppress vlog-13233 -timescale 1 ns / 1 ps -work work "+define+TARGET_AXI_MESH" "+define+TARGET_FLOO_TEST" "+define+TARGET_IDMA_TEST" "+define+TARGET_RTL" "+define+TARGET_SIMULATION" "+define+TARGET_SNITCH_CLUSTER" "+define+TARGET_TEST" "+define+TARGET_VSIM" "+incdir+/home/socmipo2/workspace_soc_daml/FlooNoC/.bender/git/checkouts/apb-5224435a7135763a/include" "+incdir+/home/socmipo2/workspace_soc_daml/FlooNoC/.bender/git/checkouts/axi-a612f580cfee89bc/include" "+incdir+/home/socmipo2/workspace_soc_daml/FlooNoC/.bender/git/checkouts/common_cells-ef73fb619e9c374f/include" "+incdir+/home/socmipo2/workspace_soc_daml/FlooNoC/.bender/git/checkouts/register_interface-03888e8dfd922e83/include" /home/socmipo2/workspace_soc_daml/FlooNoC/.bender/git/checkouts/register_interface-03888e8dfd922e83/src/reg_intf.sv /home/socmipo2/workspace_soc_daml/FlooNoC/.bender/git/checkouts/register_interface-03888e8dfd922e83/vendor/lowrisc_opentitan/src/prim_subreg_arb.sv /home/socmipo2/workspace_soc_daml/FlooNoC/.bender/git/checkouts/register_interface-03888e8dfd922e83/vendor/lowrisc_opentitan/src/prim_subreg_ext.sv /home/socmipo2/workspace_soc_daml/FlooNoC/.bender/git/checkouts/register_interface-03888e8dfd922e83/src/apb_to_reg_v2.sv /home/socmipo2/workspace_soc_daml/FlooNoC/.bender/git/checkouts/register_interface-03888e8dfd922e83/src/axi_lite_to_reg.sv /home/socmipo2/workspace_soc_daml/FlooNoC/.bender/git/checkouts/register_interface-03888e8dfd922e83/src/axi_to_reg_v2.sv /home/socmipo2/workspace_soc_daml/FlooNoC/.bender/git/checkouts/register_interface-03888e8dfd922e83/src/periph_to_reg.sv /home/socmipo2/workspace_soc_daml/FlooNoC/.bender/git/checkouts/register_interface-03888e8dfd922e83/src/reg_cdc.sv /home/socmipo2/workspace_soc_daml/FlooNoC/.bender/git/checkouts/register_interface-03888e8dfd922e83/src/reg_cut.sv /home/socmipo2/workspace_soc_daml/FlooNoC/.bender/git/checkouts/register_interface-03888e8dfd922e83/src/reg_demux.sv /home/socmipo2/workspace_soc_daml/FlooNoC/.bender/git/checkouts/register_interface-03888e8dfd922e83/src/reg_err_slv.sv /home/socmipo2/workspace_soc_daml/FlooNoC/.bender/git/checkouts/register_interface-03888e8dfd922e83/src/reg_filter_empty_writes.sv /home/socmipo2/workspace_soc_daml/FlooNoC/.bender/git/checkouts/register_interface-03888e8dfd922e83/src/reg_mux.sv /home/socmipo2/workspace_soc_daml/FlooNoC/.bender/git/checkouts/register_interface-03888e8dfd922e83/src/reg_to_apb.sv /home/socmipo2/workspace_soc_daml/FlooNoC/.bender/git/checkouts/register_interface-03888e8dfd922e83/src/reg_to_mem.sv /home/socmipo2/workspace_soc_daml/FlooNoC/.bender/git/checkouts/register_interface-03888e8dfd922e83/src/reg_to_tlul.sv /home/socmipo2/workspace_soc_daml/FlooNoC/.bender/git/checkouts/register_interface-03888e8dfd922e83/src/reg_to_axi.sv /home/socmipo2/workspace_soc_daml/FlooNoC/.bender/git/checkouts/register_interface-03888e8dfd922e83/src/reg_uniform.sv /home/socmipo2/workspace_soc_daml/FlooNoC/.bender/git/checkouts/register_interface-03888e8dfd922e83/vendor/lowrisc_opentitan/src/prim_subreg_shadow.sv /home/socmipo2/workspace_soc_daml/FlooNoC/.bender/git/checkouts/register_interface-03888e8dfd922e83/vendor/lowrisc_opentitan/src/prim_subreg.sv /home/socmipo2/workspace_soc_daml/FlooNoC/.bender/git/checkouts/register_interface-03888e8dfd922e83/src/deprecated/apb_to_reg.sv /home/socmipo2/workspace_soc_daml/FlooNoC/.bender/git/checkouts/register_interface-03888e8dfd922e83/src/deprecated/axi_to_reg.sv 
# -- Compiling interface REG_BUS
# -- Compiling module prim_subreg_arb
# -- Compiling module prim_subreg_ext
# -- Compiling module apb_to_reg_v2
# -- Compiling module apb_to_reg_intf
# -- Compiling module axi_lite_to_reg
# -- Compiling module axi_lite_to_reg_intf
# -- Compiling module axi_to_reg_v2
# -- Compiling module periph_to_reg
# -- Compiling module reg_cdc_src
# -- Compiling module reg_cdc_dst
# -- Compiling module reg_cdc
# -- Compiling module reg_cut
# -- Compiling module reg_demux
# -- Compiling module reg_err_slv
# -- Compiling module reg_filter_empty_writes
# -- Compiling module reg_mux
# -- Compiling module reg_to_apb
# -- Compiling module reg_to_mem
# -- Compiling module reg_to_tlul
# -- Compiling module reg_to_axi
# -- Compiling module reg_uniform
# -- Compiling module prim_subreg_shadow
# -- Compiling module prim_subreg
# -- Compiling module apb_to_reg
# -- Compiling module axi_to_reg
# -- Compiling module axi_to_reg_intf
# 
# Top level modules:
# 	prim_subreg_ext
# 	apb_to_reg_v2
# 	apb_to_reg_intf
# 	axi_to_reg_v2
# 	reg_cdc
# 	reg_cut
# 	reg_err_slv
# 	reg_filter_empty_writes
# 	reg_to_apb
# 	reg_to_mem
# 	reg_to_tlul
# 	reg_to_axi
# 	reg_uniform
# 	prim_subreg_shadow
# 	apb_to_reg
# 	axi_to_reg
# 	axi_to_reg_intf
# End time: 13:00:24 on Jun 15,2026, Elapsed time: 0:00:00
# Errors: 0, Warnings: 0, Suppressed Warnings: 27
# QuestaSim-64 vlog 10.7b_1 Compiler 2018.07 Jul 26 2018
# Start time: 13:00:24 on Jun 15,2026
# vlog -incr -sv -suppress vlog-2583 -suppress vlog-13314 -suppress vlog-13233 -timescale 1 ns / 1 ps -work work "+define+TARGET_AXI_MESH" "+define+TARGET_FLOO_TEST" "+define+TARGET_IDMA_TEST" "+define+TARGET_RTL" "+define+TARGET_SIMULATION" "+define+TARGET_SNITCH_CLUSTER" "+define+TARGET_TEST" "+define+TARGET_VSIM" "+incdir+/home/socmipo2/workspace_soc_daml/FlooNoC/.bender/git/checkouts/apb-5224435a7135763a/include" "+incdir+/home/socmipo2/workspace_soc_daml/FlooNoC/.bender/git/checkouts/axi-a612f580cfee89bc/include" "+incdir+/home/socmipo2/workspace_soc_daml/FlooNoC/.bender/git/checkouts/common_cells-ef73fb619e9c374f/include" "+incdir+/home/socmipo2/workspace_soc_daml/FlooNoC/.bender/git/checkouts/register_interface-03888e8dfd922e83/include" /home/socmipo2/workspace_soc_daml/FlooNoC/.bender/git/checkouts/register_interface-03888e8dfd922e83/src/reg_test.sv 
# -- Compiling package reg_test
# 
# Top level modules:
# 	--none--
# End time: 13:00:24 on Jun 15,2026, Elapsed time: 0:00:00
# Errors: 0, Warnings: 0
# QuestaSim-64 vlog 10.7b_1 Compiler 2018.07 Jul 26 2018
# Start time: 13:00:24 on Jun 15,2026
# vlog -incr -sv -suppress vlog-2583 -suppress vlog-13314 -suppress vlog-13233 -timescale 1 ns / 1 ps -work work "+define+TARGET_AXI_MESH" "+define+TARGET_FLOO_TEST" "+define+TARGET_IDMA_TEST" "+define+TARGET_RTL" "+define+TARGET_SIMULATION" "+define+TARGET_SNITCH_CLUSTER" "+define+TARGET_TEST" "+define+TARGET_VSIM" "+incdir+/home/socmipo2/workspace_soc_daml/FlooNoC/.bender/git/checkouts/axi-a612f580cfee89bc/include" "+incdir+/home/socmipo2/workspace_soc_daml/FlooNoC/.bender/git/checkouts/common_cells-ef73fb619e9c374f/include" /home/socmipo2/workspace_soc_daml/FlooNoC/.bender/git/checkouts/axi_riscv_atomics-f83ef886dd1ceda6/src/axi_res_tbl.sv /home/socmipo2/workspace_soc_daml/FlooNoC/.bender/git/checkouts/axi_riscv_atomics-f83ef886dd1ceda6/src/axi_riscv_amos_alu.sv /home/socmipo2/workspace_soc_daml/FlooNoC/.bender/git/checkouts/axi_riscv_atomics-f83ef886dd1ceda6/src/axi_riscv_amos.sv /home/socmipo2/workspace_soc_daml/FlooNoC/.bender/git/checkouts/axi_riscv_atomics-f83ef886dd1ceda6/src/axi_riscv_lrsc.sv /home/socmipo2/workspace_soc_daml/FlooNoC/.bender/git/checkouts/axi_riscv_atomics-f83ef886dd1ceda6/src/axi_riscv_atomics.sv /home/socmipo2/workspace_soc_daml/FlooNoC/.bender/git/checkouts/axi_riscv_atomics-f83ef886dd1ceda6/src/axi_riscv_lrsc_wrap.sv /home/socmipo2/workspace_soc_daml/FlooNoC/.bender/git/checkouts/axi_riscv_atomics-f83ef886dd1ceda6/src/axi_riscv_amos_wrap.sv /home/socmipo2/workspace_soc_daml/FlooNoC/.bender/git/checkouts/axi_riscv_atomics-f83ef886dd1ceda6/src/axi_riscv_atomics_wrap.sv /home/socmipo2/workspace_soc_daml/FlooNoC/.bender/git/checkouts/axi_riscv_atomics-f83ef886dd1ceda6/src/axi_riscv_atomics_structs.sv 
# -- Compiling module axi_res_tbl
# -- Compiling module axi_riscv_amos_alu
# -- Compiling module axi_riscv_amos
# -- Compiling module axi_riscv_lrsc
# -- Compiling module axi_riscv_atomics
# -- Compiling module axi_riscv_lrsc_wrap
# -- Compiling module axi_riscv_amos_wrap
# -- Compiling module axi_riscv_atomics_wrap
# -- Compiling module axi_riscv_atomics_structs
# 
# Top level modules:
# 	axi_riscv_lrsc_wrap
# 	axi_riscv_amos_wrap
# 	axi_riscv_atomics_structs
# End time: 13:00:24 on Jun 15,2026, Elapsed time: 0:00:00
# Errors: 0, Warnings: 0, Suppressed Warnings: 69
# QuestaSim-64 vlog 10.7b_1 Compiler 2018.07 Jul 26 2018
# Start time: 13:00:24 on Jun 15,2026
# vlog -incr -sv -suppress vlog-2583 -suppress vlog-13314 -suppress vlog-13233 -timescale 1 ns / 1 ps -work work "+define+TARGET_AXI_MESH" "+define+TARGET_FLOO_TEST" "+define+TARGET_IDMA_TEST" "+define+TARGET_RTL" "+define+TARGET_SIMULATION" "+define+TARGET_SNITCH_CLUSTER" "+define+TARGET_TEST" "+define+TARGET_VSIM" "+incdir+/home/socmipo2/workspace_soc_daml/FlooNoC/.bender/git/checkouts/axi-a612f580cfee89bc/include" "+incdir+/home/socmipo2/workspace_soc_daml/FlooNoC/.bender/git/checkouts/common_cells-ef73fb619e9c374f/include" /home/socmipo2/workspace_soc_daml/FlooNoC/.bender/git/checkouts/axi_riscv_atomics-f83ef886dd1ceda6/test/tb_axi_pkg.sv /home/socmipo2/workspace_soc_daml/FlooNoC/.bender/git/checkouts/axi_riscv_atomics-f83ef886dd1ceda6/test/golden_memory.sv /home/socmipo2/workspace_soc_daml/FlooNoC/.bender/git/checkouts/axi_riscv_atomics-f83ef886dd1ceda6/test/axi_riscv_atomics_tb.sv /home/socmipo2/workspace_soc_daml/FlooNoC/.bender/git/checkouts/axi_riscv_atomics-f83ef886dd1ceda6/test/axi_riscv_lrsc_tb.sv 
# -- Compiling package tb_axi_pkg_sv_unit
# -- Compiling package tb_axi_pkg
# -- Compiling interface MONITOR_BUS
# -- Compiling interface MONITOR_BUS_DV
# -- Compiling package golden_model_pkg
# -- Compiling module axi_riscv_atomics_tb
# -- Compiling module axi_riscv_lrsc_tb
# 
# Top level modules:
# 	axi_riscv_atomics_tb
# 	axi_riscv_lrsc_tb
# End time: 13:00:24 on Jun 15,2026, Elapsed time: 0:00:00
# Errors: 0, Warnings: 0
# QuestaSim-64 vlog 10.7b_1 Compiler 2018.07 Jul 26 2018
# Start time: 13:00:24 on Jun 15,2026
# vlog -incr -sv -suppress vlog-2583 -suppress vlog-13314 -suppress vlog-13233 -timescale 1 ns / 1 ps -work work "+define+TARGET_AXI_MESH" "+define+TARGET_FLOO_TEST" "+define+TARGET_IDMA_TEST" "+define+TARGET_RTL" "+define+TARGET_SIMULATION" "+define+TARGET_SNITCH_CLUSTER" "+define+TARGET_TEST" "+define+TARGET_VSIM" "+incdir+/home/socmipo2/workspace_soc_daml/FlooNoC/.bender/git/checkouts/common_cells-ef73fb619e9c374f/include" /home/socmipo2/workspace_soc_daml/FlooNoC/.bender/git/checkouts/fpnew-5fb99191328b33aa/src/fpnew_pkg.sv /home/socmipo2/workspace_soc_daml/FlooNoC/.bender/git/checkouts/fpnew-5fb99191328b33aa/src/fpnew_cast_multi.sv /home/socmipo2/workspace_soc_daml/FlooNoC/.bender/git/checkouts/fpnew-5fb99191328b33aa/src/fpnew_classifier.sv /home/socmipo2/workspace_soc_daml/FlooNoC/.bender/git/checkouts/fpnew-5fb99191328b33aa/vendor/opene906/E906_RTL_FACTORY/gen_rtl/clk/rtl/gated_clk_cell.v /home/socmipo2/workspace_soc_daml/FlooNoC/.bender/git/checkouts/fpnew-5fb99191328b33aa/vendor/opene906/E906_RTL_FACTORY/gen_rtl/fdsu/rtl/pa_fdsu_ctrl.v /home/socmipo2/workspace_soc_daml/FlooNoC/.bender/git/checkouts/fpnew-5fb99191328b33aa/vendor/opene906/E906_RTL_FACTORY/gen_rtl/fdsu/rtl/pa_fdsu_ff1.v /home/socmipo2/workspace_soc_daml/FlooNoC/.bender/git/checkouts/fpnew-5fb99191328b33aa/vendor/opene906/E906_RTL_FACTORY/gen_rtl/fdsu/rtl/pa_fdsu_pack_single.v /home/socmipo2/workspace_soc_daml/FlooNoC/.bender/git/checkouts/fpnew-5fb99191328b33aa/vendor/opene906/E906_RTL_FACTORY/gen_rtl/fdsu/rtl/pa_fdsu_prepare.v /home/socmipo2/workspace_soc_daml/FlooNoC/.bender/git/checkouts/fpnew-5fb99191328b33aa/vendor/opene906/E906_RTL_FACTORY/gen_rtl/fdsu/rtl/pa_fdsu_round_single.v /home/socmipo2/workspace_soc_daml/FlooNoC/.bender/git/checkouts/fpnew-5fb99191328b33aa/vendor/opene906/E906_RTL_FACTORY/gen_rtl/fdsu/rtl/pa_fdsu_special.v /home/socmipo2/workspace_soc_daml/FlooNoC/.bender/git/checkouts/fpnew-5fb99191328b33aa/vendor/opene906/E906_RTL_FACTORY/gen_rtl/fdsu/rtl/pa_fdsu_srt_single.v /home/socmipo2/workspace_soc_daml/FlooNoC/.bender/git/checkouts/fpnew-5fb99191328b33aa/vendor/opene906/E906_RTL_FACTORY/gen_rtl/fdsu/rtl/pa_fdsu_top.v /home/socmipo2/workspace_soc_daml/FlooNoC/.bender/git/checkouts/fpnew-5fb99191328b33aa/vendor/opene906/E906_RTL_FACTORY/gen_rtl/fpu/rtl/pa_fpu_dp.v /home/socmipo2/workspace_soc_daml/FlooNoC/.bender/git/checkouts/fpnew-5fb99191328b33aa/vendor/opene906/E906_RTL_FACTORY/gen_rtl/fpu/rtl/pa_fpu_frbus.v /home/socmipo2/workspace_soc_daml/FlooNoC/.bender/git/checkouts/fpnew-5fb99191328b33aa/vendor/opene906/E906_RTL_FACTORY/gen_rtl/fpu/rtl/pa_fpu_src_type.v /home/socmipo2/workspace_soc_daml/FlooNoC/.bender/git/checkouts/fpnew-5fb99191328b33aa/vendor/openc910/C910_RTL_FACTORY/gen_rtl/vfdsu/rtl/ct_vfdsu_ctrl.v /home/socmipo2/workspace_soc_daml/FlooNoC/.bender/git/checkouts/fpnew-5fb99191328b33aa/vendor/openc910/C910_RTL_FACTORY/gen_rtl/vfdsu/rtl/ct_vfdsu_double.v /home/socmipo2/workspace_soc_daml/FlooNoC/.bender/git/checkouts/fpnew-5fb99191328b33aa/vendor/openc910/C910_RTL_FACTORY/gen_rtl/vfdsu/rtl/ct_vfdsu_ff1.v /home/socmipo2/workspace_soc_daml/FlooNoC/.bender/git/checkouts/fpnew-5fb99191328b33aa/vendor/openc910/C910_RTL_FACTORY/gen_rtl/vfdsu/rtl/ct_vfdsu_pack.v /home/socmipo2/workspace_soc_daml/FlooNoC/.bender/git/checkouts/fpnew-5fb99191328b33aa/vendor/openc910/C910_RTL_FACTORY/gen_rtl/vfdsu/rtl/ct_vfdsu_prepare.v /home/socmipo2/workspace_soc_daml/FlooNoC/.bender/git/checkouts/fpnew-5fb99191328b33aa/vendor/openc910/C910_RTL_FACTORY/gen_rtl/vfdsu/rtl/ct_vfdsu_round.v /home/socmipo2/workspace_soc_daml/FlooNoC/.bender/git/checkouts/fpnew-5fb99191328b33aa/vendor/openc910/C910_RTL_FACTORY/gen_rtl/vfdsu/rtl/ct_vfdsu_scalar_dp.v /home/socmipo2/workspace_soc_daml/FlooNoC/.bender/git/checkouts/fpnew-5fb99191328b33aa/vendor/openc910/C910_RTL_FACTORY/gen_rtl/vfdsu/rtl/ct_vfdsu_srt_radix16_bound_table.v /home/socmipo2/workspace_soc_daml/FlooNoC/.bender/git/checkouts/fpnew-5fb99191328b33aa/vendor/openc910/C910_RTL_FACTORY/gen_rtl/vfdsu/rtl/ct_vfdsu_srt_radix16_with_sqrt.v /home/socmipo2/workspace_soc_daml/FlooNoC/.bender/git/checkouts/fpnew-5fb99191328b33aa/vendor/openc910/C910_RTL_FACTORY/gen_rtl/vfdsu/rtl/ct_vfdsu_srt.v /home/socmipo2/workspace_soc_daml/FlooNoC/.bender/git/checkouts/fpnew-5fb99191328b33aa/vendor/openc910/C910_RTL_FACTORY/gen_rtl/vfdsu/rtl/ct_vfdsu_top.v /home/socmipo2/workspace_soc_daml/FlooNoC/.bender/git/checkouts/fpnew-5fb99191328b33aa/src/fpnew_divsqrt_th_32.sv /home/socmipo2/workspace_soc_daml/FlooNoC/.bender/git/checkouts/fpnew-5fb99191328b33aa/src/fpnew_divsqrt_th_64_multi.sv /home/socmipo2/workspace_soc_daml/FlooNoC/.bender/git/checkouts/fpnew-5fb99191328b33aa/src/fpnew_divsqrt_multi.sv /home/socmipo2/workspace_soc_daml/FlooNoC/.bender/git/checkouts/fpnew-5fb99191328b33aa/src/fpnew_fma.sv /home/socmipo2/workspace_soc_daml/FlooNoC/.bender/git/checkouts/fpnew-5fb99191328b33aa/src/fpnew_fma_multi.sv /home/socmipo2/workspace_soc_daml/FlooNoC/.bender/git/checkouts/fpnew-5fb99191328b33aa/src/fpnew_sdotp_multi.sv /home/socmipo2/workspace_soc_daml/FlooNoC/.bender/git/checkouts/fpnew-5fb99191328b33aa/src/fpnew_sdotp_multi_wrapper.sv /home/socmipo2/workspace_soc_daml/FlooNoC/.bender/git/checkouts/fpnew-5fb99191328b33aa/src/fpnew_noncomp.sv /home/socmipo2/workspace_soc_daml/FlooNoC/.bender/git/checkouts/fpnew-5fb99191328b33aa/src/fpnew_opgroup_block.sv /home/socmipo2/workspace_soc_daml/FlooNoC/.bender/git/checkouts/fpnew-5fb99191328b33aa/src/fpnew_opgroup_fmt_slice.sv /home/socmipo2/workspace_soc_daml/FlooNoC/.bender/git/checkouts/fpnew-5fb99191328b33aa/src/fpnew_opgroup_multifmt_slice.sv /home/socmipo2/workspace_soc_daml/FlooNoC/.bender/git/checkouts/fpnew-5fb99191328b33aa/src/fpnew_rounding.sv /home/socmipo2/workspace_soc_daml/FlooNoC/.bender/git/checkouts/fpnew-5fb99191328b33aa/src/lfsr_sr.sv /home/socmipo2/workspace_soc_daml/FlooNoC/.bender/git/checkouts/fpnew-5fb99191328b33aa/src/fpnew_top.sv 
# -- Compiling package fpnew_pkg
# -- Compiling module fpnew_cast_multi
# -- Compiling module fpnew_classifier
# -- Compiling module gated_clk_cell
# -- Compiling module pa_fdsu_ctrl
# -- Compiling module pa_fdsu_ff1
# -- Compiling module pa_fdsu_pack_single
# -- Compiling module pa_fdsu_prepare
# -- Compiling module pa_fdsu_round_single
# -- Compiling module pa_fdsu_special
# -- Compiling module pa_fdsu_srt_single
# -- Compiling module pa_fdsu_top
# -- Compiling module pa_fpu_dp
# -- Compiling module pa_fpu_frbus
# -- Compiling module pa_fpu_src_type
# -- Compiling module ct_vfdsu_ctrl
# -- Compiling module ct_vfdsu_double
# -- Compiling module ct_vfdsu_ff1
# -- Compiling module ct_vfdsu_pack
# -- Compiling module ct_vfdsu_prepare
# -- Compiling module ct_vfdsu_round
# -- Compiling module ct_vfdsu_scalar_dp
# -- Compiling module ct_vfdsu_srt_radix16_bound_table
# -- Compiling module ct_vfdsu_srt_radix16_with_sqrt
# -- Compiling module ct_vfdsu_srt
# -- Compiling module ct_vfdsu_top
# -- Compiling module fpnew_divsqrt_th_32
# -- Compiling module fpnew_divsqrt_th_64_multi
# -- Compiling module fpnew_divsqrt_multi
# -- Compiling module fpnew_fma
# -- Compiling module fpnew_fma_multi
# -- Compiling module fpnew_sdotp_multi
# -- Compiling module fpnew_sdotp_multi_wrapper
# -- Compiling module fpnew_noncomp
# -- Compiling module fpnew_opgroup_block
# -- Compiling module fpnew_opgroup_fmt_slice
# -- Compiling module fpnew_opgroup_multifmt_slice
# -- Compiling module fpnew_rounding
# -- Compiling module lfsr_sr
# -- Compiling module fpnew_top
# 
# Top level modules:
# 	fpnew_top
# End time: 13:00:24 on Jun 15,2026, Elapsed time: 0:00:00
# Errors: 0, Warnings: 0, Suppressed Warnings: 199
# QuestaSim-64 vlog 10.7b_1 Compiler 2018.07 Jul 26 2018
# Start time: 13:00:24 on Jun 15,2026
# vlog -incr -sv -suppress vlog-2583 -suppress vlog-13314 -suppress vlog-13233 -timescale 1 ns / 1 ps -work work "+define+TARGET_AXI_MESH" "+define+TARGET_FLOO_TEST" "+define+TARGET_IDMA_TEST" "+define+TARGET_RTL" "+define+TARGET_SIMULATION" "+define+TARGET_SNITCH_CLUSTER" "+define+TARGET_TEST" "+define+TARGET_VSIM" "+incdir+/home/socmipo2/workspace_soc_daml/FlooNoC/.bender/git/checkouts/axi-a612f580cfee89bc/include" "+incdir+/home/socmipo2/workspace_soc_daml/FlooNoC/.bender/git/checkouts/axi_stream-a8bcbe2822c64d9e/include" "+incdir+/home/socmipo2/workspace_soc_daml/FlooNoC/.bender/git/checkouts/common_cells-ef73fb619e9c374f/include" "+incdir+/home/socmipo2/workspace_soc_daml/FlooNoC/.bender/git/checkouts/idma-f01407a0935d06d0/src/include" "+incdir+/home/socmipo2/workspace_soc_daml/FlooNoC/.bender/git/checkouts/idma-f01407a0935d06d0/target/rtl/include" "+incdir+/home/socmipo2/workspace_soc_daml/FlooNoC/.bender/git/checkouts/idma-f01407a0935d06d0/test" "+incdir+/home/socmipo2/workspace_soc_daml/FlooNoC/.bender/git/checkouts/obi-9643fc82000491ff/include" "+incdir+/home/socmipo2/workspace_soc_daml/FlooNoC/.bender/git/checkouts/register_interface-03888e8dfd922e83/include" /home/socmipo2/workspace_soc_daml/FlooNoC/.bender/git/checkouts/idma-f01407a0935d06d0/src/idma_pkg.sv /home/socmipo2/workspace_soc_daml/FlooNoC/.bender/git/checkouts/idma-f01407a0935d06d0/src/backend/idma_axil_read.sv /home/socmipo2/workspace_soc_daml/FlooNoC/.bender/git/checkouts/idma-f01407a0935d06d0/src/backend/idma_axil_write.sv /home/socmipo2/workspace_soc_daml/FlooNoC/.bender/git/checkouts/idma-f01407a0935d06d0/src/backend/idma_axi_read.sv /home/socmipo2/workspace_soc_daml/FlooNoC/.bender/git/checkouts/idma-f01407a0935d06d0/src/backend/idma_axi_write.sv /home/socmipo2/workspace_soc_daml/FlooNoC/.bender/git/checkouts/idma-f01407a0935d06d0/src/backend/idma_axis_read.sv /home/socmipo2/workspace_soc_daml/FlooNoC/.bender/git/checkouts/idma-f01407a0935d06d0/src/backend/idma_axis_write.sv /home/socmipo2/workspace_soc_daml/FlooNoC/.bender/git/checkouts/idma-f01407a0935d06d0/src/backend/idma_channel_coupler.sv /home/socmipo2/workspace_soc_daml/FlooNoC/.bender/git/checkouts/idma-f01407a0935d06d0/src/backend/idma_dataflow_element.sv /home/socmipo2/workspace_soc_daml/FlooNoC/.bender/git/checkouts/idma-f01407a0935d06d0/src/backend/idma_error_handler.sv /home/socmipo2/workspace_soc_daml/FlooNoC/.bender/git/checkouts/idma-f01407a0935d06d0/src/backend/idma_init_read.sv /home/socmipo2/workspace_soc_daml/FlooNoC/.bender/git/checkouts/idma-f01407a0935d06d0/src/backend/idma_init_write.sv /home/socmipo2/workspace_soc_daml/FlooNoC/.bender/git/checkouts/idma-f01407a0935d06d0/src/backend/idma_legalizer_page_splitter.sv /home/socmipo2/workspace_soc_daml/FlooNoC/.bender/git/checkouts/idma-f01407a0935d06d0/src/backend/idma_legalizer_pow2_splitter.sv /home/socmipo2/workspace_soc_daml/FlooNoC/.bender/git/checkouts/idma-f01407a0935d06d0/src/backend/idma_obi_read.sv /home/socmipo2/workspace_soc_daml/FlooNoC/.bender/git/checkouts/idma-f01407a0935d06d0/src/backend/idma_obi_write.sv /home/socmipo2/workspace_soc_daml/FlooNoC/.bender/git/checkouts/idma-f01407a0935d06d0/src/backend/idma_tilelink_read.sv /home/socmipo2/workspace_soc_daml/FlooNoC/.bender/git/checkouts/idma-f01407a0935d06d0/src/backend/idma_tilelink_write.sv 
# -- Compiling package idma_pkg
# -- Compiling module idma_axil_read
# -- Compiling module idma_axil_write
# -- Compiling module idma_axi_read
# -- Compiling module idma_axi_write
# -- Compiling module idma_axis_read
# -- Compiling module idma_axis_write
# -- Compiling module idma_channel_coupler
# -- Compiling module idma_dataflow_element
# -- Compiling module idma_error_handler
# -- Compiling module idma_init_read
# -- Compiling module idma_init_write
# -- Compiling module idma_legalizer_page_splitter
# -- Compiling module idma_legalizer_pow2_splitter
# -- Compiling module idma_obi_read
# -- Compiling module idma_obi_write
# -- Compiling module idma_tilelink_read
# -- Compiling module idma_tilelink_write
# 
# Top level modules:
# 	idma_axil_read
# 	idma_axil_write
# 	idma_axi_read
# 	idma_axi_write
# 	idma_axis_read
# 	idma_axis_write
# 	idma_channel_coupler
# 	idma_dataflow_element
# 	idma_error_handler
# 	idma_init_read
# 	idma_init_write
# 	idma_legalizer_page_splitter
# 	idma_legalizer_pow2_splitter
# 	idma_obi_read
# 	idma_obi_write
# 	idma_tilelink_read
# 	idma_tilelink_write
# End time: 13:00:24 on Jun 15,2026, Elapsed time: 0:00:00
# Errors: 0, Warnings: 0, Suppressed Warnings: 54
# QuestaSim-64 vlog 10.7b_1 Compiler 2018.07 Jul 26 2018
# Start time: 13:00:24 on Jun 15,2026
# vlog -incr -sv -suppress vlog-2583 -suppress vlog-13314 -suppress vlog-13233 -timescale 1 ns / 1 ps -work work "+define+TARGET_AXI_MESH" "+define+TARGET_FLOO_TEST" "+define+TARGET_IDMA_TEST" "+define+TARGET_RTL" "+define+TARGET_SIMULATION" "+define+TARGET_SNITCH_CLUSTER" "+define+TARGET_TEST" "+define+TARGET_VSIM" "+incdir+/home/socmipo2/workspace_soc_daml/FlooNoC/.bender/git/checkouts/axi-a612f580cfee89bc/include" "+incdir+/home/socmipo2/workspace_soc_daml/FlooNoC/.bender/git/checkouts/axi_stream-a8bcbe2822c64d9e/include" "+incdir+/home/socmipo2/workspace_soc_daml/FlooNoC/.bender/git/checkouts/common_cells-ef73fb619e9c374f/include" "+incdir+/home/socmipo2/workspace_soc_daml/FlooNoC/.bender/git/checkouts/idma-f01407a0935d06d0/src/include" "+incdir+/home/socmipo2/workspace_soc_daml/FlooNoC/.bender/git/checkouts/idma-f01407a0935d06d0/target/rtl/include" "+incdir+/home/socmipo2/workspace_soc_daml/FlooNoC/.bender/git/checkouts/idma-f01407a0935d06d0/test" "+incdir+/home/socmipo2/workspace_soc_daml/FlooNoC/.bender/git/checkouts/obi-9643fc82000491ff/include" "+incdir+/home/socmipo2/workspace_soc_daml/FlooNoC/.bender/git/checkouts/register_interface-03888e8dfd922e83/include" /home/socmipo2/workspace_soc_daml/FlooNoC/.bender/git/checkouts/idma-f01407a0935d06d0/target/rtl/idma_generated.sv 
# -- Compiling module idma_transport_layer_rw_axi
# -- Compiling module idma_transport_layer_r_obi_w_axi
# -- Compiling module idma_transport_layer_r_axi_w_obi
# -- Compiling module idma_transport_layer_rw_axi_rw_axis
# -- Compiling module idma_transport_layer_r_obi_rw_init_w_axi
# -- Compiling module idma_transport_layer_r_axi_rw_init_rw_obi
# -- Compiling module idma_legalizer_rw_axi
# -- Compiling module idma_legalizer_r_obi_w_axi
# -- Compiling module idma_legalizer_r_axi_w_obi
# -- Compiling module idma_legalizer_rw_axi_rw_axis
# -- Compiling module idma_legalizer_r_obi_rw_init_w_axi
# -- Compiling module idma_legalizer_r_axi_rw_init_rw_obi
# -- Compiling module idma_backend_rw_axi
# -- Compiling module idma_backend_r_obi_w_axi
# -- Compiling module idma_backend_r_axi_w_obi
# -- Compiling module idma_backend_rw_axi_rw_axis
# -- Compiling module idma_backend_r_obi_rw_init_w_axi
# -- Compiling module idma_backend_r_axi_rw_init_rw_obi
# -- Compiling module idma_backend_synth_rw_axi
# -- Compiling module idma_backend_synth_r_obi_w_axi
# -- Compiling module idma_backend_synth_r_axi_w_obi
# -- Compiling module idma_backend_synth_rw_axi_rw_axis
# -- Compiling module idma_backend_synth_r_obi_rw_init_w_axi
# -- Compiling module idma_backend_synth_r_axi_rw_init_rw_obi
# -- Compiling package idma_desc64_reg_pkg
# -- Compiling package idma_reg32_3d_reg_pkg
# -- Compiling package idma_reg64_2d_reg_pkg
# -- Compiling package idma_reg64_1d_reg_pkg
# -- Compiling module idma_desc64_reg_top
# -- Compiling module idma_desc64_reg_top_intf
# -- Compiling module idma_reg32_3d_reg_top
# -- Compiling module idma_reg32_3d_reg_top_intf
# -- Compiling module idma_reg64_2d_reg_top
# -- Compiling module idma_reg64_2d_reg_top_intf
# -- Compiling module idma_reg64_1d_reg_top
# -- Compiling module idma_reg64_1d_reg_top_intf
# -- Compiling module idma_reg32_3d
# -- Compiling module idma_reg64_2d
# -- Compiling module idma_reg64_1d
# 
# Top level modules:
# 	idma_backend_synth_rw_axi
# 	idma_backend_synth_r_obi_w_axi
# 	idma_backend_synth_r_axi_w_obi
# 	idma_backend_synth_rw_axi_rw_axis
# 	idma_backend_synth_r_obi_rw_init_w_axi
# 	idma_backend_synth_r_axi_rw_init_rw_obi
# 	idma_desc64_reg_top_intf
# 	idma_reg32_3d_reg_top_intf
# 	idma_reg64_2d_reg_top_intf
# 	idma_reg64_1d_reg_top_intf
# 	idma_reg32_3d
# 	idma_reg64_2d
# 	idma_reg64_1d
# End time: 13:00:24 on Jun 15,2026, Elapsed time: 0:00:00
# Errors: 0, Warnings: 0, Suppressed Warnings: 147
# QuestaSim-64 vlog 10.7b_1 Compiler 2018.07 Jul 26 2018
# Start time: 13:00:24 on Jun 15,2026
# vlog -incr -sv -suppress vlog-2583 -suppress vlog-13314 -suppress vlog-13233 -timescale 1 ns / 1 ps -work work "+define+TARGET_AXI_MESH" "+define+TARGET_FLOO_TEST" "+define+TARGET_IDMA_TEST" "+define+TARGET_RTL" "+define+TARGET_SIMULATION" "+define+TARGET_SNITCH_CLUSTER" "+define+TARGET_TEST" "+define+TARGET_VSIM" "+incdir+/home/socmipo2/workspace_soc_daml/FlooNoC/.bender/git/checkouts/axi-a612f580cfee89bc/include" "+incdir+/home/socmipo2/workspace_soc_daml/FlooNoC/.bender/git/checkouts/axi_stream-a8bcbe2822c64d9e/include" "+incdir+/home/socmipo2/workspace_soc_daml/FlooNoC/.bender/git/checkouts/common_cells-ef73fb619e9c374f/include" "+incdir+/home/socmipo2/workspace_soc_daml/FlooNoC/.bender/git/checkouts/idma-f01407a0935d06d0/src/include" "+incdir+/home/socmipo2/workspace_soc_daml/FlooNoC/.bender/git/checkouts/idma-f01407a0935d06d0/target/rtl/include" "+incdir+/home/socmipo2/workspace_soc_daml/FlooNoC/.bender/git/checkouts/idma-f01407a0935d06d0/test" "+incdir+/home/socmipo2/workspace_soc_daml/FlooNoC/.bender/git/checkouts/obi-9643fc82000491ff/include" "+incdir+/home/socmipo2/workspace_soc_daml/FlooNoC/.bender/git/checkouts/register_interface-03888e8dfd922e83/include" /home/socmipo2/workspace_soc_daml/FlooNoC/.bender/git/checkouts/idma-f01407a0935d06d0/src/midend/idma_mp_dist_midend.sv /home/socmipo2/workspace_soc_daml/FlooNoC/.bender/git/checkouts/idma-f01407a0935d06d0/src/midend/idma_mp_split_midend.sv /home/socmipo2/workspace_soc_daml/FlooNoC/.bender/git/checkouts/idma-f01407a0935d06d0/src/midend/idma_nd_midend.sv /home/socmipo2/workspace_soc_daml/FlooNoC/.bender/git/checkouts/idma-f01407a0935d06d0/src/midend/idma_rt_midend.sv 
# -- Compiling module idma_mp_dist_midend
# -- Compiling module idma_mp_split_midend
# -- Compiling module idma_nd_midend
# -- Compiling module idma_nd_counter
# -- Compiling module idma_rt_midend
# 
# Top level modules:
# 	idma_mp_dist_midend
# 	idma_mp_split_midend
# 	idma_nd_midend
# 	idma_rt_midend
# End time: 13:00:24 on Jun 15,2026, Elapsed time: 0:00:00
# Errors: 0, Warnings: 0, Suppressed Warnings: 5
# QuestaSim-64 vlog 10.7b_1 Compiler 2018.07 Jul 26 2018
# Start time: 13:00:24 on Jun 15,2026
# vlog -incr -sv -suppress vlog-2583 -suppress vlog-13314 -suppress vlog-13233 -timescale 1 ns / 1 ps -work work "+define+TARGET_AXI_MESH" "+define+TARGET_FLOO_TEST" "+define+TARGET_IDMA_TEST" "+define+TARGET_RTL" "+define+TARGET_SIMULATION" "+define+TARGET_SNITCH_CLUSTER" "+define+TARGET_TEST" "+define+TARGET_VSIM" "+incdir+/home/socmipo2/workspace_soc_daml/FlooNoC/.bender/git/checkouts/axi-a612f580cfee89bc/include" "+incdir+/home/socmipo2/workspace_soc_daml/FlooNoC/.bender/git/checkouts/axi_stream-a8bcbe2822c64d9e/include" "+incdir+/home/socmipo2/workspace_soc_daml/FlooNoC/.bender/git/checkouts/common_cells-ef73fb619e9c374f/include" "+incdir+/home/socmipo2/workspace_soc_daml/FlooNoC/.bender/git/checkouts/idma-f01407a0935d06d0/src/include" "+incdir+/home/socmipo2/workspace_soc_daml/FlooNoC/.bender/git/checkouts/idma-f01407a0935d06d0/target/rtl/include" "+incdir+/home/socmipo2/workspace_soc_daml/FlooNoC/.bender/git/checkouts/idma-f01407a0935d06d0/test" "+incdir+/home/socmipo2/workspace_soc_daml/FlooNoC/.bender/git/checkouts/obi-9643fc82000491ff/include" "+incdir+/home/socmipo2/workspace_soc_daml/FlooNoC/.bender/git/checkouts/register_interface-03888e8dfd922e83/include" /home/socmipo2/workspace_soc_daml/FlooNoC/.bender/git/checkouts/idma-f01407a0935d06d0/src/frontend/inst64/idma_inst64_snitch_pkg.sv 
# -- Compiling package idma_inst64_snitch_pkg
# 
# Top level modules:
# 	--none--
# End time: 13:00:24 on Jun 15,2026, Elapsed time: 0:00:00
# Errors: 0, Warnings: 0
# QuestaSim-64 vlog 10.7b_1 Compiler 2018.07 Jul 26 2018
# Start time: 13:00:24 on Jun 15,2026
# vlog -incr -sv -suppress vlog-2583 -suppress vlog-13314 -suppress vlog-13233 -timescale 1 ns / 1 ps -work work "+define+TARGET_AXI_MESH" "+define+TARGET_FLOO_TEST" "+define+TARGET_IDMA_TEST" "+define+TARGET_RTL" "+define+TARGET_SIMULATION" "+define+TARGET_SNITCH_CLUSTER" "+define+TARGET_TEST" "+define+TARGET_VSIM" "+incdir+/home/socmipo2/workspace_soc_daml/FlooNoC/.bender/git/checkouts/axi-a612f580cfee89bc/include" "+incdir+/home/socmipo2/workspace_soc_daml/FlooNoC/.bender/git/checkouts/axi_stream-a8bcbe2822c64d9e/include" "+incdir+/home/socmipo2/workspace_soc_daml/FlooNoC/.bender/git/checkouts/common_cells-ef73fb619e9c374f/include" "+incdir+/home/socmipo2/workspace_soc_daml/FlooNoC/.bender/git/checkouts/idma-f01407a0935d06d0/src/include" "+incdir+/home/socmipo2/workspace_soc_daml/FlooNoC/.bender/git/checkouts/idma-f01407a0935d06d0/target/rtl/include" "+incdir+/home/socmipo2/workspace_soc_daml/FlooNoC/.bender/git/checkouts/idma-f01407a0935d06d0/test" "+incdir+/home/socmipo2/workspace_soc_daml/FlooNoC/.bender/git/checkouts/obi-9643fc82000491ff/include" "+incdir+/home/socmipo2/workspace_soc_daml/FlooNoC/.bender/git/checkouts/register_interface-03888e8dfd922e83/include" /home/socmipo2/workspace_soc_daml/FlooNoC/.bender/git/checkouts/idma-f01407a0935d06d0/src/frontend/desc64/idma_desc64_ar_gen.sv /home/socmipo2/workspace_soc_daml/FlooNoC/.bender/git/checkouts/idma-f01407a0935d06d0/src/frontend/desc64/idma_desc64_ar_gen_prefetch.sv /home/socmipo2/workspace_soc_daml/FlooNoC/.bender/git/checkouts/idma-f01407a0935d06d0/src/frontend/desc64/idma_desc64_reader.sv /home/socmipo2/workspace_soc_daml/FlooNoC/.bender/git/checkouts/idma-f01407a0935d06d0/src/frontend/desc64/idma_desc64_reader_gater.sv /home/socmipo2/workspace_soc_daml/FlooNoC/.bender/git/checkouts/idma-f01407a0935d06d0/src/frontend/desc64/idma_desc64_reshaper.sv /home/socmipo2/workspace_soc_daml/FlooNoC/.bender/git/checkouts/idma-f01407a0935d06d0/src/frontend/idma_transfer_id_gen.sv 
# -- Compiling module idma_desc64_ar_gen
# -- Compiling module idma_desc64_ar_gen_prefetch
# -- Compiling module idma_desc64_reader
# -- Compiling module idma_desc64_reader_gater
# -- Compiling module idma_desc64_reshaper
# -- Compiling module idma_transfer_id_gen
# 
# Top level modules:
# 	idma_desc64_ar_gen
# 	idma_desc64_ar_gen_prefetch
# 	idma_desc64_reader
# 	idma_desc64_reader_gater
# 	idma_transfer_id_gen
# End time: 13:00:24 on Jun 15,2026, Elapsed time: 0:00:00
# Errors: 0, Warnings: 0, Suppressed Warnings: 14
# QuestaSim-64 vlog 10.7b_1 Compiler 2018.07 Jul 26 2018
# Start time: 13:00:24 on Jun 15,2026
# vlog -incr -sv -suppress vlog-2583 -suppress vlog-13314 -suppress vlog-13233 -timescale 1 ns / 1 ps -work work "+define+TARGET_AXI_MESH" "+define+TARGET_FLOO_TEST" "+define+TARGET_IDMA_TEST" "+define+TARGET_RTL" "+define+TARGET_SIMULATION" "+define+TARGET_SNITCH_CLUSTER" "+define+TARGET_TEST" "+define+TARGET_VSIM" "+incdir+/home/socmipo2/workspace_soc_daml/FlooNoC/.bender/git/checkouts/axi-a612f580cfee89bc/include" "+incdir+/home/socmipo2/workspace_soc_daml/FlooNoC/.bender/git/checkouts/axi_stream-a8bcbe2822c64d9e/include" "+incdir+/home/socmipo2/workspace_soc_daml/FlooNoC/.bender/git/checkouts/common_cells-ef73fb619e9c374f/include" "+incdir+/home/socmipo2/workspace_soc_daml/FlooNoC/.bender/git/checkouts/idma-f01407a0935d06d0/src/include" "+incdir+/home/socmipo2/workspace_soc_daml/FlooNoC/.bender/git/checkouts/idma-f01407a0935d06d0/target/rtl/include" "+incdir+/home/socmipo2/workspace_soc_daml/FlooNoC/.bender/git/checkouts/idma-f01407a0935d06d0/test" "+incdir+/home/socmipo2/workspace_soc_daml/FlooNoC/.bender/git/checkouts/obi-9643fc82000491ff/include" "+incdir+/home/socmipo2/workspace_soc_daml/FlooNoC/.bender/git/checkouts/register_interface-03888e8dfd922e83/include" /home/socmipo2/workspace_soc_daml/FlooNoC/.bender/git/checkouts/idma-f01407a0935d06d0/src/frontend/inst64/idma_inst64_events.sv 
# -- Compiling module idma_inst64_events
# 
# Top level modules:
# 	idma_inst64_events
# End time: 13:00:24 on Jun 15,2026, Elapsed time: 0:00:00
# Errors: 0, Warnings: 0
# QuestaSim-64 vlog 10.7b_1 Compiler 2018.07 Jul 26 2018
# Start time: 13:00:24 on Jun 15,2026
# vlog -incr -sv -suppress vlog-2583 -suppress vlog-13314 -suppress vlog-13233 -timescale 1 ns / 1 ps -work work "+define+TARGET_AXI_MESH" "+define+TARGET_FLOO_TEST" "+define+TARGET_IDMA_TEST" "+define+TARGET_RTL" "+define+TARGET_SIMULATION" "+define+TARGET_SNITCH_CLUSTER" "+define+TARGET_TEST" "+define+TARGET_VSIM" "+incdir+/home/socmipo2/workspace_soc_daml/FlooNoC/.bender/git/checkouts/axi-a612f580cfee89bc/include" "+incdir+/home/socmipo2/workspace_soc_daml/FlooNoC/.bender/git/checkouts/axi_stream-a8bcbe2822c64d9e/include" "+incdir+/home/socmipo2/workspace_soc_daml/FlooNoC/.bender/git/checkouts/common_cells-ef73fb619e9c374f/include" "+incdir+/home/socmipo2/workspace_soc_daml/FlooNoC/.bender/git/checkouts/idma-f01407a0935d06d0/src/include" "+incdir+/home/socmipo2/workspace_soc_daml/FlooNoC/.bender/git/checkouts/idma-f01407a0935d06d0/target/rtl/include" "+incdir+/home/socmipo2/workspace_soc_daml/FlooNoC/.bender/git/checkouts/idma-f01407a0935d06d0/test" "+incdir+/home/socmipo2/workspace_soc_daml/FlooNoC/.bender/git/checkouts/obi-9643fc82000491ff/include" "+incdir+/home/socmipo2/workspace_soc_daml/FlooNoC/.bender/git/checkouts/register_interface-03888e8dfd922e83/include" /home/socmipo2/workspace_soc_daml/FlooNoC/.bender/git/checkouts/idma-f01407a0935d06d0/src/frontend/desc64/idma_desc64_reg_wrapper.sv 
# -- Compiling module idma_desc64_reg_wrapper
# 
# Top level modules:
# 	idma_desc64_reg_wrapper
# End time: 13:00:25 on Jun 15,2026, Elapsed time: 0:00:01
# Errors: 0, Warnings: 0, Suppressed Warnings: 1
# QuestaSim-64 vlog 10.7b_1 Compiler 2018.07 Jul 26 2018
# Start time: 13:00:25 on Jun 15,2026
# vlog -incr -sv -suppress vlog-2583 -suppress vlog-13314 -suppress vlog-13233 -timescale 1 ns / 1 ps -work work "+define+TARGET_AXI_MESH" "+define+TARGET_FLOO_TEST" "+define+TARGET_IDMA_TEST" "+define+TARGET_RTL" "+define+TARGET_SIMULATION" "+define+TARGET_SNITCH_CLUSTER" "+define+TARGET_TEST" "+define+TARGET_VSIM" "+incdir+/home/socmipo2/workspace_soc_daml/FlooNoC/.bender/git/checkouts/axi-a612f580cfee89bc/include" "+incdir+/home/socmipo2/workspace_soc_daml/FlooNoC/.bender/git/checkouts/axi_stream-a8bcbe2822c64d9e/include" "+incdir+/home/socmipo2/workspace_soc_daml/FlooNoC/.bender/git/checkouts/common_cells-ef73fb619e9c374f/include" "+incdir+/home/socmipo2/workspace_soc_daml/FlooNoC/.bender/git/checkouts/idma-f01407a0935d06d0/src/include" "+incdir+/home/socmipo2/workspace_soc_daml/FlooNoC/.bender/git/checkouts/idma-f01407a0935d06d0/target/rtl/include" "+incdir+/home/socmipo2/workspace_soc_daml/FlooNoC/.bender/git/checkouts/idma-f01407a0935d06d0/test" "+incdir+/home/socmipo2/workspace_soc_daml/FlooNoC/.bender/git/checkouts/obi-9643fc82000491ff/include" "+incdir+/home/socmipo2/workspace_soc_daml/FlooNoC/.bender/git/checkouts/register_interface-03888e8dfd922e83/include" /home/socmipo2/workspace_soc_daml/FlooNoC/.bender/git/checkouts/idma-f01407a0935d06d0/src/frontend/inst64/idma_inst64_top.sv 
# -- Compiling module idma_inst64_top
# 
# Top level modules:
# 	idma_inst64_top
# End time: 13:00:25 on Jun 15,2026, Elapsed time: 0:00:00
# Errors: 0, Warnings: 0
# QuestaSim-64 vlog 10.7b_1 Compiler 2018.07 Jul 26 2018
# Start time: 13:00:25 on Jun 15,2026
# vlog -incr -sv -suppress vlog-2583 -suppress vlog-13314 -suppress vlog-13233 -timescale 1 ns / 1 ps -work work "+define+TARGET_AXI_MESH" "+define+TARGET_FLOO_TEST" "+define+TARGET_IDMA_TEST" "+define+TARGET_RTL" "+define+TARGET_SIMULATION" "+define+TARGET_SNITCH_CLUSTER" "+define+TARGET_TEST" "+define+TARGET_VSIM" "+incdir+/home/socmipo2/workspace_soc_daml/FlooNoC/.bender/git/checkouts/axi-a612f580cfee89bc/include" "+incdir+/home/socmipo2/workspace_soc_daml/FlooNoC/.bender/git/checkouts/axi_stream-a8bcbe2822c64d9e/include" "+incdir+/home/socmipo2/workspace_soc_daml/FlooNoC/.bender/git/checkouts/common_cells-ef73fb619e9c374f/include" "+incdir+/home/socmipo2/workspace_soc_daml/FlooNoC/.bender/git/checkouts/idma-f01407a0935d06d0/src/include" "+incdir+/home/socmipo2/workspace_soc_daml/FlooNoC/.bender/git/checkouts/idma-f01407a0935d06d0/target/rtl/include" "+incdir+/home/socmipo2/workspace_soc_daml/FlooNoC/.bender/git/checkouts/idma-f01407a0935d06d0/test" "+incdir+/home/socmipo2/workspace_soc_daml/FlooNoC/.bender/git/checkouts/obi-9643fc82000491ff/include" "+incdir+/home/socmipo2/workspace_soc_daml/FlooNoC/.bender/git/checkouts/register_interface-03888e8dfd922e83/include" /home/socmipo2/workspace_soc_daml/FlooNoC/.bender/git/checkouts/idma-f01407a0935d06d0/src/frontend/desc64/idma_desc64_top.sv 
# -- Compiling module idma_desc64_top
# 
# Top level modules:
# 	idma_desc64_top
# End time: 13:00:25 on Jun 15,2026, Elapsed time: 0:00:00
# Errors: 0, Warnings: 0, Suppressed Warnings: 11
# QuestaSim-64 vlog 10.7b_1 Compiler 2018.07 Jul 26 2018
# Start time: 13:00:25 on Jun 15,2026
# vlog -incr -sv -suppress vlog-2583 -suppress vlog-13314 -suppress vlog-13233 -timescale 1 ns / 1 ps -work work "+define+TARGET_AXI_MESH" "+define+TARGET_FLOO_TEST" "+define+TARGET_IDMA_TEST" "+define+TARGET_RTL" "+define+TARGET_SIMULATION" "+define+TARGET_SNITCH_CLUSTER" "+define+TARGET_TEST" "+define+TARGET_VSIM" "+incdir+/home/socmipo2/workspace_soc_daml/FlooNoC/.bender/git/checkouts/axi-a612f580cfee89bc/include" "+incdir+/home/socmipo2/workspace_soc_daml/FlooNoC/.bender/git/checkouts/axi_stream-a8bcbe2822c64d9e/include" "+incdir+/home/socmipo2/workspace_soc_daml/FlooNoC/.bender/git/checkouts/common_cells-ef73fb619e9c374f/include" "+incdir+/home/socmipo2/workspace_soc_daml/FlooNoC/.bender/git/checkouts/idma-f01407a0935d06d0/src/include" "+incdir+/home/socmipo2/workspace_soc_daml/FlooNoC/.bender/git/checkouts/idma-f01407a0935d06d0/target/rtl/include" "+incdir+/home/socmipo2/workspace_soc_daml/FlooNoC/.bender/git/checkouts/idma-f01407a0935d06d0/test" "+incdir+/home/socmipo2/workspace_soc_daml/FlooNoC/.bender/git/checkouts/obi-9643fc82000491ff/include" "+incdir+/home/socmipo2/workspace_soc_daml/FlooNoC/.bender/git/checkouts/register_interface-03888e8dfd922e83/include" /home/socmipo2/workspace_soc_daml/FlooNoC/.bender/git/checkouts/idma-f01407a0935d06d0/test/idma_intf.sv /home/socmipo2/workspace_soc_daml/FlooNoC/.bender/git/checkouts/idma-f01407a0935d06d0/test/idma_test.sv /home/socmipo2/workspace_soc_daml/FlooNoC/.bender/git/checkouts/idma-f01407a0935d06d0/test/frontend/tb_idma_desc64_top.sv /home/socmipo2/workspace_soc_daml/FlooNoC/.bender/git/checkouts/idma-f01407a0935d06d0/test/frontend/tb_idma_desc64_bench.sv /home/socmipo2/workspace_soc_daml/FlooNoC/.bender/git/checkouts/idma-f01407a0935d06d0/test/future/idma_tb_per2axi.sv /home/socmipo2/workspace_soc_daml/FlooNoC/.bender/git/checkouts/idma-f01407a0935d06d0/test/future/TLToAXI4.v /home/socmipo2/workspace_soc_daml/FlooNoC/.bender/git/checkouts/idma-f01407a0935d06d0/test/midend/tb_idma_nd_midend.sv /home/socmipo2/workspace_soc_daml/FlooNoC/.bender/git/checkouts/idma-f01407a0935d06d0/test/midend/tb_idma_rt_midend.sv /home/socmipo2/workspace_soc_daml/FlooNoC/.bender/git/checkouts/idma-f01407a0935d06d0/test/future/idma_obi2axi_bridge.sv /home/socmipo2/workspace_soc_daml/FlooNoC/.bender/git/checkouts/idma-f01407a0935d06d0/test/future/idma_tilelink2axi_bridge.sv 
# -- Compiling interface IDMA_DV
# -- Compiling interface IDMA_ND_DV
# -- Compiling package idma_test
# ** Warning: /home/socmipo2/workspace_soc_daml/FlooNoC/.bender/git/checkouts/idma-f01407a0935d06d0/test/frontend/tb_idma_desc64_top.sv(355): (vlog-2897) Using non-standard foreach loop variable list syntax.
# -- Compiling module tb_idma_desc64_top
# ** Warning: /home/socmipo2/workspace_soc_daml/FlooNoC/.bender/git/checkouts/idma-f01407a0935d06d0/test/frontend/tb_idma_desc64_bench.sv(567): (vlog-2897) Using non-standard foreach loop variable list syntax.
# -- Compiling module tb_idma_desc64_bench
# -- Compiling module idma_tb_fifo_v3
# -- Compiling module idma_tb_fifo_v2
# -- Compiling module idma_tb_fifo
# -- Compiling module idma_tb_axi_single_slice
# -- Compiling module idma_tb_axi_ar_buffer
# -- Compiling module idma_tb_axi_aw_buffer
# -- Compiling module idma_tb_axi_b_buffer
# -- Compiling module idma_tb_axi_r_buffer
# -- Compiling module idma_tb_axi_w_buffer
# -- Compiling module idma_tb_per2axi_busy_unit
# -- Compiling module idma_tb_per2axi_req_channel
# -- Compiling module idma_tb_per2axi_res_channel
# -- Compiling module idma_tb_per2axi
# -- Compiling module plusarg_reader
# -- Compiling module TLMonitor_4
# -- Compiling module Queue_10
# -- Compiling module Queue_11
# -- Compiling module TLToAXI4
# -- Compiling module tb_idma_nd_midend
# -- Compiling module tb_idma_rt_midend
# -- Compiling module idma_obi2axi_bridge
# -- Compiling module idma_tilelink2axi_bridge
# 
# Top level modules:
# 	tb_idma_desc64_top
# 	tb_idma_desc64_bench
# 	tb_idma_nd_midend
# 	tb_idma_rt_midend
# 	idma_obi2axi_bridge
# 	idma_tilelink2axi_bridge
# End time: 13:00:25 on Jun 15,2026, Elapsed time: 0:00:00
# Errors: 0, Warnings: 2
# QuestaSim-64 vlog 10.7b_1 Compiler 2018.07 Jul 26 2018
# Start time: 13:00:25 on Jun 15,2026
# vlog -incr -sv -suppress vlog-2583 -suppress vlog-13314 -suppress vlog-13233 -timescale 1 ns / 1 ps -work work "+define+TARGET_AXI_MESH" "+define+TARGET_FLOO_TEST" "+define+TARGET_IDMA_TEST" "+define+TARGET_RTL" "+define+TARGET_SIMULATION" "+define+TARGET_SNITCH_CLUSTER" "+define+TARGET_TEST" "+define+TARGET_VSIM" "+incdir+/home/socmipo2/workspace_soc_daml/FlooNoC/.bender/git/checkouts/axi-a612f580cfee89bc/include" "+incdir+/home/socmipo2/workspace_soc_daml/FlooNoC/.bender/git/checkouts/axi_stream-a8bcbe2822c64d9e/include" "+incdir+/home/socmipo2/workspace_soc_daml/FlooNoC/.bender/git/checkouts/common_cells-ef73fb619e9c374f/include" "+incdir+/home/socmipo2/workspace_soc_daml/FlooNoC/.bender/git/checkouts/idma-f01407a0935d06d0/src/include" "+incdir+/home/socmipo2/workspace_soc_daml/FlooNoC/.bender/git/checkouts/idma-f01407a0935d06d0/target/rtl/include" "+incdir+/home/socmipo2/workspace_soc_daml/FlooNoC/.bender/git/checkouts/idma-f01407a0935d06d0/test" "+incdir+/home/socmipo2/workspace_soc_daml/FlooNoC/.bender/git/checkouts/obi-9643fc82000491ff/include" "+incdir+/home/socmipo2/workspace_soc_daml/FlooNoC/.bender/git/checkouts/register_interface-03888e8dfd922e83/include" /home/socmipo2/workspace_soc_daml/FlooNoC/.bender/git/checkouts/idma-f01407a0935d06d0/target/rtl/tb_idma_generated.sv 
# -- Compiling module tb_idma_backend_rw_axi
# -- Compiling module tb_idma_backend_r_obi_w_axi
# -- Compiling module tb_idma_backend_r_axi_w_obi
# -- Compiling module tb_idma_backend_rw_axi_rw_axis
# -- Compiling module tb_idma_backend_r_obi_rw_init_w_axi
# -- Compiling module tb_idma_backend_r_axi_rw_init_rw_obi
# 
# Top level modules:
# 	tb_idma_backend_rw_axi
# 	tb_idma_backend_r_obi_w_axi
# 	tb_idma_backend_r_axi_w_obi
# 	tb_idma_backend_rw_axi_rw_axis
# 	tb_idma_backend_r_obi_rw_init_w_axi
# 	tb_idma_backend_r_axi_rw_init_rw_obi
# End time: 13:00:25 on Jun 15,2026, Elapsed time: 0:00:00
# Errors: 0, Warnings: 0
# QuestaSim-64 vlog 10.7b_1 Compiler 2018.07 Jul 26 2018
# Start time: 13:00:25 on Jun 15,2026
# vlog -incr -sv -suppress vlog-2583 -suppress vlog-13314 -suppress vlog-13233 -timescale 1 ns / 1 ps -work work "+define+TARGET_AXI_MESH" "+define+TARGET_FLOO_TEST" "+define+TARGET_IDMA_TEST" "+define+TARGET_RTL" "+define+TARGET_SIMULATION" "+define+TARGET_SNITCH_CLUSTER" "+define+TARGET_TEST" "+define+TARGET_VSIM" "+incdir+/home/socmipo2/workspace_soc_daml/FlooNoC/.bender/git/checkouts/axi-a612f580cfee89bc/include" "+incdir+/home/socmipo2/workspace_soc_daml/FlooNoC/.bender/git/checkouts/common_cells-ef73fb619e9c374f/include" "+incdir+/home/socmipo2/workspace_soc_daml/FlooNoC/.bender/git/checkouts/idma-f01407a0935d06d0/src/include" "+incdir+/home/socmipo2/workspace_soc_daml/FlooNoC/.bender/git/checkouts/idma-f01407a0935d06d0/target/rtl/include" "+incdir+/home/socmipo2/workspace_soc_daml/FlooNoC/.bender/git/checkouts/idma-f01407a0935d06d0/test" "+incdir+/home/socmipo2/workspace_soc_daml/FlooNoC/hw/include" /home/socmipo2/workspace_soc_daml/FlooNoC/hw/axi_pkg.sv /home/socmipo2/workspace_soc_daml/FlooNoC/hw/floo_pkg.sv /home/socmipo2/workspace_soc_daml/FlooNoC/hw/floo_axi_pkg.sv /home/socmipo2/workspace_soc_daml/FlooNoC/hw/floo_cut.sv /home/socmipo2/workspace_soc_daml/FlooNoC/hw/floo_fifo.sv /home/socmipo2/workspace_soc_daml/FlooNoC/hw/floo_cdc.sv /home/socmipo2/workspace_soc_daml/FlooNoC/hw/floo_route_select.sv /home/socmipo2/workspace_soc_daml/FlooNoC/hw/floo_id_translation.sv /home/socmipo2/workspace_soc_daml/FlooNoC/hw/floo_vc_arbiter.sv /home/socmipo2/workspace_soc_daml/FlooNoC/hw/floo_wormhole_arbiter.sv /home/socmipo2/workspace_soc_daml/FlooNoC/hw/floo_simple_rob.sv /home/socmipo2/workspace_soc_daml/FlooNoC/hw/floo_rob.sv /home/socmipo2/workspace_soc_daml/FlooNoC/hw/floo_rob_wrapper.sv /home/socmipo2/workspace_soc_daml/FlooNoC/hw/floo_reduction_sync.sv /home/socmipo2/workspace_soc_daml/FlooNoC/hw/floo_route_xymask.sv /home/socmipo2/workspace_soc_daml/FlooNoC/hw/floo_alu.sv /home/socmipo2/workspace_soc_daml/FlooNoC/hw/floo_route_comp.sv /home/socmipo2/workspace_soc_daml/FlooNoC/hw/floo_meta_buffer.sv /home/socmipo2/workspace_soc_daml/FlooNoC/hw/floo_reduction_arbiter.sv /home/socmipo2/workspace_soc_daml/FlooNoC/hw/floo_reduction_unit.sv /home/socmipo2/workspace_soc_daml/FlooNoC/hw/floo_output_arbiter.sv /home/socmipo2/workspace_soc_daml/FlooNoC/hw/floo_multicut.sv /home/socmipo2/workspace_soc_daml/FlooNoC/hw/floo_burst_splitter_gran_ax_chan.sv /home/socmipo2/workspace_soc_daml/FlooNoC/hw/floo_burst_splitter_gran.sv /home/socmipo2/workspace_soc_daml/FlooNoC/hw/floo_nw_join.sv /home/socmipo2/workspace_soc_daml/FlooNoC/hw/floo_burst_splitter.sv /home/socmipo2/workspace_soc_daml/FlooNoC/hw/floo_axi_chimney.sv /home/socmipo2/workspace_soc_daml/FlooNoC/hw/floo_axi_chimney_wrap.sv /home/socmipo2/workspace_soc_daml/FlooNoC/hw/floo_nw_chimney.sv /home/socmipo2/workspace_soc_daml/FlooNoC/hw/floo_router.sv /home/socmipo2/workspace_soc_daml/FlooNoC/hw/floo_axi_router.sv /home/socmipo2/workspace_soc_daml/FlooNoC/hw/floo_nw_router.sv 
# -- Compiling package axi_pkg
# -- Compiling package floo_pkg
# -- Compiling package floo_axi_pkg
# -- Compiling module floo_cut
# -- Compiling module floo_fifo
# -- Compiling module floo_cdc
# -- Compiling module floo_route_select
# -- Compiling module floo_id_translation
# -- Compiling module floo_vc_arbiter
# -- Compiling module floo_wormhole_arbiter
# -- Compiling module floo_simple_rob
# -- Compiling module floo_rob
# -- Compiling module floo_rob_status_table
# -- Compiling module floo_rob_wrapper
# -- Compiling module floo_reduction_sync
# -- Compiling module floo_route_xymask
# -- Compiling package floo_alu_pkg
# -- Compiling module floo_reduction_alu
# -- Compiling module floo_alu_top
# -- Compiling module floo_route_comp
# -- Compiling module floo_meta_buffer
# -- Compiling module floo_reduction_arbiter
# -- Compiling module floo_reduction_unit
# -- Compiling module floo_output_arbiter
# -- Compiling module floo_multicut
# -- Compiling module floo_burst_splitter_gran_ax_chan
# -- Compiling module floo_burst_splitter_gran_counters
# -- Compiling module floo_burst_splitter_gran
# -- Compiling module floo_nw_join
# -- Compiling module floo_burst_splitter
# -- Compiling module floo_axi_chimney
# -- Compiling module floo_axi_chimney_wrap
# -- Compiling module floo_nw_chimney
# -- Compiling module floo_router
# -- Compiling module floo_axi_router
# -- Compiling module floo_nw_router
# 
# Top level modules:
# 	floo_fifo
# 	floo_cdc
# 	floo_reduction_alu
# 	floo_route_comp
# 	floo_nw_join
# 	floo_axi_chimney_wrap
# 	floo_nw_chimney
# 	floo_axi_router
# 	floo_nw_router
# End time: 13:00:25 on Jun 15,2026, Elapsed time: 0:00:00
# Errors: 0, Warnings: 0, Suppressed Warnings: 243
# QuestaSim-64 vlog 10.7b_1 Compiler 2018.07 Jul 26 2018
# Start time: 13:00:25 on Jun 15,2026
# vlog -incr -sv -suppress vlog-2583 -suppress vlog-13314 -suppress vlog-13233 -timescale 1 ns / 1 ps -work work "+define+TARGET_AXI_MESH" "+define+TARGET_FLOO_TEST" "+define+TARGET_IDMA_TEST" "+define+TARGET_RTL" "+define+TARGET_SIMULATION" "+define+TARGET_SNITCH_CLUSTER" "+define+TARGET_TEST" "+define+TARGET_VSIM" "+incdir+/home/socmipo2/workspace_soc_daml/FlooNoC/.bender/git/checkouts/axi-a612f580cfee89bc/include" "+incdir+/home/socmipo2/workspace_soc_daml/FlooNoC/.bender/git/checkouts/common_cells-ef73fb619e9c374f/include" "+incdir+/home/socmipo2/workspace_soc_daml/FlooNoC/.bender/git/checkouts/idma-f01407a0935d06d0/src/include" "+incdir+/home/socmipo2/workspace_soc_daml/FlooNoC/.bender/git/checkouts/idma-f01407a0935d06d0/target/rtl/include" "+incdir+/home/socmipo2/workspace_soc_daml/FlooNoC/.bender/git/checkouts/idma-f01407a0935d06d0/test" "+incdir+/home/socmipo2/workspace_soc_daml/FlooNoC/hw/include" "+incdir+/home/socmipo2/workspace_soc_daml/FlooNoC/hw/test/include" /home/socmipo2/workspace_soc_daml/FlooNoC/hw/test/floo_test_pkg.sv /home/socmipo2/workspace_soc_daml/FlooNoC/hw/test/floo_axi_test_node.sv /home/socmipo2/workspace_soc_daml/FlooNoC/hw/test/floo_axi_rand_slave.sv /home/socmipo2/workspace_soc_daml/FlooNoC/hw/test/floo_dma_test_node.sv /home/socmipo2/workspace_soc_daml/FlooNoC/hw/test/axi_reorder_compare.sv /home/socmipo2/workspace_soc_daml/FlooNoC/hw/test/axi_reorder_compare_multicast.sv /home/socmipo2/workspace_soc_daml/FlooNoC/hw/test/axi_reorder_remap_compare.sv /home/socmipo2/workspace_soc_daml/FlooNoC/hw/test/axi_bw_monitor.sv /home/socmipo2/workspace_soc_daml/FlooNoC/hw/test/floo_hbm_model.sv /home/socmipo2/workspace_soc_daml/FlooNoC/hw/test/axi_aw_w_sync.sv /home/socmipo2/workspace_soc_daml/FlooNoC/hw/tb/tb_floo_axi_chimney.sv /home/socmipo2/workspace_soc_daml/FlooNoC/hw/tb/tb_floo_nw_chimney.sv /home/socmipo2/workspace_soc_daml/FlooNoC/hw/tb/tb_floo_router.sv /home/socmipo2/workspace_soc_daml/FlooNoC/hw/tb/tb_floo_rob.sv /home/socmipo2/workspace_soc_daml/FlooNoC/hw/tb/tb_floo_rob_multicast.sv 
# -- Compiling package floo_test_pkg
# -- Compiling module floo_axi_test_node
# -- Compiling module floo_axi_rand_slave
# -- Compiling module floo_dma_test_node
# -- Compiling module axi_reorder_compare
# -- Compiling module axi_reorder_compare_multicast
# -- Compiling module axi_reorder_remap_compare
# -- Compiling module axi_bw_monitor
# -- Compiling module floo_hbm_model
# -- Compiling module axi_aw_w_sync
# -- Compiling module tb_floo_axi_chimney
# -- Compiling module tb_floo_nw_chimney
# -- Compiling module tb_floo_router
# -- Compiling module tb_floo_rob
# -- Compiling module tb_floo_rob_multicast
# 
# Top level modules:
# 	floo_dma_test_node
# 	floo_hbm_model
# 	tb_floo_axi_chimney
# 	tb_floo_nw_chimney
# 	tb_floo_router
# 	tb_floo_rob
# 	tb_floo_rob_multicast
# End time: 13:00:25 on Jun 15,2026, Elapsed time: 0:00:00
# Errors: 0, Warnings: 0
# QuestaSim-64 vlog 10.7b_1 Compiler 2018.07 Jul 26 2018
# Start time: 13:00:25 on Jun 15,2026
# vlog -incr -sv -suppress vlog-2583 -suppress vlog-13314 -suppress vlog-13233 -timescale 1 ns / 1 ps -work work "+define+TARGET_AXI_MESH" "+define+TARGET_FLOO_TEST" "+define+TARGET_IDMA_TEST" "+define+TARGET_RTL" "+define+TARGET_SIMULATION" "+define+TARGET_SNITCH_CLUSTER" "+define+TARGET_TEST" "+define+TARGET_VSIM" "+incdir+/home/socmipo2/workspace_soc_daml/FlooNoC/.bender/git/checkouts/axi-a612f580cfee89bc/include" "+incdir+/home/socmipo2/workspace_soc_daml/FlooNoC/.bender/git/checkouts/common_cells-ef73fb619e9c374f/include" "+incdir+/home/socmipo2/workspace_soc_daml/FlooNoC/.bender/git/checkouts/idma-f01407a0935d06d0/src/include" "+incdir+/home/socmipo2/workspace_soc_daml/FlooNoC/.bender/git/checkouts/idma-f01407a0935d06d0/target/rtl/include" "+incdir+/home/socmipo2/workspace_soc_daml/FlooNoC/.bender/git/checkouts/idma-f01407a0935d06d0/test" "+incdir+/home/socmipo2/workspace_soc_daml/FlooNoC/hw/include" /home/socmipo2/workspace_soc_daml/FlooNoC/generated/floo_axi_mesh_noc_pkg.sv /home/socmipo2/workspace_soc_daml/FlooNoC/generated/floo_axi_mesh_noc.sv 
# -- Compiling package floo_axi_mesh_noc_pkg
# -- Compiling module floo_axi_mesh_noc
# 
# Top level modules:
# 	floo_axi_mesh_noc
# End time: 13:00:25 on Jun 15,2026, Elapsed time: 0:00:00
# Errors: 0, Warnings: 0, Suppressed Warnings: 3
# QuestaSim-64 vlog 10.7b_1 Compiler 2018.07 Jul 26 2018
# Start time: 13:00:25 on Jun 15,2026
# vlog -incr -sv -suppress vlog-2583 -suppress vlog-13314 -suppress vlog-13233 -timescale 1 ns / 1 ps -work work "+define+TARGET_AXI_MESH" "+define+TARGET_FLOO_TEST" "+define+TARGET_IDMA_TEST" "+define+TARGET_RTL" "+define+TARGET_SIMULATION" "+define+TARGET_SNITCH_CLUSTER" "+define+TARGET_TEST" "+define+TARGET_VSIM" "+incdir+/home/socmipo2/workspace_soc_daml/FlooNoC/.bender/git/checkouts/axi-a612f580cfee89bc/include" "+incdir+/home/socmipo2/workspace_soc_daml/FlooNoC/.bender/git/checkouts/common_cells-ef73fb619e9c374f/include" "+incdir+/home/socmipo2/workspace_soc_daml/FlooNoC/.bender/git/checkouts/idma-f01407a0935d06d0/src/include" "+incdir+/home/socmipo2/workspace_soc_daml/FlooNoC/.bender/git/checkouts/idma-f01407a0935d06d0/target/rtl/include" "+incdir+/home/socmipo2/workspace_soc_daml/FlooNoC/.bender/git/checkouts/idma-f01407a0935d06d0/test" "+incdir+/home/socmipo2/workspace_soc_daml/FlooNoC/hw/include" "+incdir+/home/socmipo2/workspace_soc_daml/FlooNoC/hw/test/include" /home/socmipo2/workspace_soc_daml/FlooNoC/hw/tb/tb_floo_axi_mesh.sv 
# -- Compiling module tb_floo_axi_mesh
# 
# Top level modules:
# 	tb_floo_axi_mesh
# End time: 13:00:25 on Jun 15,2026, Elapsed time: 0:00:00
# Errors: 0, Warnings: 0
#  quit
vsim -c +JOB_NAME=axi_mesh_xy +JOB_DIR=/home/socmipo2/workspace_soc_daml/FlooNoC/hw/test/jobs -64 -t 1ps -sv_seed 0 -quiet -work work -suppress vsim-3009 -suppress vsim-8386 tb_floo_axi_mesh -do "run -all; quit"
Reading pref.tcl

# 10.7b_1

# vsim -c "+JOB_NAME=axi_mesh_xy" "+JOB_DIR=/home/socmipo2/workspace_soc_daml/FlooNoC/hw/test/jobs" -t 1ps -sv_seed 0 -quiet -suppress vsim-3009 -suppress vsim-8386 tb_floo_axi_mesh -do "run -all; quit" 
# Start time: 13:00:26 on Jun 15,2026
# ** Note: (vsim-3812) Design is being optimized...
# ** Warning: /home/socmipo2/workspace_soc_daml/FlooNoC/hw/floo_axi_chimney_wrap.sv(110): (vopt-2241) Connection width does not match width of port 'mst_resp_i'. The port definition is at: /home/socmipo2/workspace_soc_daml/FlooNoC/hw/floo_burst_splitter.sv(30).
# ** Warning: /home/socmipo2/workspace_soc_daml/FlooNoC/hw/floo_axi_chimney_wrap.sv(110): (vopt-2241) Connection width does not match width of port 'mst_resp_i'. The port definition is at: /home/socmipo2/workspace_soc_daml/FlooNoC/hw/floo_burst_splitter.sv(30).
# ** Warning: /home/socmipo2/workspace_soc_daml/FlooNoC/hw/floo_axi_chimney_wrap.sv(110): (vopt-2241) Connection width does not match width of port 'mst_resp_i'. The port definition is at: /home/socmipo2/workspace_soc_daml/FlooNoC/hw/floo_burst_splitter.sv(30).
# ** Warning: /home/socmipo2/workspace_soc_daml/FlooNoC/hw/floo_axi_chimney_wrap.sv(110): (vopt-2241) Connection width does not match width of port 'mst_resp_i'. The port definition is at: /home/socmipo2/workspace_soc_daml/FlooNoC/hw/floo_burst_splitter.sv(30).
# ** Warning: /home/socmipo2/workspace_soc_daml/FlooNoC/hw/floo_axi_chimney_wrap.sv(110): (vopt-2241) Connection width does not match width of port 'mst_resp_i'. The port definition is at: /home/socmipo2/workspace_soc_daml/FlooNoC/hw/floo_burst_splitter.sv(30).
# ** Warning: /home/socmipo2/workspace_soc_daml/FlooNoC/hw/floo_axi_chimney_wrap.sv(110): (vopt-2241) Connection width does not match width of port 'mst_resp_i'. The port definition is at: /home/socmipo2/workspace_soc_daml/FlooNoC/hw/floo_burst_splitter.sv(30).
# ** Warning: /home/socmipo2/workspace_soc_daml/FlooNoC/hw/floo_axi_chimney_wrap.sv(110): (vopt-2241) Connection width does not match width of port 'mst_resp_i'. The port definition is at: /home/socmipo2/workspace_soc_daml/FlooNoC/hw/floo_burst_splitter.sv(30).
# ** Warning: /home/socmipo2/workspace_soc_daml/FlooNoC/hw/floo_axi_chimney_wrap.sv(110): (vopt-2241) Connection width does not match width of port 'mst_resp_i'. The port definition is at: /home/socmipo2/workspace_soc_daml/FlooNoC/hw/floo_burst_splitter.sv(30).
# ** Warning: /home/socmipo2/workspace_soc_daml/FlooNoC/hw/floo_axi_chimney_wrap.sv(110): (vopt-2241) Connection width does not match width of port 'mst_resp_i'. The port definition is at: /home/socmipo2/workspace_soc_daml/FlooNoC/hw/floo_burst_splitter.sv(30).
# ** Warning: /home/socmipo2/workspace_soc_daml/FlooNoC/hw/floo_axi_chimney_wrap.sv(110): (vopt-2241) Connection width does not match width of port 'mst_resp_i'. The port definition is at: /home/socmipo2/workspace_soc_daml/FlooNoC/hw/floo_burst_splitter.sv(30).
# ** Warning: /home/socmipo2/workspace_soc_daml/FlooNoC/hw/floo_axi_chimney_wrap.sv(110): (vopt-2241) Connection width does not match width of port 'mst_resp_i'. The port definition is at: /home/socmipo2/workspace_soc_daml/FlooNoC/hw/floo_burst_splitter.sv(30).
# ** Warning: /home/socmipo2/workspace_soc_daml/FlooNoC/hw/floo_axi_chimney_wrap.sv(110): (vopt-2241) Connection width does not match width of port 'mst_resp_i'. The port definition is at: /home/socmipo2/workspace_soc_daml/FlooNoC/hw/floo_burst_splitter.sv(30).
# ** Warning: /home/socmipo2/workspace_soc_daml/FlooNoC/hw/floo_axi_chimney_wrap.sv(110): (vopt-2241) Connection width does not match width of port 'mst_resp_i'. The port definition is at: /home/socmipo2/workspace_soc_daml/FlooNoC/hw/floo_burst_splitter.sv(30).
# ** Warning: /home/socmipo2/workspace_soc_daml/FlooNoC/hw/floo_axi_chimney_wrap.sv(110): (vopt-2241) Connection width does not match width of port 'mst_resp_i'. The port definition is at: /home/socmipo2/workspace_soc_daml/FlooNoC/hw/floo_burst_splitter.sv(30).
# ** Warning: /home/socmipo2/workspace_soc_daml/FlooNoC/hw/floo_axi_chimney_wrap.sv(110): (vopt-2241) Connection width does not match width of port 'mst_resp_i'. The port definition is at: /home/socmipo2/workspace_soc_daml/FlooNoC/hw/floo_burst_splitter.sv(30).
# ** Warning: /home/socmipo2/workspace_soc_daml/FlooNoC/hw/floo_axi_chimney_wrap.sv(110): (vopt-2241) Connection width does not match width of port 'mst_resp_i'. The port definition is at: /home/socmipo2/workspace_soc_daml/FlooNoC/hw/floo_burst_splitter.sv(30).
# ** Warning: /home/socmipo2/workspace_soc_daml/FlooNoC/hw/floo_axi_chimney_wrap.sv(110): (vopt-2241) Connection width does not match width of port 'mst_resp_i'. The port definition is at: /home/socmipo2/workspace_soc_daml/FlooNoC/hw/floo_burst_splitter.sv(30).
# ** Warning: /home/socmipo2/workspace_soc_daml/FlooNoC/hw/floo_axi_chimney_wrap.sv(110): (vopt-2241) Connection width does not match width of port 'mst_resp_i'. The port definition is at: /home/socmipo2/workspace_soc_daml/FlooNoC/hw/floo_burst_splitter.sv(30).
# ** Warning: /home/socmipo2/workspace_soc_daml/FlooNoC/hw/floo_axi_chimney_wrap.sv(110): (vopt-2241) Connection width does not match width of port 'mst_resp_i'. The port definition is at: /home/socmipo2/workspace_soc_daml/FlooNoC/hw/floo_burst_splitter.sv(30).
# ** Warning: /home/socmipo2/workspace_soc_daml/FlooNoC/hw/floo_axi_chimney_wrap.sv(110): (vopt-2241) Connection width does not match width of port 'mst_resp_i'. The port definition is at: /home/socmipo2/workspace_soc_daml/FlooNoC/hw/floo_burst_splitter.sv(30).
# ** Error (suppressible): (vopt-13276) /home/socmipo2/workspace_soc_daml/FlooNoC/hw/floo_burst_splitter_gran.sv(200): Could not find field/method name (aw) in 'axi_aw' of 'slv_req.req.axi_aw.aw'.
# ** Error (suppressible): (vopt-13276) /home/socmipo2/workspace_soc_daml/FlooNoC/hw/floo_burst_splitter_gran.sv(206): Could not find field/method name (b) in 'axi_b' of 'mst_floo_rsp_i.rsp.axi_b.b.id'.
# ** Error (suppressible): (vopt-13276) /home/socmipo2/workspace_soc_daml/FlooNoC/hw/floo_burst_splitter_gran.sv(208): Could not find field/method name (b) in 'axi_b' of 'mst_floo_rsp_i.rsp.axi_b.b.resp'.
# ** Error (suppressible): (vopt-13276) /home/socmipo2/workspace_soc_daml/FlooNoC/hw/floo_burst_splitter_gran.sv(227): Could not find field/method name (w) in 'axi_w' of 'slv_req.req.axi_w.w'.
# ** Error (suppressible): (vopt-13276) /home/socmipo2/workspace_soc_daml/FlooNoC/hw/floo_burst_splitter_gran.sv(233): Could not find field/method name (w) in 'axi_w' of 'slv_req.req.axi_w.w.last'.
# ** Error (suppressible): (vopt-13276) /home/socmipo2/workspace_soc_daml/FlooNoC/hw/floo_burst_splitter_gran.sv(283): Could not find field/method name (b) in 'axi_b' of 'mst_floo_rsp_i.rsp.axi_b.b'.
# ** Error (suppressible): (vopt-13276) /home/socmipo2/workspace_soc_daml/FlooNoC/hw/floo_burst_splitter_gran.sv(200): Could not find field/method name (aw) in 'axi_aw' of 'slv_req.req.axi_aw.aw'.
# ** Error (suppressible): (vopt-13276) /home/socmipo2/workspace_soc_daml/FlooNoC/hw/floo_burst_splitter_gran.sv(206): Could not find field/method name (b) in 'axi_b' of 'mst_floo_rsp_i.rsp.axi_b.b.id'.
# ** Error (suppressible): (vopt-13276) /home/socmipo2/workspace_soc_daml/FlooNoC/hw/floo_burst_splitter_gran.sv(208): Could not find field/method name (b) in 'axi_b' of 'mst_floo_rsp_i.rsp.axi_b.b.resp'.
# ** Error (suppressible): (vopt-13276) /home/socmipo2/workspace_soc_daml/FlooNoC/hw/floo_burst_splitter_gran.sv(227): Could not find field/method name (w) in 'axi_w' of 'slv_req.req.axi_w.w'.
# ** Error (suppressible): (vopt-13276) /home/socmipo2/workspace_soc_daml/FlooNoC/hw/floo_burst_splitter_gran.sv(233): Could not find field/method name (w) in 'axi_w' of 'slv_req.req.axi_w.w.last'.
# ** Error (suppressible): (vopt-13276) /home/socmipo2/workspace_soc_daml/FlooNoC/hw/floo_burst_splitter_gran.sv(283): Could not find field/method name (b) in 'axi_b' of 'mst_floo_rsp_i.rsp.axi_b.b'.
# ** Error (suppressible): (vopt-13276) /home/socmipo2/workspace_soc_daml/FlooNoC/hw/floo_burst_splitter_gran.sv(200): Could not find field/method name (aw) in 'axi_aw' of 'slv_req.req.axi_aw.aw'.
# ** Error (suppressible): (vopt-13276) /home/socmipo2/workspace_soc_daml/FlooNoC/hw/floo_burst_splitter_gran.sv(206): Could not find field/method name (b) in 'axi_b' of 'mst_floo_rsp_i.rsp.axi_b.b.id'.
# ** Error (suppressible): (vopt-13276) /home/socmipo2/workspace_soc_daml/FlooNoC/hw/floo_burst_splitter_gran.sv(208): Could not find field/method name (b) in 'axi_b' of 'mst_floo_rsp_i.rsp.axi_b.b.resp'.
# ** Error (suppressible): (vopt-13276) /home/socmipo2/workspace_soc_daml/FlooNoC/hw/floo_burst_splitter_gran.sv(227): Could not find field/method name (w) in 'axi_w' of 'slv_req.req.axi_w.w'.
# ** Error (suppressible): (vopt-13276) /home/socmipo2/workspace_soc_daml/FlooNoC/hw/floo_burst_splitter_gran.sv(233): Could not find field/method name (w) in 'axi_w' of 'slv_req.req.axi_w.w.last'.
# ** Error (suppressible): (vopt-13276) /home/socmipo2/workspace_soc_daml/FlooNoC/hw/floo_burst_splitter_gran.sv(283): Could not find field/method name (b) in 'axi_b' of 'mst_floo_rsp_i.rsp.axi_b.b'.
# ** Error (suppressible): (vopt-13276) /home/socmipo2/workspace_soc_daml/FlooNoC/hw/floo_burst_splitter_gran.sv(200): Could not find field/method name (aw) in 'axi_aw' of 'slv_req.req.axi_aw.aw'.
# ** Error (suppressible): (vopt-13276) /home/socmipo2/workspace_soc_daml/FlooNoC/hw/floo_burst_splitter_gran.sv(206): Could not find field/method name (b) in 'axi_b' of 'mst_floo_rsp_i.rsp.axi_b.b.id'.
# ** Error (suppressible): (vopt-13276) /home/socmipo2/workspace_soc_daml/FlooNoC/hw/floo_burst_splitter_gran.sv(208): Could not find field/method name (b) in 'axi_b' of 'mst_floo_rsp_i.rsp.axi_b.b.resp'.
# ** Error (suppressible): (vopt-13276) /home/socmipo2/workspace_soc_daml/FlooNoC/hw/floo_burst_splitter_gran.sv(227): Could not find field/method name (w) in 'axi_w' of 'slv_req.req.axi_w.w'.
# ** Error (suppressible): (vopt-13276) /home/socmipo2/workspace_soc_daml/FlooNoC/hw/floo_burst_splitter_gran.sv(233): Could not find field/method name (w) in 'axi_w' of 'slv_req.req.axi_w.w.last'.
# ** Error (suppressible): (vopt-13276) /home/socmipo2/workspace_soc_daml/FlooNoC/hw/floo_burst_splitter_gran.sv(283): Could not find field/method name (b) in 'axi_b' of 'mst_floo_rsp_i.rsp.axi_b.b'.
# ** Error (suppressible): (vopt-13276) /home/socmipo2/workspace_soc_daml/FlooNoC/hw/floo_burst_splitter_gran.sv(200): Could not find field/method name (aw) in 'axi_aw' of 'slv_req.req.axi_aw.aw'.
# ** Error (suppressible): (vopt-13276) /home/socmipo2/workspace_soc_daml/FlooNoC/hw/floo_burst_splitter_gran.sv(206): Could not find field/method name (b) in 'axi_b' of 'mst_floo_rsp_i.rsp.axi_b.b.id'.
# ** Error (suppressible): (vopt-13276) /home/socmipo2/workspace_soc_daml/FlooNoC/hw/floo_burst_splitter_gran.sv(208): Could not find field/method name (b) in 'axi_b' of 'mst_floo_rsp_i.rsp.axi_b.b.resp'.
# ** Error (suppressible): (vopt-13276) /home/socmipo2/workspace_soc_daml/FlooNoC/hw/floo_burst_splitter_gran.sv(227): Could not find field/method name (w) in 'axi_w' of 'slv_req.req.axi_w.w'.
# ** Error (suppressible): (vopt-13276) /home/socmipo2/workspace_soc_daml/FlooNoC/hw/floo_burst_splitter_gran.sv(233): Could not find field/method name (w) in 'axi_w' of 'slv_req.req.axi_w.w.last'.
# ** Error (suppressible): (vopt-13276) /home/socmipo2/workspace_soc_daml/FlooNoC/hw/floo_burst_splitter_gran.sv(283): Could not find field/method name (b) in 'axi_b' of 'mst_floo_rsp_i.rsp.axi_b.b'.
# ** Error (suppressible): (vopt-13276) /home/socmipo2/workspace_soc_daml/FlooNoC/hw/floo_burst_splitter_gran.sv(200): Could not find field/method name (aw) in 'axi_aw' of 'slv_req.req.axi_aw.aw'.
# ** Error (suppressible): (vopt-13276) /home/socmipo2/workspace_soc_daml/FlooNoC/hw/floo_burst_splitter_gran.sv(206): Could not find field/method name (b) in 'axi_b' of 'mst_floo_rsp_i.rsp.axi_b.b.id'.
# ** Error (suppressible): (vopt-13276) /home/socmipo2/workspace_soc_daml/FlooNoC/hw/floo_burst_splitter_gran.sv(208): Could not find field/method name (b) in 'axi_b' of 'mst_floo_rsp_i.rsp.axi_b.b.resp'.
# ** Error (suppressible): (vopt-13276) /home/socmipo2/workspace_soc_daml/FlooNoC/hw/floo_burst_splitter_gran.sv(227): Could not find field/method name (w) in 'axi_w' of 'slv_req.req.axi_w.w'.
# ** Error (suppressible): (vopt-13276) /home/socmipo2/workspace_soc_daml/FlooNoC/hw/floo_burst_splitter_gran.sv(233): Could not find field/method name (w) in 'axi_w' of 'slv_req.req.axi_w.w.last'.
# ** Error (suppressible): (vopt-13276) /home/socmipo2/workspace_soc_daml/FlooNoC/hw/floo_burst_splitter_gran.sv(283): Could not find field/method name (b) in 'axi_b' of 'mst_floo_rsp_i.rsp.axi_b.b'.
# ** Error (suppressible): (vopt-13276) /home/socmipo2/workspace_soc_daml/FlooNoC/hw/floo_burst_splitter_gran.sv(200): Could not find field/method name (aw) in 'axi_aw' of 'slv_req.req.axi_aw.aw'.
# ** Error (suppressible): (vopt-13276) /home/socmipo2/workspace_soc_daml/FlooNoC/hw/floo_burst_splitter_gran.sv(206): Could not find field/method name (b) in 'axi_b' of 'mst_floo_rsp_i.rsp.axi_b.b.id'.
# ** Error (suppressible): (vopt-13276) /home/socmipo2/workspace_soc_daml/FlooNoC/hw/floo_burst_splitter_gran.sv(208): Could not find field/method name (b) in 'axi_b' of 'mst_floo_rsp_i.rsp.axi_b.b.resp'.
# ** Error (suppressible): (vopt-13276) /home/socmipo2/workspace_soc_daml/FlooNoC/hw/floo_burst_splitter_gran.sv(227): Could not find field/method name (w) in 'axi_w' of 'slv_req.req.axi_w.w'.
# ** Error (suppressible): (vopt-13276) /home/socmipo2/workspace_soc_daml/FlooNoC/hw/floo_burst_splitter_gran.sv(233): Could not find field/method name (w) in 'axi_w' of 'slv_req.req.axi_w.w.last'.
# ** Error (suppressible): (vopt-13276) /home/socmipo2/workspace_soc_daml/FlooNoC/hw/floo_burst_splitter_gran.sv(283): Could not find field/method name (b) in 'axi_b' of 'mst_floo_rsp_i.rsp.axi_b.b'.
# ** Error (suppressible): (vopt-13276) /home/socmipo2/workspace_soc_daml/FlooNoC/hw/floo_burst_splitter_gran.sv(200): Could not find field/method name (aw) in 'axi_aw' of 'slv_req.req.axi_aw.aw'.
# ** Error (suppressible): (vopt-13276) /home/socmipo2/workspace_soc_daml/FlooNoC/hw/floo_burst_splitter_gran.sv(206): Could not find field/method name (b) in 'axi_b' of 'mst_floo_rsp_i.rsp.axi_b.b.id'.
# ** Error (suppressible): (vopt-13276) /home/socmipo2/workspace_soc_daml/FlooNoC/hw/floo_burst_splitter_gran.sv(208): Could not find field/method name (b) in 'axi_b' of 'mst_floo_rsp_i.rsp.axi_b.b.resp'.
# ** Error (suppressible): (vopt-13276) /home/socmipo2/workspace_soc_daml/FlooNoC/hw/floo_burst_splitter_gran.sv(227): Could not find field/method name (w) in 'axi_w' of 'slv_req.req.axi_w.w'.
# ** Error (suppressible): (vopt-13276) /home/socmipo2/workspace_soc_daml/FlooNoC/hw/floo_burst_splitter_gran.sv(233): Could not find field/method name (w) in 'axi_w' of 'slv_req.req.axi_w.w.last'.
# ** Error (suppressible): (vopt-13276) /home/socmipo2/workspace_soc_daml/FlooNoC/hw/floo_burst_splitter_gran.sv(283): Could not find field/method name (b) in 'axi_b' of 'mst_floo_rsp_i.rsp.axi_b.b'.
# ** Error (suppressible): (vopt-13276) /home/socmipo2/workspace_soc_daml/FlooNoC/hw/floo_burst_splitter_gran.sv(200): Could not find field/method name (aw) in 'axi_aw' of 'slv_req.req.axi_aw.aw'.
# ** Error (suppressible): (vopt-13276) /home/socmipo2/workspace_soc_daml/FlooNoC/hw/floo_burst_splitter_gran.sv(206): Could not find field/method name (b) in 'axi_b' of 'mst_floo_rsp_i.rsp.axi_b.b.id'.
# ** Error (suppressible): (vopt-13276) /home/socmipo2/workspace_soc_daml/FlooNoC/hw/floo_burst_splitter_gran.sv(208): Could not find field/method name (b) in 'axi_b' of 'mst_floo_rsp_i.rsp.axi_b.b.resp'.
# ** Error (suppressible): (vopt-13276) /home/socmipo2/workspace_soc_daml/FlooNoC/hw/floo_burst_splitter_gran.sv(227): Could not find field/method name (w) in 'axi_w' of 'slv_req.req.axi_w.w'.
# ** Error (suppressible): (vopt-13276) /home/socmipo2/workspace_soc_daml/FlooNoC/hw/floo_burst_splitter_gran.sv(233): Could not find field/method name (w) in 'axi_w' of 'slv_req.req.axi_w.w.last'.
# ** Error (suppressible): (vopt-13276) /home/socmipo2/workspace_soc_daml/FlooNoC/hw/floo_burst_splitter_gran.sv(283): Could not find field/method name (b) in 'axi_b' of 'mst_floo_rsp_i.rsp.axi_b.b'.
# ** Error (suppressible): (vopt-13276) /home/socmipo2/workspace_soc_daml/FlooNoC/hw/floo_burst_splitter_gran.sv(200): Could not find field/method name (aw) in 'axi_aw' of 'slv_req.req.axi_aw.aw'.
# ** Error (suppressible): (vopt-13276) /home/socmipo2/workspace_soc_daml/FlooNoC/hw/floo_burst_splitter_gran.sv(206): Could not find field/method name (b) in 'axi_b' of 'mst_floo_rsp_i.rsp.axi_b.b.id'.
# ** Error (suppressible): (vopt-13276) /home/socmipo2/workspace_soc_daml/FlooNoC/hw/floo_burst_splitter_gran.sv(208): Could not find field/method name (b) in 'axi_b' of 'mst_floo_rsp_i.rsp.axi_b.b.resp'.
# ** Error (suppressible): (vopt-13276) /home/socmipo2/workspace_soc_daml/FlooNoC/hw/floo_burst_splitter_gran.sv(227): Could not find field/method name (w) in 'axi_w' of 'slv_req.req.axi_w.w'.
# ** Error (suppressible): (vopt-13276) /home/socmipo2/workspace_soc_daml/FlooNoC/hw/floo_burst_splitter_gran.sv(233): Could not find field/method name (w) in 'axi_w' of 'slv_req.req.axi_w.w.last'.
# ** Error (suppressible): (vopt-13276) /home/socmipo2/workspace_soc_daml/FlooNoC/hw/floo_burst_splitter_gran.sv(283): Could not find field/method name (b) in 'axi_b' of 'mst_floo_rsp_i.rsp.axi_b.b'.
# ** Error (suppressible): (vopt-13276) /home/socmipo2/workspace_soc_daml/FlooNoC/hw/floo_burst_splitter_gran.sv(200): Could not find field/method name (aw) in 'axi_aw' of 'slv_req.req.axi_aw.aw'.
# ** Error (suppressible): (vopt-13276) /home/socmipo2/workspace_soc_daml/FlooNoC/hw/floo_burst_splitter_gran.sv(206): Could not find field/method name (b) in 'axi_b' of 'mst_floo_rsp_i.rsp.axi_b.b.id'.
# ** Error (suppressible): (vopt-13276) /home/socmipo2/workspace_soc_daml/FlooNoC/hw/floo_burst_splitter_gran.sv(208): Could not find field/method name (b) in 'axi_b' of 'mst_floo_rsp_i.rsp.axi_b.b.resp'.
# ** Error (suppressible): (vopt-13276) /home/socmipo2/workspace_soc_daml/FlooNoC/hw/floo_burst_splitter_gran.sv(227): Could not find field/method name (w) in 'axi_w' of 'slv_req.req.axi_w.w'.
# ** Error (suppressible): (vopt-13276) /home/socmipo2/workspace_soc_daml/FlooNoC/hw/floo_burst_splitter_gran.sv(233): Could not find field/method name (w) in 'axi_w' of 'slv_req.req.axi_w.w.last'.
# ** Error (suppressible): (vopt-13276) /home/socmipo2/workspace_soc_daml/FlooNoC/hw/floo_burst_splitter_gran.sv(283): Could not find field/method name (b) in 'axi_b' of 'mst_floo_rsp_i.rsp.axi_b.b'.
# ** Error (suppressible): (vopt-13276) /home/socmipo2/workspace_soc_daml/FlooNoC/hw/floo_burst_splitter_gran.sv(200): Could not find field/method name (aw) in 'axi_aw' of 'slv_req.req.axi_aw.aw'.
# ** Error (suppressible): (vopt-13276) /home/socmipo2/workspace_soc_daml/FlooNoC/hw/floo_burst_splitter_gran.sv(206): Could not find field/method name (b) in 'axi_b' of 'mst_floo_rsp_i.rsp.axi_b.b.id'.
# ** Error (suppressible): (vopt-13276) /home/socmipo2/workspace_soc_daml/FlooNoC/hw/floo_burst_splitter_gran.sv(208): Could not find field/method name (b) in 'axi_b' of 'mst_floo_rsp_i.rsp.axi_b.b.resp'.
# ** Error (suppressible): (vopt-13276) /home/socmipo2/workspace_soc_daml/FlooNoC/hw/floo_burst_splitter_gran.sv(227): Could not find field/method name (w) in 'axi_w' of 'slv_req.req.axi_w.w'.
# ** Error (suppressible): (vopt-13276) /home/socmipo2/workspace_soc_daml/FlooNoC/hw/floo_burst_splitter_gran.sv(233): Could not find field/method name (w) in 'axi_w' of 'slv_req.req.axi_w.w.last'.
# ** Error (suppressible): (vopt-13276) /home/socmipo2/workspace_soc_daml/FlooNoC/hw/floo_burst_splitter_gran.sv(283): Could not find field/method name (b) in 'axi_b' of 'mst_floo_rsp_i.rsp.axi_b.b'.
# ** Error (suppressible): (vopt-13276) /home/socmipo2/workspace_soc_daml/FlooNoC/hw/floo_burst_splitter_gran.sv(200): Could not find field/method name (aw) in 'axi_aw' of 'slv_req.req.axi_aw.aw'.
# ** Error (suppressible): (vopt-13276) /home/socmipo2/workspace_soc_daml/FlooNoC/hw/floo_burst_splitter_gran.sv(206): Could not find field/method name (b) in 'axi_b' of 'mst_floo_rsp_i.rsp.axi_b.b.id'.
# ** Error (suppressible): (vopt-13276) /home/socmipo2/workspace_soc_daml/FlooNoC/hw/floo_burst_splitter_gran.sv(208): Could not find field/method name (b) in 'axi_b' of 'mst_floo_rsp_i.rsp.axi_b.b.resp'.
# ** Error (suppressible): (vopt-13276) /home/socmipo2/workspace_soc_daml/FlooNoC/hw/floo_burst_splitter_gran.sv(227): Could not find field/method name (w) in 'axi_w' of 'slv_req.req.axi_w.w'.
# ** Error (suppressible): (vopt-13276) /home/socmipo2/workspace_soc_daml/FlooNoC/hw/floo_burst_splitter_gran.sv(233): Could not find field/method name (w) in 'axi_w' of 'slv_req.req.axi_w.w.last'.
# ** Error (suppressible): (vopt-13276) /home/socmipo2/workspace_soc_daml/FlooNoC/hw/floo_burst_splitter_gran.sv(283): Could not find field/method name (b) in 'axi_b' of 'mst_floo_rsp_i.rsp.axi_b.b'.
# ** Error (suppressible): (vopt-13276) /home/socmipo2/workspace_soc_daml/FlooNoC/hw/floo_burst_splitter_gran.sv(200): Could not find field/method name (aw) in 'axi_aw' of 'slv_req.req.axi_aw.aw'.
# ** Error (suppressible): (vopt-13276) /home/socmipo2/workspace_soc_daml/FlooNoC/hw/floo_burst_splitter_gran.sv(206): Could not find field/method name (b) in 'axi_b' of 'mst_floo_rsp_i.rsp.axi_b.b.id'.
# ** Error (suppressible): (vopt-13276) /home/socmipo2/workspace_soc_daml/FlooNoC/hw/floo_burst_splitter_gran.sv(208): Could not find field/method name (b) in 'axi_b' of 'mst_floo_rsp_i.rsp.axi_b.b.resp'.
# ** Error (suppressible): (vopt-13276) /home/socmipo2/workspace_soc_daml/FlooNoC/hw/floo_burst_splitter_gran.sv(227): Could not find field/method name (w) in 'axi_w' of 'slv_req.req.axi_w.w'.
# ** Error (suppressible): (vopt-13276) /home/socmipo2/workspace_soc_daml/FlooNoC/hw/floo_burst_splitter_gran.sv(233): Could not find field/method name (w) in 'axi_w' of 'slv_req.req.axi_w.w.last'.
# ** Error (suppressible): (vopt-13276) /home/socmipo2/workspace_soc_daml/FlooNoC/hw/floo_burst_splitter_gran.sv(283): Could not find field/method name (b) in 'axi_b' of 'mst_floo_rsp_i.rsp.axi_b.b'.
# ** Error (suppressible): (vopt-13276) /home/socmipo2/workspace_soc_daml/FlooNoC/hw/floo_burst_splitter_gran.sv(200): Could not find field/method name (aw) in 'axi_aw' of 'slv_req.req.axi_aw.aw'.
# ** Error (suppressible): (vopt-13276) /home/socmipo2/workspace_soc_daml/FlooNoC/hw/floo_burst_splitter_gran.sv(206): Could not find field/method name (b) in 'axi_b' of 'mst_floo_rsp_i.rsp.axi_b.b.id'.
# ** Error (suppressible): (vopt-13276) /home/socmipo2/workspace_soc_daml/FlooNoC/hw/floo_burst_splitter_gran.sv(208): Could not find field/method name (b) in 'axi_b' of 'mst_floo_rsp_i.rsp.axi_b.b.resp'.
# ** Error (suppressible): (vopt-13276) /home/socmipo2/workspace_soc_daml/FlooNoC/hw/floo_burst_splitter_gran.sv(227): Could not find field/method name (w) in 'axi_w' of 'slv_req.req.axi_w.w'.
# ** Error (suppressible): (vopt-13276) /home/socmipo2/workspace_soc_daml/FlooNoC/hw/floo_burst_splitter_gran.sv(233): Could not find field/method name (w) in 'axi_w' of 'slv_req.req.axi_w.w.last'.
# ** Error (suppressible): (vopt-13276) /home/socmipo2/workspace_soc_daml/FlooNoC/hw/floo_burst_splitter_gran.sv(283): Could not find field/method name (b) in 'axi_b' of 'mst_floo_rsp_i.rsp.axi_b.b'.
# ** Error (suppressible): (vopt-13276) /home/socmipo2/workspace_soc_daml/FlooNoC/hw/floo_burst_splitter_gran.sv(200): Could not find field/method name (aw) in 'axi_aw' of 'slv_req.req.axi_aw.aw'.
# ** Error (suppressible): (vopt-13276) /home/socmipo2/workspace_soc_daml/FlooNoC/hw/floo_burst_splitter_gran.sv(206): Could not find field/method name (b) in 'axi_b' of 'mst_floo_rsp_i.rsp.axi_b.b.id'.
# ** Error (suppressible): (vopt-13276) /home/socmipo2/workspace_soc_daml/FlooNoC/hw/floo_burst_splitter_gran.sv(208): Could not find field/method name (b) in 'axi_b' of 'mst_floo_rsp_i.rsp.axi_b.b.resp'.
# ** Error (suppressible): (vopt-13276) /home/socmipo2/workspace_soc_daml/FlooNoC/hw/floo_burst_splitter_gran.sv(227): Could not find field/method name (w) in 'axi_w' of 'slv_req.req.axi_w.w'.
# ** Error (suppressible): (vopt-13276) /home/socmipo2/workspace_soc_daml/FlooNoC/hw/floo_burst_splitter_gran.sv(233): Could not find field/method name (w) in 'axi_w' of 'slv_req.req.axi_w.w.last'.
# ** Error (suppressible): (vopt-13276) /home/socmipo2/workspace_soc_daml/FlooNoC/hw/floo_burst_splitter_gran.sv(283): Could not find field/method name (b) in 'axi_b' of 'mst_floo_rsp_i.rsp.axi_b.b'.
# ** Error (suppressible): (vopt-13276) /home/socmipo2/workspace_soc_daml/FlooNoC/hw/floo_burst_splitter_gran.sv(200): Could not find field/method name (aw) in 'axi_aw' of 'slv_req.req.axi_aw.aw'.
# ** Error (suppressible): (vopt-13276) /home/socmipo2/workspace_soc_daml/FlooNoC/hw/floo_burst_splitter_gran.sv(206): Could not find field/method name (b) in 'axi_b' of 'mst_floo_rsp_i.rsp.axi_b.b.id'.
# ** Error (suppressible): (vopt-13276) /home/socmipo2/workspace_soc_daml/FlooNoC/hw/floo_burst_splitter_gran.sv(208): Could not find field/method name (b) in 'axi_b' of 'mst_floo_rsp_i.rsp.axi_b.b.resp'.
# ** Error (suppressible): (vopt-13276) /home/socmipo2/workspace_soc_daml/FlooNoC/hw/floo_burst_splitter_gran.sv(227): Could not find field/method name (w) in 'axi_w' of 'slv_req.req.axi_w.w'.
# ** Error (suppressible): (vopt-13276) /home/socmipo2/workspace_soc_daml/FlooNoC/hw/floo_burst_splitter_gran.sv(233): Could not find field/method name (w) in 'axi_w' of 'slv_req.req.axi_w.w.last'.
# ** Error (suppressible): (vopt-13276) /home/socmipo2/workspace_soc_daml/FlooNoC/hw/floo_burst_splitter_gran.sv(283): Could not find field/method name (b) in 'axi_b' of 'mst_floo_rsp_i.rsp.axi_b.b'.
# ** Error (suppressible): (vopt-13276) /home/socmipo2/workspace_soc_daml/FlooNoC/hw/floo_burst_splitter_gran.sv(200): Could not find field/method name (aw) in 'axi_aw' of 'slv_req.req.axi_aw.aw'.
# ** Error (suppressible): (vopt-13276) /home/socmipo2/workspace_soc_daml/FlooNoC/hw/floo_burst_splitter_gran.sv(206): Could not find field/method name (b) in 'axi_b' of 'mst_floo_rsp_i.rsp.axi_b.b.id'.
# ** Error (suppressible): (vopt-13276) /home/socmipo2/workspace_soc_daml/FlooNoC/hw/floo_burst_splitter_gran.sv(208): Could not find field/method name (b) in 'axi_b' of 'mst_floo_rsp_i.rsp.axi_b.b.resp'.
# ** Error (suppressible): (vopt-13276) /home/socmipo2/workspace_soc_daml/FlooNoC/hw/floo_burst_splitter_gran.sv(227): Could not find field/method name (w) in 'axi_w' of 'slv_req.req.axi_w.w'.
# ** Error (suppressible): (vopt-13276) /home/socmipo2/workspace_soc_daml/FlooNoC/hw/floo_burst_splitter_gran.sv(233): Could not find field/method name (w) in 'axi_w' of 'slv_req.req.axi_w.w.last'.
# ** Error (suppressible): (vopt-13276) /home/socmipo2/workspace_soc_daml/FlooNoC/hw/floo_burst_splitter_gran.sv(283): Could not find field/method name (b) in 'axi_b' of 'mst_floo_rsp_i.rsp.axi_b.b'.
# ** Error (suppressible): (vopt-13276) /home/socmipo2/workspace_soc_daml/FlooNoC/hw/floo_burst_splitter_gran.sv(200): Could not find field/method name (aw) in 'axi_aw' of 'slv_req.req.axi_aw.aw'.
# ** Error (suppressible): (vopt-13276) /home/socmipo2/workspace_soc_daml/FlooNoC/hw/floo_burst_splitter_gran.sv(206): Could not find field/method name (b) in 'axi_b' of 'mst_floo_rsp_i.rsp.axi_b.b.id'.
# ** Error (suppressible): (vopt-13276) /home/socmipo2/workspace_soc_daml/FlooNoC/hw/floo_burst_splitter_gran.sv(208): Could not find field/method name (b) in 'axi_b' of 'mst_floo_rsp_i.rsp.axi_b.b.resp'.
# ** Error (suppressible): (vopt-13276) /home/socmipo2/workspace_soc_daml/FlooNoC/hw/floo_burst_splitter_gran.sv(227): Could not find field/method name (w) in 'axi_w' of 'slv_req.req.axi_w.w'.
# ** Error (suppressible): (vopt-13276) /home/socmipo2/workspace_soc_daml/FlooNoC/hw/floo_burst_splitter_gran.sv(233): Could not find field/method name (w) in 'axi_w' of 'slv_req.req.axi_w.w.last'.
# ** Error (suppressible): (vopt-13276) /home/socmipo2/workspace_soc_daml/FlooNoC/hw/floo_burst_splitter_gran.sv(283): Could not find field/method name (b) in 'axi_b' of 'mst_floo_rsp_i.rsp.axi_b.b'.
# ** Error (suppressible): (vopt-13276) /home/socmipo2/workspace_soc_daml/FlooNoC/hw/floo_burst_splitter_gran.sv(200): Could not find field/method name (aw) in 'axi_aw' of 'slv_req.req.axi_aw.aw'.
# ** Error (suppressible): (vopt-13276) /home/socmipo2/workspace_soc_daml/FlooNoC/hw/floo_burst_splitter_gran.sv(206): Could not find field/method name (b) in 'axi_b' of 'mst_floo_rsp_i.rsp.axi_b.b.id'.
# ** Error (suppressible): (vopt-13276) /home/socmipo2/workspace_soc_daml/FlooNoC/hw/floo_burst_splitter_gran.sv(208): Could not find field/method name (b) in 'axi_b' of 'mst_floo_rsp_i.rsp.axi_b.b.resp'.
# ** Error (suppressible): (vopt-13276) /home/socmipo2/workspace_soc_daml/FlooNoC/hw/floo_burst_splitter_gran.sv(227): Could not find field/method name (w) in 'axi_w' of 'slv_req.req.axi_w.w'.
# ** Error (suppressible): (vopt-13276) /home/socmipo2/workspace_soc_daml/FlooNoC/hw/floo_burst_splitter_gran.sv(233): Could not find field/method name (w) in 'axi_w' of 'slv_req.req.axi_w.w.last'.
# ** Error (suppressible): (vopt-13276) /home/socmipo2/workspace_soc_daml/FlooNoC/hw/floo_burst_splitter_gran.sv(283): Could not find field/method name (b) in 'axi_b' of 'mst_floo_rsp_i.rsp.axi_b.b'.
# ** Error: (vopt-2064) Compiler back-end code generation process terminated with code 2.
# Error loading design
# End time: 13:00:29 on Jun 15,2026, Elapsed time: 0:00:03
# Errors: 121, Warnings: 20, Suppressed Warnings: 195
